******************************************************************************
            TI ARM Clang Linker PC v4.0.4                      
******************************************************************************
>> Linked Mon Mar 30 22:30:59 2026

OUTPUT FILE NAME:   <gpio_toggle_output.out>
ENTRY POINT SYMBOL: "_c_int00_noinit_noargs"  address: 00000441


MEMORY CONFIGURATION

         name            origin    length      used     unused   attr    fill
----------------------  --------  ---------  --------  --------  ----  --------
  FLASH                 00000000   00020000  00000520  0001fae0  R  X
  SRAM                  20200000   00008000  00000200  00007e00  RW X
  BCR_CONFIG            41c00000   000000ff  00000000  000000ff  R   
  BSL_CONFIG            41c00100   00000080  00000000  00000080  R   


SEGMENT ALLOCATION MAP

run origin  load origin   length   init length attrs members
----------  ----------- ---------- ----------- ----- -------
00000000    00000000    00000520   00000520    r-x
  00000000    00000000    000000c0   000000c0    r-- .intvecs
  000000c0    000000c0    00000450   00000450    r-x .text
  00000510    00000510    00000010   00000010    r-- .rodata
20207e00    20207e00    00000200   00000000    rw-
  20207e00    20207e00    00000200   00000000    rw- .stack


SECTION ALLOCATION MAP

 output                                  attributes/
section   page    origin      length       input sections
--------  ----  ----------  ----------   ----------------
.intvecs   0    00000000    000000c0     
                  00000000    000000c0     startup_mspm0g350x_ticlang.o (.intvecs)

.text      0    000000c0    00000450     
                  000000c0    00000104     driverlib.a : dl_timer.o (.text.DL_Timer_initFourCCPWMMode)
                  000001c4    0000008c     ti_msp_dl_config.o (.text.SYSCFG_DL_PWM_MOTOR_init)
                  00000250    00000084     ti_msp_dl_config.o (.text.SYSCFG_DL_GPIO_init)
                  000002d4    00000060     motor.o (.text.Set_Motor_Speed_Left)
                  00000334    00000060     motor.o (.text.Set_Motor_Speed_Right)
                  00000394    00000048     gpio_toggle_output.o (.text.main)
                  000003dc    00000034     ti_msp_dl_config.o (.text.SYSCFG_DL_initPower)
                  00000410    00000030     ti_msp_dl_config.o (.text.SYSCFG_DL_SYSCTL_init)
                  00000440    00000020     libc.a : boot_cortex_m.c.obj (.text:_c_int00_noinit_noargs)
                  00000460    0000001c     driverlib.a : dl_timer.o (.text.DL_Timer_setCaptCompUpdateMethod)
                  0000047c    0000001c                 : dl_timer.o (.text.DL_Timer_setClockConfig)
                  00000498    0000001c     motor.o (.text.Motor_Init)
                  000004b4    00000018     driverlib.a : dl_timer.o (.text.DL_Timer_setCaptureCompareOutCtl)
                  000004cc    00000014     ti_msp_dl_config.o (.text.SYSCFG_DL_init)
                  000004e0    00000010     driverlib.a : dl_timer.o (.text.DL_Timer_setCaptureCompareValue)
                  000004f0    0000000a                 : dl_common.o (.text.DL_Common_delayCycles)
                  000004fa    00000006     libc.a : exit.c.obj (.text:abort)
                  00000500    00000004     libsysbm.a : hostexit.c.obj (.text.HOSTexit)
                  00000504    00000004     startup_mspm0g350x_ticlang.o (.text.Reset_Handler)
                  00000508    00000004     libc.a : pre_init.c.obj (.text._system_pre_init)
                  0000050c    00000002     startup_mspm0g350x_ticlang.o (.text.Default_Handler)
                  0000050e    00000002     --HOLE-- [fill = 0]

.cinit     0    00000000    00000000     

.rodata    0    00000510    00000010     
                  00000510    00000008     ti_msp_dl_config.o (.rodata.gPWM_MOTORConfig)
                  00000518    00000003     ti_msp_dl_config.o (.rodata.gPWM_MOTORClockConfig)
                  0000051b    00000005     --HOLE-- [fill = 0]

.init_array 
*          0    00000000    00000000     UNINITIALIZED

.binit     0    00000000    00000000     

.stack     0    20207e00    00000200     UNINITIALIZED
                  20207e00    00000004     libc.a : boot_cortex_m.c.obj (.stack)
                  20207e04    000001fc     --HOLE--

__llvm_prf_cnts 
*          0    20200000    00000000     UNINITIALIZED

__llvm_prf_bits 
*          0    20200000    00000000     UNINITIALIZED

MODULE SUMMARY

       Module                         code   ro data   rw data
       ------                         ----   -------   -------
    .\
       ti_msp_dl_config.o             392    11        0      
       motor.o                        220    0         0      
       startup_mspm0g350x_ticlang.o   6      192       0      
       gpio_toggle_output.o           72     0         0      
    +--+------------------------------+------+---------+---------+
       Total:                         690    203       0      
                                                              
    C:/TI/mspm0_sdk_2_10_00_04/source/ti/driverlib/lib/ticlang/m0p/mspm0g1x0x_g3x0x/driverlib.a
       dl_timer.o                     356    0         0      
       dl_common.o                    10     0         0      
    +--+------------------------------+------+---------+---------+
       Total:                         366    0         0      
                                                              
    D:\TMX_ENVSET\ccs\tools\compiler\ti-cgt-armllvm_4.0.4.LTS\lib\armv6m-ti-none-eabi/c/libc.a
       boot_cortex_m.c.obj            32     0         0      
       exit.c.obj                     6      0         0      
       pre_init.c.obj                 4      0         0      
    +--+------------------------------+------+---------+---------+
       Total:                         42     0         0      
                                                              
    D:\TMX_ENVSET\ccs\tools\compiler\ti-cgt-armllvm_4.0.4.LTS\lib\armv6m-ti-none-eabi/c/libsysbm.a
       hostexit.c.obj                 4      0         0      
    +--+------------------------------+------+---------+---------+
       Total:                         4      0         0      
                                                              
       Stack:                         0      0         512    
    +--+------------------------------+------+---------+---------+
       Grand Total:                   1102   203       512    


GLOBAL SYMBOLS: SORTED ALPHABETICALLY BY Name 

address   name                            
-------   ----                            
0000050d  ADC0_IRQHandler                 
0000050d  ADC1_IRQHandler                 
0000050d  AES_IRQHandler                  
00000500  C$$EXIT                         
0000050d  CANFD0_IRQHandler               
0000050d  DAC0_IRQHandler                 
000004f1  DL_Common_delayCycles           
000000c1  DL_Timer_initFourCCPWMMode      
00000461  DL_Timer_setCaptCompUpdateMethod
000004b5  DL_Timer_setCaptureCompareOutCtl
000004e1  DL_Timer_setCaptureCompareValue 
0000047d  DL_Timer_setClockConfig         
0000050d  DMA_IRQHandler                  
0000050d  Default_Handler                 
0000050d  GROUP0_IRQHandler               
0000050d  GROUP1_IRQHandler               
00000501  HOSTexit                        
0000050d  HardFault_Handler               
0000050d  I2C0_IRQHandler                 
0000050d  I2C1_IRQHandler                 
00000499  Motor_Init                      
0000050d  NMI_Handler                     
0000050d  PendSV_Handler                  
0000050d  RTC_IRQHandler                  
00000505  Reset_Handler                   
0000050d  SPI0_IRQHandler                 
0000050d  SPI1_IRQHandler                 
0000050d  SVC_Handler                     
00000251  SYSCFG_DL_GPIO_init             
000001c5  SYSCFG_DL_PWM_MOTOR_init        
00000411  SYSCFG_DL_SYSCTL_init           
000004cd  SYSCFG_DL_init                  
000003dd  SYSCFG_DL_initPower             
000002d5  Set_Motor_Speed_Left            
00000335  Set_Motor_Speed_Right           
0000050d  SysTick_Handler                 
0000050d  TIMA0_IRQHandler                
0000050d  TIMA1_IRQHandler                
0000050d  TIMG0_IRQHandler                
0000050d  TIMG12_IRQHandler               
0000050d  TIMG6_IRQHandler                
0000050d  TIMG7_IRQHandler                
0000050d  TIMG8_IRQHandler                
0000050d  UART0_IRQHandler                
0000050d  UART1_IRQHandler                
0000050d  UART2_IRQHandler                
0000050d  UART3_IRQHandler                
20208000  __STACK_END                     
00000200  __STACK_SIZE                    
00000000  __TI_ATRegion0_region_sz        
00000000  __TI_ATRegion0_src_addr         
00000000  __TI_ATRegion0_trg_addr         
00000000  __TI_ATRegion1_region_sz        
00000000  __TI_ATRegion1_src_addr         
00000000  __TI_ATRegion1_trg_addr         
00000000  __TI_ATRegion2_region_sz        
00000000  __TI_ATRegion2_src_addr         
00000000  __TI_ATRegion2_trg_addr         
00000000  __TI_CINIT_Base                 
00000000  __TI_CINIT_Limit                
00000000  __TI_CINIT_Warm                 
ffffffff  __TI_pprof_out_hndl             
ffffffff  __TI_prof_data_size             
ffffffff  __TI_prof_data_start            
00000000  __TI_static_base__              
ffffffff  __binit__                       
UNDEFED   __mpu_init                      
20207e00  __stack                         
20200000  __start___llvm_prf_bits         
20200000  __start___llvm_prf_cnts         
20200000  __stop___llvm_prf_bits          
20200000  __stop___llvm_prf_cnts          
00000441  _c_int00_noinit_noargs          
00000509  _system_pre_init                
000004fb  abort                           
ffffffff  binit                           
00000000  interruptVectors                
00000395  main                            


GLOBAL SYMBOLS: SORTED BY Symbol Address 

address   name                            
-------   ----                            
00000000  __TI_ATRegion0_region_sz        
00000000  __TI_ATRegion0_src_addr         
00000000  __TI_ATRegion0_trg_addr         
00000000  __TI_ATRegion1_region_sz        
00000000  __TI_ATRegion1_src_addr         
00000000  __TI_ATRegion1_trg_addr         
00000000  __TI_ATRegion2_region_sz        
00000000  __TI_ATRegion2_src_addr         
00000000  __TI_ATRegion2_trg_addr         
00000000  __TI_CINIT_Base                 
00000000  __TI_CINIT_Limit                
00000000  __TI_CINIT_Warm                 
00000000  __TI_static_base__              
00000000  interruptVectors                
000000c1  DL_Timer_initFourCCPWMMode      
000001c5  SYSCFG_DL_PWM_MOTOR_init        
00000200  __STACK_SIZE                    
00000251  SYSCFG_DL_GPIO_init             
000002d5  Set_Motor_Speed_Left            
00000335  Set_Motor_Speed_Right           
00000395  main                            
000003dd  SYSCFG_DL_initPower             
00000411  SYSCFG_DL_SYSCTL_init           
00000441  _c_int00_noinit_noargs          
00000461  DL_Timer_setCaptCompUpdateMethod
0000047d  DL_Timer_setClockConfig         
00000499  Motor_Init                      
000004b5  DL_Timer_setCaptureCompareOutCtl
000004cd  SYSCFG_DL_init                  
000004e1  DL_Timer_setCaptureCompareValue 
000004f1  DL_Common_delayCycles           
000004fb  abort                           
00000500  C$$EXIT                         
00000501  HOSTexit                        
00000505  Reset_Handler                   
00000509  _system_pre_init                
0000050d  ADC0_IRQHandler                 
0000050d  ADC1_IRQHandler                 
0000050d  AES_IRQHandler                  
0000050d  CANFD0_IRQHandler               
0000050d  DAC0_IRQHandler                 
0000050d  DMA_IRQHandler                  
0000050d  Default_Handler                 
0000050d  GROUP0_IRQHandler               
0000050d  GROUP1_IRQHandler               
0000050d  HardFault_Handler               
0000050d  I2C0_IRQHandler                 
0000050d  I2C1_IRQHandler                 
0000050d  NMI_Handler                     
0000050d  PendSV_Handler                  
0000050d  RTC_IRQHandler                  
0000050d  SPI0_IRQHandler                 
0000050d  SPI1_IRQHandler                 
0000050d  SVC_Handler                     
0000050d  SysTick_Handler                 
0000050d  TIMA0_IRQHandler                
0000050d  TIMA1_IRQHandler                
0000050d  TIMG0_IRQHandler                
0000050d  TIMG12_IRQHandler               
0000050d  TIMG6_IRQHandler                
0000050d  TIMG7_IRQHandler                
0000050d  TIMG8_IRQHandler                
0000050d  UART0_IRQHandler                
0000050d  UART1_IRQHandler                
0000050d  UART2_IRQHandler                
0000050d  UART3_IRQHandler                
20200000  __start___llvm_prf_bits         
20200000  __start___llvm_prf_cnts         
20200000  __stop___llvm_prf_bits          
20200000  __stop___llvm_prf_cnts          
20207e00  __stack                         
20208000  __STACK_END                     
ffffffff  __TI_pprof_out_hndl             
ffffffff  __TI_prof_data_size             
ffffffff  __TI_prof_data_start            
ffffffff  __binit__                       
ffffffff  binit                           
UNDEFED   __mpu_init                      

[78 symbols]
