******************************************************************************
            TI ARM Clang Linker PC v4.0.4                      
******************************************************************************
>> Linked Fri Apr  3 19:17:50 2026

OUTPUT FILE NAME:   <gpio_toggle_output.out>
ENTRY POINT SYMBOL: "_c_int00_noargs"  address: 00000d49


MEMORY CONFIGURATION

         name            origin    length      used     unused   attr    fill
----------------------  --------  ---------  --------  --------  ----  --------
  FLASH                 00000000   00020000  00000f00  0001f100  R  X
  SRAM                  20200000   00008000  000002f0  00007d10  RW X
  BCR_CONFIG            41c00000   000000ff  00000000  000000ff  R   
  BSL_CONFIG            41c00100   00000080  00000000  00000080  R   


SEGMENT ALLOCATION MAP

run origin  load origin   length   init length attrs members
----------  ----------- ---------- ----------- ----- -------
00000000    00000000    00000f00   00000f00    r-x
  00000000    00000000    000000c0   000000c0    r-- .intvecs
  000000c0    000000c0    00000de8   00000de8    r-x .text
  00000ea8    00000ea8    00000028   00000028    r-- .rodata
  00000ed0    00000ed0    00000030   00000030    r-- .cinit
20200000    20200000    000000f0   00000000    rw-
  20200000    20200000    000000ec   00000000    rw- .bss
  202000ec    202000ec    00000004   00000000    rw- .data
20207e00    20207e00    00000200   00000000    rw-
  20207e00    20207e00    00000200   00000000    rw- .stack


SECTION ALLOCATION MAP

 output                                  attributes/
section   page    origin      length       input sections
--------  ----  ----------  ----------   ----------------
.intvecs   0    00000000    000000c0     
                  00000000    000000c0     startup_mspm0g350x_ticlang.o (.intvecs)

.text      0    000000c0    00000de8     
                  000000c0    00000180     sensor.o (.text.Sensor_Get_Error)
                  00000240    00000104     driverlib.a : dl_timer.o (.text.DL_Timer_initFourCCPWMMode)
                  00000344    000000fc                 : dl_timer.o (.text.DL_Timer_initTimerMode)
                  00000440    000000d8     libclang_rt.builtins.a : addsf3.S.obj (.text)
                  00000518    000000bc     pid.o (.text.PID_Calc_Positional)
                  000005d4    0000009a     libc.a : memcpy16.S.obj (.text:memcpy)
                  0000066e    00000002     startup_mspm0g350x_ticlang.o (.text.Default_Handler)
                  00000670    00000090     ti_msp_dl_config.o (.text.SYSCFG_DL_GPIO_init)
                  00000700    0000008c     ti_msp_dl_config.o (.text.SYSCFG_DL_PWM_MOTOR_init)
                  0000078c    0000008c     libclang_rt.builtins.a : mulsf3.S.obj (.text.__mulsf3)
                  00000818    00000082                            : divsf3.S.obj (.text.__divsf3)
                  0000089a    00000002     --HOLE-- [fill = 0]
                  0000089c    0000007c     libc.a : copy_decompress_lzss.c.obj (.text:decompress:lzss)
                  00000918    00000062     libclang_rt.builtins.a : aeabi_fcmp.S.obj (.text.__aeabi_fcmp)
                  0000097a    00000002     --HOLE-- [fill = 0]
                  0000097c    00000060     motor.o (.text.Set_Motor_Speed_Left)
                  000009dc    00000060     motor.o (.text.Set_Motor_Speed_Right)
                  00000a3c    00000048     control.o (.text.Control_Init)
                  00000a84    00000048     ti_msp_dl_config.o (.text.SYSCFG_DL_initPower)
                  00000acc    0000003c     libclang_rt.builtins.a : floatsisf.S.obj (.text.__floatsisf)
                  00000b08    0000003c                            : comparesf2.S.obj (.text.__gtsf2)
                  00000b44    0000003c     libc.a : autoinit.c.obj (.text:__TI_auto_init_nobinit_nopinit)
                  00000b80    0000003a     libclang_rt.builtins.a : comparesf2.S.obj (.text.__eqsf2)
                  00000bba    00000002     --HOLE-- [fill = 0]
                  00000bbc    0000003a                            : muldsi3.S.obj (.text.__muldsi3)
                  00000bf6    00000002     --HOLE-- [fill = 0]
                  00000bf8    00000038     ti_msp_dl_config.o (.text.SYSCFG_DL_TIMER_0_init)
                  00000c30    00000038     libclang_rt.builtins.a : fixsfsi.S.obj (.text.__fixsfsi)
                  00000c68    00000030     control.o (.text.Control_Loop)
                  00000c98    00000030     ti_msp_dl_config.o (.text.SYSCFG_DL_I2C_0_init)
                  00000cc8    00000030     ti_msp_dl_config.o (.text.SYSCFG_DL_SYSCTL_init)
                  00000cf8    00000028     ti_msp_dl_config.o (.text.SYSCFG_DL_init)
                  00000d20    00000028     gpio_toggle_output.o (.text.main)
                  00000d48    00000028     libc.a : boot_cortex_m.c.obj (.text:_c_int00_noargs)
                  00000d70    00000026     driverlib.a : dl_i2c.o (.text.DL_I2C_setClockConfig)
                  00000d96    00000002     --HOLE-- [fill = 0]
                  00000d98    0000001c                 : dl_timer.o (.text.DL_Timer_setCaptCompUpdateMethod)
                  00000db4    0000001c                 : dl_timer.o (.text.DL_Timer_setClockConfig)
                  00000dd0    0000001c     motor.o (.text.Motor_Init)
                  00000dec    00000018     driverlib.a : dl_timer.o (.text.DL_Timer_setCaptureCompareOutCtl)
                  00000e04    00000018     gpio_toggle_output.o (.text.TIMA0_IRQHandler)
                  00000e1c    00000016     pid.o (.text.PID_Init)
                  00000e32    00000016     libc.a : copy_zero_init.c.obj (.text:decompress:ZI:__TI_zero_init_nomemset)
                  00000e48    00000012            : copy_decompress_none.c.obj (.text:decompress:none)
                  00000e5a    00000002     --HOLE-- [fill = 0]
                  00000e5c    00000010     driverlib.a : dl_timer.o (.text.DL_Timer_setCaptureCompareValue)
                  00000e6c    00000010     pid.o (.text.PID_Clear)
                  00000e7c    0000000a     driverlib.a : dl_common.o (.text.DL_Common_delayCycles)
                  00000e86    00000002     --HOLE-- [fill = 0]
                  00000e88    00000008     libclang_rt.builtins.a : aeabi_memcpy.S.obj (.text.__aeabi_memcpy)
                  00000e90    00000006     libc.a : exit.c.obj (.text:abort)
                  00000e96    00000004     libsysbm.a : hostexit.c.obj (.text.HOSTexit)
                  00000e9a    00000004     startup_mspm0g350x_ticlang.o (.text.Reset_Handler)
                  00000e9e    00000004     libc.a : pre_init.c.obj (.text._system_pre_init)
                  00000ea2    00000006     --HOLE-- [fill = 0]

.cinit     0    00000ed0    00000030     
                  00000ed0    0000000c     (__TI_handler_table)
                  00000edc    00000008     (.cinit..bss.load) [load image, compression = zero_init]
                  00000ee4    00000007     (.cinit..data.load) [load image, compression = lzss]
                  00000eeb    00000001     --HOLE-- [fill = 0]
                  00000eec    00000010     (__TI_cinit_table)
                  00000efc    00000004     --HOLE-- [fill = 0]

.rodata    0    00000ea8    00000028     
                  00000ea8    00000014     ti_msp_dl_config.o (.rodata.gTIMER_0TimerConfig)
                  00000ebc    00000008     ti_msp_dl_config.o (.rodata.gPWM_MOTORConfig)
                  00000ec4    00000003     ti_msp_dl_config.o (.rodata.gPWM_MOTORClockConfig)
                  00000ec7    00000003     ti_msp_dl_config.o (.rodata.gTIMER_0ClockConfig)
                  00000eca    00000002     ti_msp_dl_config.o (.rodata.gI2C_0ClockConfig)
                  00000ecc    00000004     --HOLE-- [fill = 0]

.init_array 
*          0    00000000    00000000     UNINITIALIZED

.binit     0    00000000    00000000     

.bss       0    20200000    000000ec     UNINITIALIZED
                  20200000    000000bc     (.common:gTIMER_0Backup)
                  202000bc    00000030     (.common:pid_line_track)

.data      0    202000ec    00000004     UNINITIALIZED
                  202000ec    00000004     sensor.o (.data.Sensor_Get_Error.last_valid_error)

.stack     0    20207e00    00000200     UNINITIALIZED
                  20207e00    00000004     libc.a : boot_cortex_m.c.obj (.stack)
                  20207e04    000001fc     --HOLE--

__llvm_prf_cnts 
*          0    20200000    00000000     UNINITIALIZED

__llvm_prf_bits 
*          0    20200000    00000000     UNINITIALIZED

MODULE SUMMARY

       Module                         code   ro data   rw data
       ------                         ----   -------   -------
    .\
       ti_msp_dl_config.o             548    36        188    
       sensor.o                       384    0         4      
       pid.o                          226    0         0      
       motor.o                        220    0         0      
       startup_mspm0g350x_ticlang.o   6      192       0      
       control.o                      120    0         48     
       gpio_toggle_output.o           64     0         0      
    +--+------------------------------+------+---------+---------+
       Total:                         1568   228       240    
                                                              
    C:/TI/mspm0_sdk_2_10_00_04/source/ti/driverlib/lib/ticlang/m0p/mspm0g1x0x_g3x0x/driverlib.a
       dl_timer.o                     608    0         0      
       dl_i2c.o                       38     0         0      
       dl_common.o                    10     0         0      
    +--+------------------------------+------+---------+---------+
       Total:                         656    0         0      
                                                              
    D:\CCS\ccs\tools\compiler\ti-cgt-armllvm_4.0.4.LTS\lib\armv6m-ti-none-eabi/c/libc.a
       memcpy16.S.obj                 154    0         0      
       copy_decompress_lzss.c.obj     124    0         0      
       autoinit.c.obj                 60     0         0      
       boot_cortex_m.c.obj            40     0         0      
       copy_zero_init.c.obj           22     0         0      
       copy_decompress_none.c.obj     18     0         0      
       exit.c.obj                     6      0         0      
       pre_init.c.obj                 4      0         0      
    +--+------------------------------+------+---------+---------+
       Total:                         428    0         0      
                                                              
    D:\CCS\ccs\tools\compiler\ti-cgt-armllvm_4.0.4.LTS\lib\armv6m-ti-none-eabi/c/libsysbm.a
       hostexit.c.obj                 4      0         0      
    +--+------------------------------+------+---------+---------+
       Total:                         4      0         0      
                                                              
    D:\CCS\ccs\tools\compiler\ti-cgt-armllvm_4.0.4.LTS\lib\armv6m-ti-none-eabi/libclang_rt.builtins.a
       addsf3.S.obj                   216    0         0      
       mulsf3.S.obj                   140    0         0      
       divsf3.S.obj                   130    0         0      
       comparesf2.S.obj               118    0         0      
       aeabi_fcmp.S.obj               98     0         0      
       floatsisf.S.obj                60     0         0      
       muldsi3.S.obj                  58     0         0      
       fixsfsi.S.obj                  56     0         0      
       aeabi_memcpy.S.obj             8      0         0      
    +--+------------------------------+------+---------+---------+
       Total:                         884    0         0      
                                                              
       Stack:                         0      0         512    
       Linker Generated:              0      43        0      
    +--+------------------------------+------+---------+---------+
       Grand Total:                   3540   271       752    


LINKER GENERATED COPY TABLES

__TI_cinit_table @ 00000eec records: 2, size/record: 8, table size: 16
	.bss: load addr=00000edc, load size=00000008 bytes, run addr=20200000, run size=000000ec bytes, compression=zero_init
	.data: load addr=00000ee4, load size=00000007 bytes, run addr=202000ec, run size=00000004 bytes, compression=lzss


LINKER GENERATED HANDLER TABLE

__TI_handler_table @ 00000ed0 records: 3, size/record: 4, table size: 12
	index: 0, handler: __TI_decompress_lzss
	index: 1, handler: __TI_decompress_none
	index: 2, handler: __TI_zero_init


GLOBAL SYMBOLS: SORTED ALPHABETICALLY BY Name 

address   name                            
-------   ----                            
0000066f  ADC0_IRQHandler                 
0000066f  ADC1_IRQHandler                 
0000066f  AES_IRQHandler                  
00000e96  C$$EXIT                         
0000066f  CANFD0_IRQHandler               
00000a3d  Control_Init                    
00000c69  Control_Loop                    
0000066f  DAC0_IRQHandler                 
00000e7d  DL_Common_delayCycles           
00000d71  DL_I2C_setClockConfig           
00000241  DL_Timer_initFourCCPWMMode      
00000345  DL_Timer_initTimerMode          
00000d99  DL_Timer_setCaptCompUpdateMethod
00000ded  DL_Timer_setCaptureCompareOutCtl
00000e5d  DL_Timer_setCaptureCompareValue 
00000db5  DL_Timer_setClockConfig         
0000066f  DMA_IRQHandler                  
0000066f  Default_Handler                 
0000066f  GROUP0_IRQHandler               
0000066f  GROUP1_IRQHandler               
00000e97  HOSTexit                        
0000066f  HardFault_Handler               
0000066f  I2C0_IRQHandler                 
0000066f  I2C1_IRQHandler                 
00000dd1  Motor_Init                      
0000066f  NMI_Handler                     
00000519  PID_Calc_Positional             
00000e6d  PID_Clear                       
00000e1d  PID_Init                        
0000066f  PendSV_Handler                  
0000066f  RTC_IRQHandler                  
00000e9b  Reset_Handler                   
0000066f  SPI0_IRQHandler                 
0000066f  SPI1_IRQHandler                 
0000066f  SVC_Handler                     
00000671  SYSCFG_DL_GPIO_init             
00000c99  SYSCFG_DL_I2C_0_init            
00000701  SYSCFG_DL_PWM_MOTOR_init        
00000cc9  SYSCFG_DL_SYSCTL_init           
00000bf9  SYSCFG_DL_TIMER_0_init          
00000cf9  SYSCFG_DL_init                  
00000a85  SYSCFG_DL_initPower             
000000c1  Sensor_Get_Error                
0000097d  Set_Motor_Speed_Left            
000009dd  Set_Motor_Speed_Right           
0000066f  SysTick_Handler                 
00000e05  TIMA0_IRQHandler                
0000066f  TIMA1_IRQHandler                
0000066f  TIMG0_IRQHandler                
0000066f  TIMG12_IRQHandler               
0000066f  TIMG6_IRQHandler                
0000066f  TIMG7_IRQHandler                
0000066f  TIMG8_IRQHandler                
0000066f  UART0_IRQHandler                
0000066f  UART1_IRQHandler                
0000066f  UART2_IRQHandler                
0000066f  UART3_IRQHandler                
20208000  __STACK_END                     
00000200  __STACK_SIZE                    
00000000  __TI_ATRegion0_region_sz        
00000000  __TI_ATRegion0_src_addr         
00000000  __TI_ATRegion0_trg_addr         
00000000  __TI_ATRegion1_region_sz        
00000000  __TI_ATRegion1_src_addr         
00000000  __TI_ATRegion1_trg_addr         
00000000  __TI_ATRegion2_region_sz        
00000000  __TI_ATRegion2_src_addr         
00000000  __TI_ATRegion2_trg_addr         
00000eec  __TI_CINIT_Base                 
00000efc  __TI_CINIT_Limit                
00000efc  __TI_CINIT_Warm                 
00000ed0  __TI_Handler_Table_Base         
00000edc  __TI_Handler_Table_Limit        
00000b45  __TI_auto_init_nobinit_nopinit  
0000089d  __TI_decompress_lzss            
00000e49  __TI_decompress_none            
ffffffff  __TI_pprof_out_hndl             
ffffffff  __TI_prof_data_size             
ffffffff  __TI_prof_data_start            
00000000  __TI_static_base__              
00000e33  __TI_zero_init_nomemset         
0000044b  __addsf3                        
00000c31  __aeabi_f2iz                    
0000044b  __aeabi_fadd                    
00000919  __aeabi_fcmpeq                  
00000955  __aeabi_fcmpge                  
00000969  __aeabi_fcmpgt                  
00000941  __aeabi_fcmple                  
0000092d  __aeabi_fcmplt                  
00000819  __aeabi_fdiv                    
0000078d  __aeabi_fmul                    
00000441  __aeabi_fsub                    
00000acd  __aeabi_i2f                     
00000e89  __aeabi_memcpy                  
00000e89  __aeabi_memcpy4                 
00000e89  __aeabi_memcpy8                 
ffffffff  __binit__                       
00000b81  __cmpsf2                        
00000819  __divsf3                        
00000b81  __eqsf2                         
00000c31  __fixsfsi                       
00000acd  __floatsisf                     
00000b09  __gesf2                         
00000b09  __gtsf2                         
00000b81  __lesf2                         
00000b81  __ltsf2                         
UNDEFED   __mpu_init                      
00000bbd  __muldsi3                       
0000078d  __mulsf3                        
00000b81  __nesf2                         
20207e00  __stack                         
20200000  __start___llvm_prf_bits         
20200000  __start___llvm_prf_cnts         
20200000  __stop___llvm_prf_bits          
20200000  __stop___llvm_prf_cnts          
00000441  __subsf3                        
00000d49  _c_int00_noargs                 
UNDEFED   _system_post_cinit              
00000e9f  _system_pre_init                
00000e91  abort                           
ffffffff  binit                           
20200000  gTIMER_0Backup                  
00000000  interruptVectors                
00000d21  main                            
000005d5  memcpy                          
202000bc  pid_line_track                  


GLOBAL SYMBOLS: SORTED BY Symbol Address 

address   name                            
-------   ----                            
00000000  __TI_ATRegion0_region_sz        
00000000  __TI_ATRegion0_src_addr         
00000000  __TI_ATRegion0_trg_addr         
00000000  __TI_ATRegion1_region_sz        
00000000  __TI_ATRegion1_src_addr         
00000000  __TI_ATRegion1_trg_addr         
00000000  __TI_ATRegion2_region_sz        
00000000  __TI_ATRegion2_src_addr         
00000000  __TI_ATRegion2_trg_addr         
00000000  __TI_static_base__              
00000000  interruptVectors                
000000c1  Sensor_Get_Error                
00000200  __STACK_SIZE                    
00000241  DL_Timer_initFourCCPWMMode      
00000345  DL_Timer_initTimerMode          
00000441  __aeabi_fsub                    
00000441  __subsf3                        
0000044b  __addsf3                        
0000044b  __aeabi_fadd                    
00000519  PID_Calc_Positional             
000005d5  memcpy                          
0000066f  ADC0_IRQHandler                 
0000066f  ADC1_IRQHandler                 
0000066f  AES_IRQHandler                  
0000066f  CANFD0_IRQHandler               
0000066f  DAC0_IRQHandler                 
0000066f  DMA_IRQHandler                  
0000066f  Default_Handler                 
0000066f  GROUP0_IRQHandler               
0000066f  GROUP1_IRQHandler               
0000066f  HardFault_Handler               
0000066f  I2C0_IRQHandler                 
0000066f  I2C1_IRQHandler                 
0000066f  NMI_Handler                     
0000066f  PendSV_Handler                  
0000066f  RTC_IRQHandler                  
0000066f  SPI0_IRQHandler                 
0000066f  SPI1_IRQHandler                 
0000066f  SVC_Handler                     
0000066f  SysTick_Handler                 
0000066f  TIMA1_IRQHandler                
0000066f  TIMG0_IRQHandler                
0000066f  TIMG12_IRQHandler               
0000066f  TIMG6_IRQHandler                
0000066f  TIMG7_IRQHandler                
0000066f  TIMG8_IRQHandler                
0000066f  UART0_IRQHandler                
0000066f  UART1_IRQHandler                
0000066f  UART2_IRQHandler                
0000066f  UART3_IRQHandler                
00000671  SYSCFG_DL_GPIO_init             
00000701  SYSCFG_DL_PWM_MOTOR_init        
0000078d  __aeabi_fmul                    
0000078d  __mulsf3                        
00000819  __aeabi_fdiv                    
00000819  __divsf3                        
0000089d  __TI_decompress_lzss            
00000919  __aeabi_fcmpeq                  
0000092d  __aeabi_fcmplt                  
00000941  __aeabi_fcmple                  
00000955  __aeabi_fcmpge                  
00000969  __aeabi_fcmpgt                  
0000097d  Set_Motor_Speed_Left            
000009dd  Set_Motor_Speed_Right           
00000a3d  Control_Init                    
00000a85  SYSCFG_DL_initPower             
00000acd  __aeabi_i2f                     
00000acd  __floatsisf                     
00000b09  __gesf2                         
00000b09  __gtsf2                         
00000b45  __TI_auto_init_nobinit_nopinit  
00000b81  __cmpsf2                        
00000b81  __eqsf2                         
00000b81  __lesf2                         
00000b81  __ltsf2                         
00000b81  __nesf2                         
00000bbd  __muldsi3                       
00000bf9  SYSCFG_DL_TIMER_0_init          
00000c31  __aeabi_f2iz                    
00000c31  __fixsfsi                       
00000c69  Control_Loop                    
00000c99  SYSCFG_DL_I2C_0_init            
00000cc9  SYSCFG_DL_SYSCTL_init           
00000cf9  SYSCFG_DL_init                  
00000d21  main                            
00000d49  _c_int00_noargs                 
00000d71  DL_I2C_setClockConfig           
00000d99  DL_Timer_setCaptCompUpdateMethod
00000db5  DL_Timer_setClockConfig         
00000dd1  Motor_Init                      
00000ded  DL_Timer_setCaptureCompareOutCtl
00000e05  TIMA0_IRQHandler                
00000e1d  PID_Init                        
00000e33  __TI_zero_init_nomemset         
00000e49  __TI_decompress_none            
00000e5d  DL_Timer_setCaptureCompareValue 
00000e6d  PID_Clear                       
00000e7d  DL_Common_delayCycles           
00000e89  __aeabi_memcpy                  
00000e89  __aeabi_memcpy4                 
00000e89  __aeabi_memcpy8                 
00000e91  abort                           
00000e96  C$$EXIT                         
00000e97  HOSTexit                        
00000e9b  Reset_Handler                   
00000e9f  _system_pre_init                
00000ed0  __TI_Handler_Table_Base         
00000edc  __TI_Handler_Table_Limit        
00000eec  __TI_CINIT_Base                 
00000efc  __TI_CINIT_Limit                
00000efc  __TI_CINIT_Warm                 
20200000  __start___llvm_prf_bits         
20200000  __start___llvm_prf_cnts         
20200000  __stop___llvm_prf_bits          
20200000  __stop___llvm_prf_cnts          
20200000  gTIMER_0Backup                  
202000bc  pid_line_track                  
20207e00  __stack                         
20208000  __STACK_END                     
ffffffff  __TI_pprof_out_hndl             
ffffffff  __TI_prof_data_size             
ffffffff  __TI_prof_data_start            
ffffffff  __binit__                       
ffffffff  binit                           
UNDEFED   __mpu_init                      
UNDEFED   _system_post_cinit              

[126 symbols]
