Component: ARM Compiler 6.16 Tool: armlink [5dfeaa00]

==============================================================================

Section Cross References

    startup_mspm0g350x_uvision.o(RESET) refers to startup_mspm0g350x_uvision.o(STACK) for __initial_sp
    startup_mspm0g350x_uvision.o(RESET) refers to startup_mspm0g350x_uvision.o(.text) for Reset_Handler
    startup_mspm0g350x_uvision.o(RESET) refers to bsp_encoder.o(.text.GROUP1_IRQHandler) for GROUP1_IRQHandler
    startup_mspm0g350x_uvision.o(RESET) refers to bsp_timer.o(.text.TIMG6_IRQHandler) for TIMG6_IRQHandler
    startup_mspm0g350x_uvision.o(RESET) refers to bsp_timer.o(.text.TIMA1_IRQHandler) for TIMA1_IRQHandler
    startup_mspm0g350x_uvision.o(.text) refers to entry.o(.ARM.Collect$$$$00000000) for __main
    ti_msp_dl_config.o(.text.SYSCFG_DL_init) refers to ti_msp_dl_config.o(.text.SYSCFG_DL_initPower) for SYSCFG_DL_initPower
    ti_msp_dl_config.o(.text.SYSCFG_DL_init) refers to ti_msp_dl_config.o(.text.SYSCFG_DL_GPIO_init) for SYSCFG_DL_GPIO_init
    ti_msp_dl_config.o(.text.SYSCFG_DL_init) refers to ti_msp_dl_config.o(.text.SYSCFG_DL_SYSCTL_init) for SYSCFG_DL_SYSCTL_init
    ti_msp_dl_config.o(.text.SYSCFG_DL_init) refers to ti_msp_dl_config.o(.text.SYSCFG_DL_motor_PWM_init) for SYSCFG_DL_motor_PWM_init
    ti_msp_dl_config.o(.text.SYSCFG_DL_init) refers to ti_msp_dl_config.o(.text.SYSCFG_DL_TIMER_20ms_init) for SYSCFG_DL_TIMER_20ms_init
    ti_msp_dl_config.o(.text.SYSCFG_DL_init) refers to ti_msp_dl_config.o(.text.SYSCFG_DL_TIMER_DISPLAY_init) for SYSCFG_DL_TIMER_DISPLAY_init
    ti_msp_dl_config.o(.text.SYSCFG_DL_init) refers to ti_msp_dl_config.o(.text.SYSCFG_DL_UART_0_init) for SYSCFG_DL_UART_0_init
    ti_msp_dl_config.o(.text.SYSCFG_DL_init) refers to ti_msp_dl_config.o(.text.SYSCFG_DL_SYSTICK_init) for SYSCFG_DL_SYSTICK_init
    ti_msp_dl_config.o(.text.SYSCFG_DL_init) refers to ti_msp_dl_config.o(.text.SYSCFG_DL_SYSCTL_CLK_init) for SYSCFG_DL_SYSCTL_CLK_init
    ti_msp_dl_config.o(.text.SYSCFG_DL_init) refers to ti_msp_dl_config.o(.bss.gmotor_PWMBackup) for gmotor_PWMBackup
    ti_msp_dl_config.o(.text.SYSCFG_DL_init) refers to ti_msp_dl_config.o(.bss.gTIMER_20msBackup) for gTIMER_20msBackup
    ti_msp_dl_config.o(.text.SYSCFG_DL_init) refers to ti_msp_dl_config.o(.bss.gTIMER_DISPLAYBackup) for gTIMER_DISPLAYBackup
    ti_msp_dl_config.o(.ARM.exidx.text.SYSCFG_DL_init) refers to ti_msp_dl_config.o(.text.SYSCFG_DL_init) for [Anonymous Symbol]
    ti_msp_dl_config.o(.text.SYSCFG_DL_initPower) refers to ti_msp_dl_config.o(.text.DL_GPIO_reset) for DL_GPIO_reset
    ti_msp_dl_config.o(.text.SYSCFG_DL_initPower) refers to ti_msp_dl_config.o(.text.DL_Timer_reset) for DL_Timer_reset
    ti_msp_dl_config.o(.text.SYSCFG_DL_initPower) refers to ti_msp_dl_config.o(.text.DL_UART_reset) for DL_UART_reset
    ti_msp_dl_config.o(.text.SYSCFG_DL_initPower) refers to ti_msp_dl_config.o(.text.DL_GPIO_enablePower) for DL_GPIO_enablePower
    ti_msp_dl_config.o(.text.SYSCFG_DL_initPower) refers to ti_msp_dl_config.o(.text.DL_Timer_enablePower) for DL_Timer_enablePower
    ti_msp_dl_config.o(.text.SYSCFG_DL_initPower) refers to ti_msp_dl_config.o(.text.DL_UART_enablePower) for DL_UART_enablePower
    ti_msp_dl_config.o(.text.SYSCFG_DL_initPower) refers to dl_common.o(.text.DL_Common_delayCycles) for DL_Common_delayCycles
    ti_msp_dl_config.o(.ARM.exidx.text.SYSCFG_DL_initPower) refers to ti_msp_dl_config.o(.text.SYSCFG_DL_initPower) for [Anonymous Symbol]
    ti_msp_dl_config.o(.text.SYSCFG_DL_GPIO_init) refers to ti_msp_dl_config.o(.text.DL_GPIO_initPeripheralAnalogFunction) for DL_GPIO_initPeripheralAnalogFunction
    ti_msp_dl_config.o(.text.SYSCFG_DL_GPIO_init) refers to ti_msp_dl_config.o(.text.DL_GPIO_initPeripheralOutputFunction) for DL_GPIO_initPeripheralOutputFunction
    ti_msp_dl_config.o(.text.SYSCFG_DL_GPIO_init) refers to ti_msp_dl_config.o(.text.DL_GPIO_enableOutput) for DL_GPIO_enableOutput
    ti_msp_dl_config.o(.text.SYSCFG_DL_GPIO_init) refers to ti_msp_dl_config.o(.text.DL_GPIO_initPeripheralInputFunction) for DL_GPIO_initPeripheralInputFunction
    ti_msp_dl_config.o(.text.SYSCFG_DL_GPIO_init) refers to ti_msp_dl_config.o(.text.DL_GPIO_initDigitalOutputFeatures) for DL_GPIO_initDigitalOutputFeatures
    ti_msp_dl_config.o(.text.SYSCFG_DL_GPIO_init) refers to ti_msp_dl_config.o(.text.DL_GPIO_initDigitalOutput) for DL_GPIO_initDigitalOutput
    ti_msp_dl_config.o(.text.SYSCFG_DL_GPIO_init) refers to ti_msp_dl_config.o(.text.DL_GPIO_initDigitalInputFeatures) for DL_GPIO_initDigitalInputFeatures
    ti_msp_dl_config.o(.text.SYSCFG_DL_GPIO_init) refers to ti_msp_dl_config.o(.text.DL_GPIO_clearPins) for DL_GPIO_clearPins
    ti_msp_dl_config.o(.text.SYSCFG_DL_GPIO_init) refers to ti_msp_dl_config.o(.text.DL_GPIO_setPins) for DL_GPIO_setPins
    ti_msp_dl_config.o(.text.SYSCFG_DL_GPIO_init) refers to ti_msp_dl_config.o(.text.DL_GPIO_setUpperPinsPolarity) for DL_GPIO_setUpperPinsPolarity
[...]
    __arm_cp.0_0                             0x000005dc   Number         4  app_irtracking_eight.o(.text.APP_HD_PID_Calc)
    __arm_cp.0_1                             0x000005e0   Number         4  app_irtracking_eight.o(.text.APP_HD_PID_Calc)
    __arm_cp.0_2                             0x000005e4   Number         4  app_irtracking_eight.o(.text.APP_HD_PID_Calc)
    __arm_cp.0_3                             0x000005e8   Number         4  app_irtracking_eight.o(.text.APP_HD_PID_Calc)
    [Anonymous Symbol]                       0x000005ec   Section        0  app_irtracking_eight.o(.text.Copy_HD_Data)
    __arm_cp.3_0                             0x00000620   Number         4  app_irtracking_eight.o(.text.Copy_HD_Data)
    __arm_cp.3_1                             0x00000624   Number         4  app_irtracking_eight.o(.text.Copy_HD_Data)
    __arm_cp.3_2                             0x00000628   Number         4  app_irtracking_eight.o(.text.Copy_HD_Data)
    __arm_cp.3_3                             0x0000062c   Number         4  app_irtracking_eight.o(.text.Copy_HD_Data)
    __arm_cp.3_4                             0x00000630   Number         4  app_irtracking_eight.o(.text.Copy_HD_Data)
    __arm_cp.3_5                             0x00000634   Number         4  app_irtracking_eight.o(.text.Copy_HD_Data)
    __arm_cp.3_6                             0x00000638   Number         4  app_irtracking_eight.o(.text.Copy_HD_Data)
    __arm_cp.3_7                             0x0000063c   Number         4  app_irtracking_eight.o(.text.Copy_HD_Data)
    __arm_cp.3_8                             0x00000640   Number         4  app_irtracking_eight.o(.text.Copy_HD_Data)
    [Anonymous Symbol]                       0x00000644   Section        0  dl_common.o(.text.DL_Common_delayCycles)
    DL_Common_updateReg                      0x0000064f   Thumb Code    40  ti_msp_dl_config.o(.text.DL_Common_updateReg)
    [Anonymous Symbol]                       0x0000064e   Section        0  ti_msp_dl_config.o(.text.DL_Common_updateReg)
    DL_GPIO_clearInterruptStatus             0x00000679   Thumb Code    24  ti_msp_dl_config.o(.text.DL_GPIO_clearInterruptStatus)
    [Anonymous Symbol]                       0x00000678   Section        0  ti_msp_dl_config.o(.text.DL_GPIO_clearInterruptStatus)
    DL_GPIO_clearInterruptStatus             0x00000691   Thumb Code    24  bsp_encoder.o(.text.DL_GPIO_clearInterruptStatus)
    [Anonymous Symbol]                       0x00000690   Section        0  bsp_encoder.o(.text.DL_GPIO_clearInterruptStatus)
    __arm_cp.12_0                            0x000006a8   Number         4  bsp_encoder.o(.text.DL_GPIO_clearInterruptStatus)
    DL_GPIO_clearPins                        0x000006ad   Thumb Code    20  ti_msp_dl_config.o(.text.DL_GPIO_clearPins)
    [Anonymous Symbol]                       0x000006ac   Section        0  ti_msp_dl_config.o(.text.DL_GPIO_clearPins)
    DL_GPIO_clearPins                        0x000006c1   Thumb Code    20  oled.o(.text.DL_GPIO_clearPins)
    [Anonymous Symbol]                       0x000006c0   Section        0  oled.o(.text.DL_GPIO_clearPins)
    DL_GPIO_clearPins                        0x000006d5   Thumb Code    20  bsp_ir_eight.o(.text.DL_GPIO_clearPins)
    [Anonymous Symbol]                       0x000006d4   Section        0  bsp_ir_eight.o(.text.DL_GPIO_clearPins)
    DL_GPIO_enableInterrupt                  0x000006e9   Thumb Code    24  ti_msp_dl_config.o(.text.DL_GPIO_enableInterrupt)
    [Anonymous Symbol]                       0x000006e8   Section        0  ti_msp_dl_config.o(.text.DL_GPIO_enableInterrupt)
    __arm_cp.29_0                            0x00000700   Number         4  ti_msp_dl_config.o(.text.DL_GPIO_enableInterrupt)
    DL_GPIO_enableOutput                     0x00000705   Thumb Code    20  ti_msp_dl_config.o(.text.DL_GPIO_enableOutput)
    [Anonymous Symbol]                       0x00000704   Section        0  ti_msp_dl_config.o(.text.DL_GPIO_enableOutput)
    __arm_cp.20_0                            0x00000718   Number         4  ti_msp_dl_config.o(.text.DL_GPIO_enableOutput)
    DL_GPIO_enablePower                      0x0000071d   Thumb Code    20  ti_msp_dl_config.o(.text.DL_GPIO_enablePower)
    [Anonymous Symbol]                       0x0000071c   Section        0  ti_msp_dl_config.o(.text.DL_GPIO_enablePower)
    __arm_cp.15_0                            0x00000730   Number         4  ti_msp_dl_config.o(.text.DL_GPIO_enablePower)
    DL_GPIO_getEnabledInterruptStatus        0x00000735   Thumb Code    20  bsp_encoder.o(.text.DL_GPIO_getEnabledInterruptStatus)
    [Anonymous Symbol]                       0x00000734   Section        0  bsp_encoder.o(.text.DL_GPIO_getEnabledInterruptStatus)
    __arm_cp.10_0                            0x00000748   Number         4  bsp_encoder.o(.text.DL_GPIO_getEnabledInterruptStatus)
    DL_GPIO_initDigitalInputFeatures         0x0000074d   Thumb Code    44  ti_msp_dl_config.o(.text.DL_GPIO_initDigitalInputFeatures)
    [Anonymous Symbol]                       0x0000074c   Section        0  ti_msp_dl_config.o(.text.DL_GPIO_initDigitalInputFeatures)
    __arm_cp.24_0                            0x00000778   Number         4  ti_msp_dl_config.o(.text.DL_GPIO_initDigitalInputFeatures)
    DL_GPIO_initDigitalOutput                0x0000077d   Thumb Code    20  ti_msp_dl_config.o(.text.DL_GPIO_initDigitalOutput)
    [Anonymous Symbol]                       0x0000077c   Section        0  ti_msp_dl_config.o(.text.DL_GPIO_initDigitalOutput)
    DL_GPIO_initDigitalOutputFeatures        0x00000791   Thumb Code    44  ti_msp_dl_config.o(.text.DL_GPIO_initDigitalOutputFeatures)
    [Anonymous Symbol]                       0x00000790   Section        0  ti_msp_dl_config.o(.text.DL_GPIO_initDigitalOutputFeatures)
    DL_GPIO_initPeripheralAnalogFunction     0x000007bd   Thumb Code    20  ti_msp_dl_config.o(.text.DL_GPIO_initPeripheralAnalogFunction)
    [Anonymous Symbol]                       0x000007bc   Section        0  ti_msp_dl_config.o(.text.DL_GPIO_initPeripheralAnalogFunction)
    DL_GPIO_initPeripheralInputFunction      0x000007d1   Thumb Code    24  ti_msp_dl_config.o(.text.DL_GPIO_initPeripheralInputFunction)
    [Anonymous Symbol]                       0x000007d0   Section        0  ti_msp_dl_config.o(.text.DL_GPIO_initPeripheralInputFunction)
    __arm_cp.21_0                            0x000007e8   Number         4  ti_msp_dl_config.o(.text.DL_GPIO_initPeripheralInputFunction)
    DL_GPIO_initPeripheralOutputFunction     0x000007ed   Thumb Code    24  ti_msp_dl_config.o(.text.DL_GPIO_initPeripheralOutputFunction)
    [Anonymous Symbol]                       0x000007ec   Section        0  ti_msp_dl_config.o(.text.DL_GPIO_initPeripheralOutputFunction)
    __arm_cp.19_0                            0x00000804   Number         4  ti_msp_dl_config.o(.text.DL_GPIO_initPeripheralOutputFunction)
    DL_GPIO_readPins                         0x00000809   Thumb Code    22  bsp_encoder.o(.text.DL_GPIO_readPins)
    [Anonymous Symbol]                       0x00000808   Section        0  bsp_encoder.o(.text.DL_GPIO_readPins)
    DL_GPIO_readPins                         0x0000081f   Thumb Code    22  bsp_ir_eight.o(.text.DL_GPIO_readPins)
    [Anonymous Symbol]                       0x0000081e   Section        0  bsp_ir_eight.o(.text.DL_GPIO_readPins)
    DL_GPIO_reset                            0x00000835   Thumb Code    16  ti_msp_dl_config.o(.text.DL_GPIO_reset)
    [Anonymous Symbol]                       0x00000834   Section        0  ti_msp_dl_config.o(.text.DL_GPIO_reset)
    __arm_cp.12_0                            0x00000844   Number         4  ti_msp_dl_config.o(.text.DL_GPIO_reset)
    __arm_cp.12_1                            0x00000848   Number         4  ti_msp_dl_config.o(.text.DL_GPIO_reset)
    DL_GPIO_setLowerPinsPolarity             0x0000084d   Thumb Code    24  ti_msp_dl_config.o(.text.DL_GPIO_setLowerPinsPolarity)
    [Anonymous Symbol]                       0x0000084c   Section        0  ti_msp_dl_config.o(.text.DL_GPIO_setLowerPinsPolarity)
    __arm_cp.30_0                            0x00000864   Number         4  ti_msp_dl_config.o(.text.DL_GPIO_setLowerPinsPolarity)
    DL_GPIO_setPins                          0x00000869   Thumb Code    20  ti_msp_dl_config.o(.text.DL_GPIO_setPins)
    [Anonymous Symbol]                       0x00000868   Section        0  ti_msp_dl_config.o(.text.DL_GPIO_setPins)
    DL_GPIO_setPins                          0x0000087d   Thumb Code    20  oled.o(.text.DL_GPIO_setPins)
    [Anonymous Symbol]                       0x0000087c   Section        0  oled.o(.text.DL_GPIO_setPins)
    DL_GPIO_setPins                          0x00000891   Thumb Code    20  bsp_ir_eight.o(.text.DL_GPIO_setPins)
    [Anonymous Symbol]                       0x00000890   Section        0  bsp_ir_eight.o(.text.DL_GPIO_setPins)
    __arm_cp.1_0                             0x000008a4   Number         4  bsp_ir_eight.o(.text.DL_GPIO_setPins)
    DL_GPIO_setUpperPinsPolarity             0x000008a9   Thumb Code    24  ti_msp_dl_config.o(.text.DL_GPIO_setUpperPinsPolarity)
    [Anonymous Symbol]                       0x000008a8   Section        0  ti_msp_dl_config.o(.text.DL_GPIO_setUpperPinsPolarity)
    DL_GPIO_togglePins                       0x000008c1   Thumb Code    20  bsp_timer.o(.text.DL_GPIO_togglePins)
    [Anonymous Symbol]                       0x000008c0   Section        0  bsp_timer.o(.text.DL_GPIO_togglePins)
    __arm_cp.7_0                             0x000008d4   Number         4  bsp_timer.o(.text.DL_GPIO_togglePins)
    DL_Interrupt_getPendingGroup             0x000008d9   Thumb Code    24  bsp_encoder.o(.text.DL_Interrupt_getPendingGroup)
    [Anonymous Symbol]                       0x000008d8   Section        0  bsp_encoder.o(.text.DL_Interrupt_getPendingGroup)
    __arm_cp.9_0                             0x000008f0   Number         4  bsp_encoder.o(.text.DL_Interrupt_getPendingGroup)
    [Anonymous Symbol]                       0x000008f4   Section        0  dl_sysctl_mspm0g1x0x_g3x0x.o(.text.DL_SYSCTL_configSYSPLL)
    __arm_cp.0_2                             0x000009a8   Number         4  dl_sysctl_mspm0g1x0x_g3x0x.o(.text.DL_SYSCTL_configSYSPLL)
    __arm_cp.0_3                             0x000009ac   Number         4  dl_sysctl_mspm0g1x0x_g3x0x.o(.text.DL_SYSCTL_configSYSPLL)
    __arm_cp.0_4                             0x000009b0   Number         4  dl_sysctl_mspm0g1x0x_g3x0x.o(.text.DL_SYSCTL_configSYSPLL)
    DL_SYSCTL_disableHFXT                    0x000009b5   Thumb Code    12  ti_msp_dl_config.o(.text.DL_SYSCTL_disableHFXT)
    [Anonymous Symbol]                       0x000009b4   Section        0  ti_msp_dl_config.o(.text.DL_SYSCTL_disableHFXT)
    DL_SYSCTL_disableSYSPLL                  0x000009c1   Thumb Code    16  ti_msp_dl_config.o(.text.DL_SYSCTL_disableSYSPLL)
    [Anonymous Symbol]                       0x000009c0   Section        0  ti_msp_dl_config.o(.text.DL_SYSCTL_disableSYSPLL)
    __arm_cp.35_0                            0x000009d0   Number         4  ti_msp_dl_config.o(.text.DL_SYSCTL_disableSYSPLL)
    DL_SYSCTL_enableMFCLK                    0x000009d5   Thumb Code    16  ti_msp_dl_config.o(.text.DL_SYSCTL_enableMFCLK)
    [Anonymous Symbol]                       0x000009d4   Section        0  ti_msp_dl_config.o(.text.DL_SYSCTL_enableMFCLK)
    DL_SYSCTL_getClockStatus                 0x000009e5   Thumb Code     8  ti_msp_dl_config.o(.text.DL_SYSCTL_getClockStatus)
    [Anonymous Symbol]                       0x000009e4   Section        0  ti_msp_dl_config.o(.text.DL_SYSCTL_getClockStatus)
    DL_SYSCTL_setBORThreshold                0x000009ed   Thumb Code    20  ti_msp_dl_config.o(.text.DL_SYSCTL_setBORThreshold)
    [Anonymous Symbol]                       0x000009ec   Section        0  ti_msp_dl_config.o(.text.DL_SYSCTL_setBORThreshold)
    __arm_cp.31_0                            0x00000a00   Number         4  ti_msp_dl_config.o(.text.DL_SYSCTL_setBORThreshold)
    DL_SYSCTL_setFlashWaitState              0x00000a05   Thumb Code    28  ti_msp_dl_config.o(.text.DL_SYSCTL_setFlashWaitState)
    [Anonymous Symbol]                       0x00000a04   Section        0  ti_msp_dl_config.o(.text.DL_SYSCTL_setFlashWaitState)
    [Anonymous Symbol]                       0x00000a20   Section        0  dl_sysctl_mspm0g1x0x_g3x0x.o(.text.DL_SYSCTL_setHFCLKSourceHFXTParams)
    __arm_cp.7_0                             0x00000a6c   Number         4  dl_sysctl_mspm0g1x0x_g3x0x.o(.text.DL_SYSCTL_setHFCLKSourceHFXTParams)
    DL_SYSCTL_setSYSOSCFreq                  0x00000a71   Thumb Code    24  ti_msp_dl_config.o(.text.DL_SYSCTL_setSYSOSCFreq)
    [Anonymous Symbol]                       0x00000a70   Section        0  ti_msp_dl_config.o(.text.DL_SYSCTL_setSYSOSCFreq)
    __arm_cp.33_0                            0x00000a88   Number         4  ti_msp_dl_config.o(.text.DL_SYSCTL_setSYSOSCFreq)
    DL_SYSCTL_setULPCLKDivider               0x00000a8d   Thumb Code    24  ti_msp_dl_config.o(.text.DL_SYSCTL_setULPCLKDivider)
    [Anonymous Symbol]                       0x00000a8c   Section        0  ti_msp_dl_config.o(.text.DL_SYSCTL_setULPCLKDivider)
    [Anonymous Symbol]                       0x00000aa4   Section        0  dl_sysctl_mspm0g1x0x_g3x0x.o(.text.DL_SYSCTL_switchMCLKfromSYSOSCtoHSCLK)
    __arm_cp.4_0                             0x00000ac4   Number         4  dl_sysctl_mspm0g1x0x_g3x0x.o(.text.DL_SYSCTL_switchMCLKfromSYSOSCtoHSCLK)
    __arm_cp.4_1                             0x00000ac8   Number         4  dl_sysctl_mspm0g1x0x_g3x0x.o(.text.DL_SYSCTL_switchMCLKfromSYSOSCtoHSCLK)
    DL_SYSTICK_enable                        0x00000acd   Thumb Code    12  ti_msp_dl_config.o(.text.DL_SYSTICK_enable)
    [Anonymous Symbol]                       0x00000acc   Section        0  ti_msp_dl_config.o(.text.DL_SYSTICK_enable)
    DL_SYSTICK_init                          0x00000ad9   Thumb Code    28  ti_msp_dl_config.o(.text.DL_SYSTICK_init)
    [Anonymous Symbol]                       0x00000ad8   Section        0  ti_msp_dl_config.o(.text.DL_SYSTICK_init)
    __arm_cp.48_0                            0x00000af4   Number         4  ti_msp_dl_config.o(.text.DL_SYSTICK_init)
    __arm_cp.48_1                            0x00000af8   Number         4  ti_msp_dl_config.o(.text.DL_SYSTICK_init)
    __arm_cp.48_2                            0x00000afc   Number         4  ti_msp_dl_config.o(.text.DL_SYSTICK_init)
    DL_Timer_enableClock                     0x00000b01   Thumb Code    16  ti_msp_dl_config.o(.text.DL_Timer_enableClock)
    [Anonymous Symbol]                       0x00000b00   Section        0  ti_msp_dl_config.o(.text.DL_Timer_enableClock)
    __arm_cp.40_0                            0x00000b10   Number         4  ti_msp_dl_config.o(.text.DL_Timer_enableClock)
    DL_Timer_enableInterrupt                 0x00000b15   Thumb Code    24  ti_msp_dl_config.o(.text.DL_Timer_enableInterrupt)
    [Anonymous Symbol]                       0x00000b14   Section        0  ti_msp_dl_config.o(.text.DL_Timer_enableInterrupt)
    DL_Timer_enablePower                     0x00000b2d   Thumb Code    20  ti_msp_dl_config.o(.text.DL_Timer_enablePower)
    [Anonymous Symbol]                       0x00000b2c   Section        0  ti_msp_dl_config.o(.text.DL_Timer_enablePower)
    DL_Timer_getPendingInterrupt             0x00000b41   Thumb Code    18  bsp_timer.o(.text.DL_Timer_getPendingInterrupt)
    [Anonymous Symbol]                       0x00000b40   Section        0  bsp_timer.o(.text.DL_Timer_getPendingInterrupt)
    [Anonymous Symbol]                       0x00000b54   Section        0  dl_timer.o(.text.DL_Timer_initFourCCPWMMode)
    __arm_cp.38_1                            0x00000c48   Number         4  dl_timer.o(.text.DL_Timer_initFourCCPWMMode)
    __arm_cp.38_2                            0x00000c4c   Number         4  dl_timer.o(.text.DL_Timer_initFourCCPWMMode)
    __arm_cp.38_4                            0x00000c50   Number         4  dl_timer.o(.text.DL_Timer_initFourCCPWMMode)
    __arm_cp.38_5                            0x00000c54   Number         4  dl_timer.o(.text.DL_Timer_initFourCCPWMMode)
    __arm_cp.38_6                            0x00000c58   Number         4  dl_timer.o(.text.DL_Timer_initFourCCPWMMode)
    [Anonymous Symbol]                       0x00000c5c   Section        0  dl_timer.o(.text.DL_Timer_initTimerMode)
    __arm_cp.2_0                             0x00000d3c   Number         4  dl_timer.o(.text.DL_Timer_initTimerMode)
    __arm_cp.2_2                             0x00000d40   Number         4  dl_timer.o(.text.DL_Timer_initTimerMode)
    __arm_cp.2_3                             0x00000d44   Number         4  dl_timer.o(.text.DL_Timer_initTimerMode)
    DL_Timer_reset                           0x00000d49   Thumb Code    16  ti_msp_dl_config.o(.text.DL_Timer_reset)
    [Anonymous Symbol]                       0x00000d48   Section        0  ti_msp_dl_config.o(.text.DL_Timer_reset)
    DL_Timer_setCCPDirection                 0x00000d59   Thumb Code    20  ti_msp_dl_config.o(.text.DL_Timer_setCCPDirection)
    [Anonymous Symbol]                       0x00000d58   Section        0  ti_msp_dl_config.o(.text.DL_Timer_setCCPDirection)
    [Anonymous Symbol]                       0x00000d6c   Section        0  dl_timer.o(.text.DL_Timer_setCaptCompUpdateMethod)
    __arm_cp.23_0                            0x00000d84   Number         4  dl_timer.o(.text.DL_Timer_setCaptCompUpdateMethod)
    [Anonymous Symbol]                       0x00000d88   Section        0  dl_timer.o(.text.DL_Timer_setCaptureCompareOutCtl)
    __arm_cp.25_0                            0x00000d9c   Number         4  dl_timer.o(.text.DL_Timer_setCaptureCompareOutCtl)
    [Anonymous Symbol]                       0x00000da0   Section        0  dl_timer.o(.text.DL_Timer_setCaptureCompareValue)
    __arm_cp.3_0                             0x00000dac   Number         4  dl_timer.o(.text.DL_Timer_setCaptureCompareValue)
    [Anonymous Symbol]                       0x00000db0   Section        0  dl_timer.o(.text.DL_Timer_setClockConfig)
    DL_Timer_startCounter                    0x00000dc9   Thumb Code    20  bsp_motor.o(.text.DL_Timer_startCounter)
    [Anonymous Symbol]                       0x00000dc8   Section        0  bsp_motor.o(.text.DL_Timer_startCounter)
    DL_Timer_startCounter                    0x00000ddd   Thumb Code    20  bsp_timer.o(.text.DL_Timer_startCounter)
    [Anonymous Symbol]                       0x00000ddc   Section        0  bsp_timer.o(.text.DL_Timer_startCounter)
    __arm_cp.3_0                             0x00000df0   Number         4  bsp_timer.o(.text.DL_Timer_startCounter)
    DL_UART_enable                           0x00000df5   Thumb Code    22  ti_msp_dl_config.o(.text.DL_UART_enable)
    [Anonymous Symbol]                       0x00000df4   Section        0  ti_msp_dl_config.o(.text.DL_UART_enable)
    DL_UART_enableInterrupt                  0x00000e0d   Thumb Code    24  ti_msp_dl_config.o(.text.DL_UART_enableInterrupt)
    [Anonymous Symbol]                       0x00000e0c   Section        0  ti_msp_dl_config.o(.text.DL_UART_enableInterrupt)
    __arm_cp.45_0                            0x00000e24   Number         4  ti_msp_dl_config.o(.text.DL_UART_enableInterrupt)
    DL_UART_enablePower                      0x00000e29   Thumb Code    20  ti_msp_dl_config.o(.text.DL_UART_enablePower)
    [Anonymous Symbol]                       0x00000e28   Section        0  ti_msp_dl_config.o(.text.DL_UART_enablePower)
    __arm_cp.17_0                            0x00000e3c   Number         4  ti_msp_dl_config.o(.text.DL_UART_enablePower)
    [Anonymous Symbol]                       0x00000e40   Section        0  dl_uart.o(.text.DL_UART_init)
    __arm_cp.0_0                             0x00000e80   Number         4  dl_uart.o(.text.DL_UART_init)
    __arm_cp.0_1                             0x00000e84   Number         4  dl_uart.o(.text.DL_UART_init)
    DL_UART_reset                            0x00000e89   Thumb Code    16  ti_msp_dl_config.o(.text.DL_UART_reset)
    [Anonymous Symbol]                       0x00000e88   Section        0  ti_msp_dl_config.o(.text.DL_UART_reset)
    __arm_cp.14_0                            0x00000e98   Number         4  ti_msp_dl_config.o(.text.DL_UART_reset)
    __arm_cp.14_1                            0x00000e9c   Number         4  ti_msp_dl_config.o(.text.DL_UART_reset)
    DL_UART_setBaudRateDivisor               0x00000ea1   Thumb Code    60  ti_msp_dl_config.o(.text.DL_UART_setBaudRateDivisor)
    [Anonymous Symbol]                       0x00000ea0   Section        0  ti_msp_dl_config.o(.text.DL_UART_setBaudRateDivisor)
    __arm_cp.44_0                            0x00000edc   Number         4  ti_msp_dl_config.o(.text.DL_UART_setBaudRateDivisor)
    __arm_cp.44_1                            0x00000ee0   Number         4  ti_msp_dl_config.o(.text.DL_UART_setBaudRateDivisor)
    __arm_cp.44_2                            0x00000ee4   Number         4  ti_msp_dl_config.o(.text.DL_UART_setBaudRateDivisor)
    __arm_cp.44_3                            0x00000ee8   Number         4  ti_msp_dl_config.o(.text.DL_UART_setBaudRateDivisor)
    [Anonymous Symbol]                       0x00000eec   Section        0  dl_uart.o(.text.DL_UART_setClockConfig)
    DL_UART_setOversampling                  0x00000eff   Thumb Code    30  ti_msp_dl_config.o(.text.DL_UART_setOversampling)
    [Anonymous Symbol]                       0x00000efe   Section        0  ti_msp_dl_config.o(.text.DL_UART_setOversampling)
    DL_UART_setRXInterruptTimeout            0x00000f1d   Thumb Code    32  ti_msp_dl_config.o(.text.DL_UART_setRXInterruptTimeout)
    [Anonymous Symbol]                       0x00000f1c   Section        0  ti_msp_dl_config.o(.text.DL_UART_setRXInterruptTimeout)
    __arm_cp.46_0                            0x00000f3c   Number         4  ti_msp_dl_config.o(.text.DL_UART_setRXInterruptTimeout)
    [Anonymous Symbol]                       0x00000f40   Section        0  bsp_encoder.o(.text.Encoder_Get_ALL)
    [Anonymous Symbol]                       0x00000f5c   Section        0  bsp_ir_eight.o(.text.GPIO_setPins)
    [Anonymous Symbol]                       0x00000f88   Section        0  bsp_encoder.o(.text.GROUP1_IRQHandler)
    __arm_cp.8_0                             0x00001104   Number         4  bsp_encoder.o(.text.GROUP1_IRQHandler)
    __arm_cp.8_1                             0x00001108   Number         4  bsp_encoder.o(.text.GROUP1_IRQHandler)
    __arm_cp.8_3                             0x0000110c   Number         4  bsp_encoder.o(.text.GROUP1_IRQHandler)
    [Anonymous Symbol]                       0x00001110   Section        0  oled.o(.text.I2C_Start)
    [Anonymous Symbol]                       0x00001150   Section        0  oled.o(.text.I2C_Stop)
    [Anonymous Symbol]                       0x00001180   Section        0  oled.o(.text.I2C_WaitAck)
    __arm_cp.8_0                             0x000011b8   Number         4  oled.o(.text.I2C_WaitAck)
    [Anonymous Symbol]                       0x000011bc   Section        0  oled.o(.text.IIC_delay)
    [Anonymous Symbol]                       0x000011c8   Section        0  bsp_motor.o(.text.Init_Motor_PWM)
    [Anonymous Symbol]                       0x000011d4   Section        0  bsp_motor.o(.text.L1_control)
    __arm_cp.6_0                             0x00001220   Number         4  bsp_motor.o(.text.L1_control)
    [Anonymous Symbol]                       0x00001224   Section        0  app_irtracking_eight.o(.text.LineWalking)
    __arm_cp.5_11                            0x00001620   Number         4  app_irtracking_eight.o(.text.LineWalking)
    __arm_cp.5_1                             0x000017e8   Number         4  app_irtracking_eight.o(.text.LineWalking)
    __arm_cp.5_2                             0x000017ec   Number         4  app_irtracking_eight.o(.text.LineWalking)
    __arm_cp.5_3                             0x000017f0   Number         4  app_irtracking_eight.o(.text.LineWalking)
    __arm_cp.5_4                             0x000017f4   Number         4  app_irtracking_eight.o(.text.LineWalking)
    __arm_cp.5_5                             0x000017f8   Number         4  app_irtracking_eight.o(.text.LineWalking)
    __arm_cp.5_6                             0x000017fc   Number         4  app_irtracking_eight.o(.text.LineWalking)
    __arm_cp.5_7                             0x00001800   Number         4  app_irtracking_eight.o(.text.LineWalking)
    __arm_cp.5_8                             0x00001804   Number         4  app_irtracking_eight.o(.text.LineWalking)
    __arm_cp.5_9                             0x00001808   Number         4  app_irtracking_eight.o(.text.LineWalking)
    __arm_cp.5_10                            0x0000180c   Number         4  app_irtracking_eight.o(.text.LineWalking)
    [Anonymous Symbol]                       0x00001810   Section        0  app_motor.o(.text.Motion_Car_Control)
    __arm_cp.19_0                            0x00001928   Number         4  app_motor.o(.text.Motion_Car_Control)
    __arm_cp.19_1                            0x0000192c   Number         4  app_motor.o(.text.Motion_Car_Control)
    __arm_cp.19_2                            0x00001930   Number         4  app_motor.o(.text.Motion_Car_Control)
    __arm_cp.19_3                            0x00001934   Number         4  app_motor.o(.text.Motion_Car_Control)
    __arm_cp.19_4                            0x00001938   Number         4  app_motor.o(.text.Motion_Car_Control)
    __arm_cp.19_5                            0x0000193c   Number         4  app_motor.o(.text.Motion_Car_Control)
    __arm_cp.19_6                            0x00001940   Number         4  app_motor.o(.text.Motion_Car_Control)
    __arm_cp.19_7                            0x00001944   Number         4  app_motor.o(.text.Motion_Car_Control)
    __arm_cp.19_8                            0x00001948   Number         4  app_motor.o(.text.Motion_Car_Control)
    [Anonymous Symbol]                       0x0000194c   Section        0  app_motor.o(.text.Motion_Get_APB)
    __arm_cp.11_0                            0x00001950   Number         4  app_motor.o(.text.Motion_Get_APB)
    [Anonymous Symbol]                       0x00001954   Section        0  app_motor.o(.text.Motion_Get_Circle_MM)
    __arm_cp.9_0                             0x00001958   Number         4  app_motor.o(.text.Motion_Get_Circle_MM)
    Motion_Get_Circle_Pulse                  0x0000195d   Thumb Code     4  app_motor.o(.text.Motion_Get_Circle_Pulse)
    [Anonymous Symbol]                       0x0000195c   Section        0  app_motor.o(.text.Motion_Get_Circle_Pulse)
    __arm_cp.10_0                            0x00001960   Number         4  app_motor.o(.text.Motion_Get_Circle_Pulse)
    [Anonymous Symbol]                       0x00001964   Section        0  app_motor.o(.text.Motion_Get_Encoder)
    __arm_cp.12_0                            0x000019ac   Number         4  app_motor.o(.text.Motion_Get_Encoder)
    __arm_cp.12_1                            0x000019b0   Number         4  app_motor.o(.text.Motion_Get_Encoder)
    [Anonymous Symbol]                       0x000019b4   Section        0  app_motor.o(.text.Motion_Get_Speed)
    __arm_cp.8_0                             0x00001a9c   Number         4  app_motor.o(.text.Motion_Get_Speed)
    __arm_cp.8_3                             0x00001aa0   Number         4  app_motor.o(.text.Motion_Get_Speed)
    [Anonymous Symbol]                       0x00001aa4   Section        0  app_motor.o(.text.Motion_Handle)
    __arm_cp.18_0                            0x00001b14   Number         4  app_motor.o(.text.Motion_Handle)
    __arm_cp.18_3                            0x00001b18   Number         4  app_motor.o(.text.Motion_Handle)
    [Anonymous Symbol]                       0x00001b1c   Section        0  app_motor.o(.text.Motion_Set_Speed)
    __arm_cp.5_0                             0x00001b7c   Number         4  app_motor.o(.text.Motion_Set_Speed)
    __arm_cp.5_1                             0x00001b80   Number         4  app_motor.o(.text.Motion_Set_Speed)
    Motor_Ignore_Dead_Zone                   0x00001b85   Thumb Code    68  bsp_motor.o(.text.Motor_Ignore_Dead_Zone)
    [Anonymous Symbol]                       0x00001b84   Section        0  bsp_motor.o(.text.Motor_Ignore_Dead_Zone)
    [Anonymous Symbol]                       0x00001bc8   Section        0  oled.o(.text.OLED_Clear)
    [Anonymous Symbol]                       0x00001c24   Section        0  oled.o(.text.OLED_DrawPoint)
    [Anonymous Symbol]                       0x00001c90   Section        0  oled.o(.text.OLED_Init)
    __arm_cp.20_0                            0x00001d8c   Number         4  oled.o(.text.OLED_Init)
    [Anonymous Symbol]                       0x00001d90   Section        0  oled.o(.text.OLED_Pow)
    [Anonymous Symbol]                       0x00001dc0   Section        0  oled.o(.text.OLED_Refresh)
    __arm_cp.12_0                            0x00001e58   Number         4  oled.o(.text.OLED_Refresh)
    [Anonymous Symbol]                       0x00001e5c   Section        0  bsp_ir_eight.o(.text.OLED_SHOW_IR)
    __arm_cp.5_0                             0x00001e9c   Number         4  bsp_ir_eight.o(.text.OLED_SHOW_IR)
    [Anonymous Symbol]                       0x00001ea0   Section        0  oled.o(.text.OLED_ShowChar)
    __arm_cp.16_0                            0x00002060   Number         4  oled.o(.text.OLED_ShowChar)
    __arm_cp.16_1                            0x00002064   Number         4  oled.o(.text.OLED_ShowChar)
    __arm_cp.16_2                            0x00002068   Number         4  oled.o(.text.OLED_ShowChar)
    __arm_cp.16_3                            0x0000206c   Number         4  oled.o(.text.OLED_ShowChar)
    [Anonymous Symbol]                       0x00002070   Section        0  oled.o(.text.OLED_ShowNum)
    [Anonymous Symbol]                       0x00002152   Section        0  oled.o(.text.OLED_ShowString)
    [Anonymous Symbol]                       0x000021ec   Section        0  oled.o(.text.OLED_WR_Byte)
    [Anonymous Symbol]                       0x0000223c   Section        0  bsp_pid_motor.o(.text.PID_Calc_Motor)
    [Anonymous Symbol]                       0x0000227c   Section        0  bsp_pid_motor.o(.text.PID_Incre_Calc)
    __arm_cp.5_0                             0x0000234c   Number         4  bsp_pid_motor.o(.text.PID_Incre_Calc)
    __arm_cp.5_1                             0x00002350   Number         4  bsp_pid_motor.o(.text.PID_Incre_Calc)
    [Anonymous Symbol]                       0x00002354   Section        0  bsp_pid_motor.o(.text.PID_Param_Init)
    __arm_cp.0_0                             0x0000240c   Number         4  bsp_pid_motor.o(.text.PID_Param_Init)
    __arm_cp.0_1                             0x00002410   Number         4  bsp_pid_motor.o(.text.PID_Param_Init)
    __arm_cp.0_2                             0x00002414   Number         4  bsp_pid_motor.o(.text.PID_Param_Init)
    __arm_cp.0_3                             0x00002418   Number         4  bsp_pid_motor.o(.text.PID_Param_Init)
    __arm_cp.0_5                             0x0000241c   Number         4  bsp_pid_motor.o(.text.PID_Param_Init)
    __arm_cp.0_6                             0x00002420   Number         4  bsp_pid_motor.o(.text.PID_Param_Init)
    [Anonymous Symbol]                       0x00002424   Section        0  bsp_pid_motor.o(.text.PID_Set_Motor_Parm)
    [Anonymous Symbol]                       0x000024b8   Section        0  bsp_pid_motor.o(.text.PID_Set_Motor_Target)
    __arm_cp.11_0                            0x00002510   Number         4  bsp_pid_motor.o(.text.PID_Set_Motor_Target)
    [Anonymous Symbol]                       0x00002514   Section        0  bsp_motor.o(.text.PWM_Control_Car)
    __arm_cp.4_0                             0x000025e0   Number         4  bsp_motor.o(.text.PWM_Control_Car)
    [Anonymous Symbol]                       0x000025e4   Section        0  bsp_motor.o(.text.R1_control)
    __arm_cp.7_0                             0x00002634   Number         4  bsp_motor.o(.text.R1_control)
    [Anonymous Symbol]                       0x00002638   Section        0  bsp_ir_eight.o(.text.ReadEightIR)
    [Anonymous Symbol]                       0x000026c0   Section        0  ti_msp_dl_config.o(.text.SYSCFG_DL_GPIO_init)
    __arm_cp.2_2                             0x00002828   Number         4  ti_msp_dl_config.o(.text.SYSCFG_DL_GPIO_init)
    __arm_cp.2_3                             0x0000282c   Number         4  ti_msp_dl_config.o(.text.SYSCFG_DL_GPIO_init)
    __arm_cp.2_4                             0x00002830   Number         4  ti_msp_dl_config.o(.text.SYSCFG_DL_GPIO_init)
    __arm_cp.2_5                             0x00002834   Number         4  ti_msp_dl_config.o(.text.SYSCFG_DL_GPIO_init)
    [Anonymous Symbol]                       0x00002838   Section        0  ti_msp_dl_config.o(.text.SYSCFG_DL_SYSCTL_CLK_init)
    __arm_cp.9_0                             0x00002850   Number         4  ti_msp_dl_config.o(.text.SYSCFG_DL_SYSCTL_CLK_init)
    [Anonymous Symbol]                       0x00002854   Section        0  ti_msp_dl_config.o(.text.SYSCFG_DL_SYSCTL_init)
    __arm_cp.3_0                             0x000028a8   Number         4  ti_msp_dl_config.o(.text.SYSCFG_DL_SYSCTL_init)
    [Anonymous Symbol]                       0x000028ac   Section        0  ti_msp_dl_config.o(.text.SYSCFG_DL_SYSTICK_init)
    [Anonymous Symbol]                       0x000028bc   Section        0  ti_msp_dl_config.o(.text.SYSCFG_DL_TIMER_20ms_init)
    __arm_cp.5_0                             0x000028f0   Number         4  ti_msp_dl_config.o(.text.SYSCFG_DL_TIMER_20ms_init)
    __arm_cp.5_2                             0x000028f4   Number         4  ti_msp_dl_config.o(.text.SYSCFG_DL_TIMER_20ms_init)
    [Anonymous Symbol]                       0x000028f8   Section        0  ti_msp_dl_config.o(.text.SYSCFG_DL_TIMER_DISPLAY_init)
    __arm_cp.6_0                             0x00002928   Number         4  ti_msp_dl_config.o(.text.SYSCFG_DL_TIMER_DISPLAY_init)
    __arm_cp.6_2                             0x0000292c   Number         4  ti_msp_dl_config.o(.text.SYSCFG_DL_TIMER_DISPLAY_init)
    [Anonymous Symbol]                       0x00002930   Section        0  ti_msp_dl_config.o(.text.SYSCFG_DL_UART_0_init)
    __arm_cp.7_0                             0x00002974   Number         4  ti_msp_dl_config.o(.text.SYSCFG_DL_UART_0_init)
    __arm_cp.7_2                             0x00002978   Number         4  ti_msp_dl_config.o(.text.SYSCFG_DL_UART_0_init)
    __arm_cp.7_3                             0x0000297c   Number         4  ti_msp_dl_config.o(.text.SYSCFG_DL_UART_0_init)
    [Anonymous Symbol]                       0x00002980   Section        0  ti_msp_dl_config.o(.text.SYSCFG_DL_init)
    __arm_cp.0_0                             0x000029bc   Number         4  ti_msp_dl_config.o(.text.SYSCFG_DL_init)
    __arm_cp.0_1                             0x000029c0   Number         4  ti_msp_dl_config.o(.text.SYSCFG_DL_init)
    __arm_cp.0_2                             0x000029c4   Number         4  ti_msp_dl_config.o(.text.SYSCFG_DL_init)
    [Anonymous Symbol]                       0x000029c8   Section        0  ti_msp_dl_config.o(.text.SYSCFG_DL_initPower)
    __arm_cp.1_0                             0x00002a2c   Number         4  ti_msp_dl_config.o(.text.SYSCFG_DL_initPower)
    __arm_cp.1_1                             0x00002a30   Number         4  ti_msp_dl_config.o(.text.SYSCFG_DL_initPower)
    __arm_cp.1_5                             0x00002a34   Number         4  ti_msp_dl_config.o(.text.SYSCFG_DL_initPower)
    [Anonymous Symbol]                       0x00002a38   Section        0  ti_msp_dl_config.o(.text.SYSCFG_DL_motor_PWM_init)
    __arm_cp.4_0                             0x00002afc   Number         4  ti_msp_dl_config.o(.text.SYSCFG_DL_motor_PWM_init)
    __arm_cp.4_1                             0x00002b00   Number         4  ti_msp_dl_config.o(.text.SYSCFG_DL_motor_PWM_init)
    __arm_cp.4_2                             0x00002b04   Number         4  ti_msp_dl_config.o(.text.SYSCFG_DL_motor_PWM_init)
    [Anonymous Symbol]                       0x00002b08   Section        0  oled.o(.text.Send_Byte)
    [Anonymous Symbol]                       0x00002b7c   Section        0  bsp_timer.o(.text.TIMA1_IRQHandler)
    __arm_cp.8_0                             0x00002b98   Number         4  bsp_timer.o(.text.TIMA1_IRQHandler)
    __arm_cp.8_1                             0x00002b9c   Number         4  bsp_timer.o(.text.TIMA1_IRQHandler)
    [Anonymous Symbol]                       0x00002ba0   Section        0  bsp_timer.o(.text.TIMG6_IRQHandler)
    __arm_cp.5_1                             0x00002bdc   Number         4  bsp_timer.o(.text.TIMG6_IRQHandler)
    __arm_cp.5_2                             0x00002be0   Number         4  bsp_timer.o(.text.TIMG6_IRQHandler)
    [Anonymous Symbol]                       0x00002be4   Section        0  bsp_timer.o(.text.Timer_20ms_Init)
    __arm_cp.0_0                             0x00002c00   Number         4  bsp_timer.o(.text.Timer_20ms_Init)
    __NVIC_ClearPendingIRQ                   0x00002c05   Thumb Code    40  bsp_encoder.o(.text.__NVIC_ClearPendingIRQ)
    [Anonymous Symbol]                       0x00002c04   Section        0  bsp_encoder.o(.text.__NVIC_ClearPendingIRQ)
    __NVIC_ClearPendingIRQ                   0x00002c2d   Thumb Code    40  bsp_timer.o(.text.__NVIC_ClearPendingIRQ)
    [Anonymous Symbol]                       0x00002c2c   Section        0  bsp_timer.o(.text.__NVIC_ClearPendingIRQ)
    __arm_cp.1_0                             0x00002c54   Number         4  bsp_timer.o(.text.__NVIC_ClearPendingIRQ)
    __NVIC_EnableIRQ                         0x00002c59   Thumb Code    40  bsp_encoder.o(.text.__NVIC_EnableIRQ)
    [Anonymous Symbol]                       0x00002c58   Section        0  bsp_encoder.o(.text.__NVIC_EnableIRQ)
    __NVIC_EnableIRQ                         0x00002c81   Thumb Code    40  bsp_timer.o(.text.__NVIC_EnableIRQ)
    [Anonymous Symbol]                       0x00002c80   Section        0  bsp_timer.o(.text.__NVIC_EnableIRQ)
    __arm_cp.2_0                             0x00002ca8   Number         4  bsp_timer.o(.text.__NVIC_EnableIRQ)
    __NVIC_SetPriority                       0x00002cad   Thumb Code   128  ti_msp_dl_config.o(.text.__NVIC_SetPriority)
    [Anonymous Symbol]                       0x00002cac   Section        0  ti_msp_dl_config.o(.text.__NVIC_SetPriority)
    __arm_cp.38_0                            0x00002d2c   Number         4  ti_msp_dl_config.o(.text.__NVIC_SetPriority)
    __arm_cp.38_1                            0x00002d30   Number         4  ti_msp_dl_config.o(.text.__NVIC_SetPriority)
    [Anonymous Symbol]                       0x00002d34   Section        0  delay.o(.text.delay_ms)
    [Anonymous Symbol]                       0x00002d58   Section        0  delay.o(.text.delay_us)
    __arm_cp.0_0                             0x00002dc8   Number         4  delay.o(.text.delay_us)
    __arm_cp.0_1                             0x00002dcc   Number         4  delay.o(.text.delay_us)
    [Anonymous Symbol]                       0x00002dd0   Section        0  bsp_encoder.o(.text.encoder_init)
    [Anonymous Symbol]                       0x00002df8   Section        0  bsp_encoder.o(.text.encoder_update)
    __arm_cp.7_0                             0x00002e44   Number         4  bsp_encoder.o(.text.encoder_update)
    __arm_cp.7_1                             0x00002e48   Number         4  bsp_encoder.o(.text.encoder_update)
    [Anonymous Symbol]                       0x00002e4c   Section        0  main.o(.text.main)
    __arm_cp.0_0                             0x00002e88   Number         4  main.o(.text.main)
    [Anonymous Symbol]                       0x00002e8c   Section        0  bsp_motor.o(.text.myabs)
    [Anonymous Symbol]                       0x00002eac   Section        0  bsp_motor.o(.text.speed_limit)
    i.__ARM_clz                              0x00002f18   Section        0  depilogue.o(i.__ARM_clz)
    i.__scatterload_copy                     0x00002f48   Section       14  handlers.o(i.__scatterload_copy)
    i.__scatterload_null                     0x00002f58   Section        2  handlers.o(i.__scatterload_null)
    i.__scatterload_zeroinit                 0x00002f60   Section       14  handlers.o(i.__scatterload_zeroinit)
    gSYSPLLConfig                            0x00004958   Data          40  ti_msp_dl_config.o(.rodata.gSYSPLLConfig)
    [Anonymous Symbol]                       0x00004958   Section        0  ti_msp_dl_config.o(.rodata.gSYSPLLConfig)
    gTIMER_20msClockConfig                   0x00004980   Data           3  ti_msp_dl_config.o(.rodata.gTIMER_20msClockConfig)
    [Anonymous Symbol]                       0x00004980   Section        0  ti_msp_dl_config.o(.rodata.gTIMER_20msClockConfig)
    gTIMER_20msTimerConfig                   0x00004984   Data          20  ti_msp_dl_config.o(.rodata.gTIMER_20msTimerConfig)
    [Anonymous Symbol]                       0x00004984   Section        0  ti_msp_dl_config.o(.rodata.gTIMER_20msTimerConfig)
    gTIMER_DISPLAYClockConfig                0x00004998   Data           3  ti_msp_dl_config.o(.rodata.gTIMER_DISPLAYClockConfig)
    [Anonymous Symbol]                       0x00004998   Section        0  ti_msp_dl_config.o(.rodata.gTIMER_DISPLAYClockConfig)
    gTIMER_DISPLAYTimerConfig                0x0000499c   Data          20  ti_msp_dl_config.o(.rodata.gTIMER_DISPLAYTimerConfig)
    [Anonymous Symbol]                       0x0000499c   Section        0  ti_msp_dl_config.o(.rodata.gTIMER_DISPLAYTimerConfig)
    gUART_0ClockConfig                       0x000049b0   Data           2  ti_msp_dl_config.o(.rodata.gUART_0ClockConfig)
    [Anonymous Symbol]                       0x000049b0   Section        0  ti_msp_dl_config.o(.rodata.gUART_0ClockConfig)
    gUART_0Config                            0x000049b2   Data          10  ti_msp_dl_config.o(.rodata.gUART_0Config)
    [Anonymous Symbol]                       0x000049b2   Section        0  ti_msp_dl_config.o(.rodata.gUART_0Config)
    gmotor_PWMClockConfig                    0x000049bc   Data           3  ti_msp_dl_config.o(.rodata.gmotor_PWMClockConfig)
    [Anonymous Symbol]                       0x000049bc   Section        0  ti_msp_dl_config.o(.rodata.gmotor_PWMClockConfig)
    gmotor_PWMConfig                         0x000049c0   Data           8  ti_msp_dl_config.o(.rodata.gmotor_PWMConfig)
    [Anonymous Symbol]                       0x000049c0   Section        0  ti_msp_dl_config.o(.rodata.gmotor_PWMConfig)
    [Anonymous Symbol]                       0x000049c8   Section        0  main.o(.rodata.str1.1)
    [Anonymous Symbol]                       0x000049cc   Section        0  oled.o(.rodata.str1.1)
    APP_HD_PID_Calc.IRTrack_Integral         0x20200020   Data           4  app_irtracking_eight.o(.bss.APP_HD_PID_Calc.IRTrack_Integral)
    [Anonymous Symbol]                       0x20200020   Section        0  app_irtracking_eight.o(.bss.APP_HD_PID_Calc.IRTrack_Integral)
    LineWalking.err                          0x2020002c   Data           1  app_irtracking_eight.o(.bss.LineWalking.err)
    [Anonymous Symbol]                       0x2020002c   Section        0  app_irtracking_eight.o(.bss.LineWalking.err)
    speed_L1_setup                           0x20200548   Data           4  app_motor.o(.bss.speed_L1_setup)
    [Anonymous Symbol]                       0x20200548   Section        0  app_motor.o(.bss.speed_L1_setup)
    speed_R1_setup                           0x2020054c   Data           4  app_motor.o(.bss.speed_R1_setup)
    [Anonymous Symbol]                       0x2020054c   Section        0  app_motor.o(.bss.speed_R1_setup)
    speed_fb                                 0x20200550   Data           4  app_motor.o(.bss.speed_fb)
    [Anonymous Symbol]                       0x20200550   Section        0  app_motor.o(.bss.speed_fb)
    speed_lr                                 0x20200554   Data           4  app_motor.o(.bss.speed_lr)
    [Anonymous Symbol]                       0x20200554   Section        0  app_motor.o(.bss.speed_lr)
    speed_spin                               0x20200558   Data           4  app_motor.o(.bss.speed_spin)
    [Anonymous Symbol]                       0x20200558   Section        0  app_motor.o(.bss.speed_spin)
    STACK                                    0x20200560   Section     1024  startup_mspm0g350x_uvision.o(STACK)

    Global Symbols

    Symbol Name                              Value     Ov Type        Size  Object(Section)

    BuildAttributes$$THM_ISAv3M$S$PE$A:L22$X:L11$S22$IEEE1$IW$~IW$USESV6$~STKCKD$USESV7$~SHL$OTIME$ROPI$EBA8$MICROLIB$REQ8$PRES8$EABIv2 0x00000000   Number         0  anon$$obj.o ABSOLUTE
    __Vectors                                0x00000000   Data           4  startup_mspm0g350x_uvision.o(RESET)
    __cpp_initialize__aeabi_                  - Undefined Weak Reference
    __cxa_finalize                            - Undefined Weak Reference
    __decompress                              - Undefined Weak Reference
    _clock_init                               - Undefined Weak Reference
    _microlib_exit                            - Undefined Weak Reference
    __Vectors_End                            0x000000c0   Data           0  startup_mspm0g350x_uvision.o(RESET)
    __Vectors_Size                           0x000000c0   Number         0  startup_mspm0g350x_uvision.o ABSOLUTE
    __main                                   0x000000c1   Thumb Code     0  entry.o(.ARM.Collect$$$$00000000)
    _main_stk                                0x000000c1   Thumb Code     0  entry2.o(.ARM.Collect$$$$00000001)
    _main_scatterload                        0x000000c5   Thumb Code     0  entry5.o(.ARM.Collect$$$$00000004)
    __main_after_scatterload                 0x000000c9   Thumb Code     0  entry5.o(.ARM.Collect$$$$00000004)
    _main_clock                              0x000000c9   Thumb Code     0  entry7b.o(.ARM.Collect$$$$00000008)
    _main_cpp_init                           0x000000c9   Thumb Code     0  entry8b.o(.ARM.Collect$$$$0000000A)
    _main_init                               0x000000c9   Thumb Code     0  entry9a.o(.ARM.Collect$$$$0000000B)
    __rt_final_cpp                           0x000000d1   Thumb Code     0  entry10a.o(.ARM.Collect$$$$0000000D)
    __rt_final_exit                          0x000000d1   Thumb Code     0  entry11a.o(.ARM.Collect$$$$0000000F)
    Reset_Handler                            0x000000d5   Thumb Code     4  startup_mspm0g350x_uvision.o(.text)
    NMI_Handler                              0x000000d9   Thumb Code     2  startup_mspm0g350x_uvision.o(.text)
    HardFault_Handler                        0x000000db   Thumb Code     2  startup_mspm0g350x_uvision.o(.text)
    SVC_Handler                              0x000000dd   Thumb Code     2  startup_mspm0g350x_uvision.o(.text)
    PendSV_Handler                           0x000000df   Thumb Code     2  startup_mspm0g350x_uvision.o(.text)
    SysTick_Handler                          0x000000e1   Thumb Code     2  startup_mspm0g350x_uvision.o(.text)
    ADC0_IRQHandler                          0x000000e3   Thumb Code     0  startup_mspm0g350x_uvision.o(.text)
    ADC1_IRQHandler                          0x000000e3   Thumb Code     0  startup_mspm0g350x_uvision.o(.text)
    AES_IRQHandler                           0x000000e3   Thumb Code     0  startup_mspm0g350x_uvision.o(.text)
    CANFD0_IRQHandler                        0x000000e3   Thumb Code     0  startup_mspm0g350x_uvision.o(.text)
    DAC0_IRQHandler                          0x000000e3   Thumb Code     0  startup_mspm0g350x_uvision.o(.text)
    DMA_IRQHandler                           0x000000e3   Thumb Code     0  startup_mspm0g350x_uvision.o(.text)
    Default_Handler                          0x000000e3   Thumb Code     2  startup_mspm0g350x_uvision.o(.text)
    GROUP0_IRQHandler                        0x000000e3   Thumb Code     0  startup_mspm0g350x_uvision.o(.text)
    I2C0_IRQHandler                          0x000000e3   Thumb Code     0  startup_mspm0g350x_uvision.o(.text)
    I2C1_IRQHandler                          0x000000e3   Thumb Code     0  startup_mspm0g350x_uvision.o(.text)
    RTC_IRQHandler                           0x000000e3   Thumb Code     0  startup_mspm0g350x_uvision.o(.text)
    SPI0_IRQHandler                          0x000000e3   Thumb Code     0  startup_mspm0g350x_uvision.o(.text)
    SPI1_IRQHandler                          0x000000e3   Thumb Code     0  startup_mspm0g350x_uvision.o(.text)
    TIMA0_IRQHandler                         0x000000e3   Thumb Code     0  startup_mspm0g350x_uvision.o(.text)
    TIMG0_IRQHandler                         0x000000e3   Thumb Code     0  startup_mspm0g350x_uvision.o(.text)
    TIMG12_IRQHandler                        0x000000e3   Thumb Code     0  startup_mspm0g350x_uvision.o(.text)
    TIMG7_IRQHandler                         0x000000e3   Thumb Code     0  startup_mspm0g350x_uvision.o(.text)
    TIMG8_IRQHandler                         0x000000e3   Thumb Code     0  startup_mspm0g350x_uvision.o(.text)
    UART0_IRQHandler                         0x000000e3   Thumb Code     0  startup_mspm0g350x_uvision.o(.text)
    UART1_IRQHandler                         0x000000e3   Thumb Code     0  startup_mspm0g350x_uvision.o(.text)
    UART2_IRQHandler                         0x000000e3   Thumb Code     0  startup_mspm0g350x_uvision.o(.text)
    UART3_IRQHandler                         0x000000e3   Thumb Code     0  startup_mspm0g350x_uvision.o(.text)
    __aeabi_fadd                             0x000000e9   Thumb Code   162  fadd.o(.text)
    __aeabi_fsub                             0x0000018b   Thumb Code     8  fadd.o(.text)
    __aeabi_frsub                            0x00000193   Thumb Code     8  fadd.o(.text)
    __aeabi_fmul                             0x0000019b   Thumb Code   122  fmul.o(.text)
    __aeabi_fdiv                             0x00000215   Thumb Code   124  fdiv.o(.text)
    __aeabi_fcmple                           0x00000291   Thumb Code    28  fcmple.o(.text)
    __aeabi_fcmpge                           0x000002ad   Thumb Code    28  fcmpge.o(.text)
    __aeabi_i2f                              0x000002c9   Thumb Code    22  fflti.o(.text)
    __aeabi_i2d                              0x000002e1   Thumb Code    34  dflti.o(.text)
    __aeabi_f2iz                             0x00000309   Thumb Code    50  ffixi.o(.text)
    __aeabi_d2f                              0x0000033b   Thumb Code    56  d2f.o(.text)
    __aeabi_uidiv                            0x00000373   Thumb Code     0  uidiv_div0.o(.text)
    __aeabi_uidivmod                         0x00000373   Thumb Code    62  uidiv_div0.o(.text)
    __I$use$fp                               0x000003b1   Thumb Code     0  iusefp.o(.text)
    _float_round                             0x000003b1   Thumb Code    16  fepilogue.o(.text)
    _float_epilogue                          0x000003c1   Thumb Code   114  fepilogue.o(.text)
    _double_round                            0x00000433   Thumb Code    26  depilogue.o(.text)
    _double_epilogue                         0x0000044d   Thumb Code   164  depilogue.o(.text)
    __scatterload                            0x000004f1   Thumb Code    28  init.o(.text)
    __scatterload_rt2                        0x000004f1   Thumb Code     0  init.o(.text)
    __aeabi_llsl                             0x00000515   Thumb Code    32  llshl.o(.text)
    _ll_shift_l                              0x00000515   Thumb Code     0  llshl.o(.text)
    __aeabi_llsr                             0x00000535   Thumb Code    34  llushr.o(.text)
    _ll_ushift_r                             0x00000535   Thumb Code     0  llushr.o(.text)
    APP_HD_PID_Calc                          0x00000559   Thumb Code   132  app_irtracking_eight.o(.text.APP_HD_PID_Calc)
    Copy_HD_Data                             0x000005ed   Thumb Code    52  app_irtracking_eight.o(.text.Copy_HD_Data)
    DL_Common_delayCycles                    0x00000645   Thumb Code    10  dl_common.o(.text.DL_Common_delayCycles)
    DL_SYSCTL_configSYSPLL                   0x000008f5   Thumb Code   192  dl_sysctl_mspm0g1x0x_g3x0x.o(.text.DL_SYSCTL_configSYSPLL)
    DL_SYSCTL_setHFCLKSourceHFXTParams       0x00000a21   Thumb Code    80  dl_sysctl_mspm0g1x0x_g3x0x.o(.text.DL_SYSCTL_setHFCLKSourceHFXTParams)
    DL_SYSCTL_switchMCLKfromSYSOSCtoHSCLK    0x00000aa5   Thumb Code    40  dl_sysctl_mspm0g1x0x_g3x0x.o(.text.DL_SYSCTL_switchMCLKfromSYSOSCtoHSCLK)
    DL_Timer_initFourCCPWMMode               0x00000b55   Thumb Code   264  dl_timer.o(.text.DL_Timer_initFourCCPWMMode)
    DL_Timer_initTimerMode                   0x00000c5d   Thumb Code   236  dl_timer.o(.text.DL_Timer_initTimerMode)
    DL_Timer_setCaptCompUpdateMethod         0x00000d6d   Thumb Code    28  dl_timer.o(.text.DL_Timer_setCaptCompUpdateMethod)
    DL_Timer_setCaptureCompareOutCtl         0x00000d89   Thumb Code    24  dl_timer.o(.text.DL_Timer_setCaptureCompareOutCtl)
    DL_Timer_setCaptureCompareValue          0x00000da1   Thumb Code    16  dl_timer.o(.text.DL_Timer_setCaptureCompareValue)
    DL_Timer_setClockConfig                  0x00000db1   Thumb Code    24  dl_timer.o(.text.DL_Timer_setClockConfig)
    DL_UART_init                             0x00000e41   Thumb Code    72  dl_uart.o(.text.DL_UART_init)
    DL_UART_setClockConfig                   0x00000eed   Thumb Code    18  dl_uart.o(.text.DL_UART_setClockConfig)
    Encoder_Get_ALL                          0x00000f41   Thumb Code    28  bsp_encoder.o(.text.Encoder_Get_ALL)
    GPIO_setPins                             0x00000f5d   Thumb Code    44  bsp_ir_eight.o(.text.GPIO_setPins)
    GROUP1_IRQHandler                        0x00000f89   Thumb Code   380  bsp_encoder.o(.text.GROUP1_IRQHandler)
    I2C_Start                                0x00001111   Thumb Code    64  oled.o(.text.I2C_Start)
    I2C_Stop                                 0x00001151   Thumb Code    48  oled.o(.text.I2C_Stop)
    I2C_WaitAck                              0x00001181   Thumb Code    56  oled.o(.text.I2C_WaitAck)
    IIC_delay                                0x000011bd   Thumb Code    10  oled.o(.text.IIC_delay)
    Init_Motor_PWM                           0x000011c9   Thumb Code    12  bsp_motor.o(.text.Init_Motor_PWM)
    L1_control                               0x000011d5   Thumb Code    76  bsp_motor.o(.text.L1_control)
    LineWalking                              0x00001225   Thumb Code  1476  app_irtracking_eight.o(.text.LineWalking)
    Motion_Car_Control                       0x00001811   Thumb Code   280  app_motor.o(.text.Motion_Car_Control)
    Motion_Get_APB                           0x0000194d   Thumb Code     4  app_motor.o(.text.Motion_Get_APB)
    Motion_Get_Circle_MM                     0x00001955   Thumb Code     4  app_motor.o(.text.Motion_Get_Circle_MM)
    Motion_Get_Encoder                       0x00001965   Thumb Code    72  app_motor.o(.text.Motion_Get_Encoder)
    Motion_Get_Speed                         0x000019b5   Thumb Code   232  app_motor.o(.text.Motion_Get_Speed)
    Motion_Handle                            0x00001aa5   Thumb Code   112  app_motor.o(.text.Motion_Handle)
    Motion_Set_Speed                         0x00001b1d   Thumb Code    96  app_motor.o(.text.Motion_Set_Speed)
    OLED_Clear                               0x00001bc9   Thumb Code    92  oled.o(.text.OLED_Clear)
    OLED_DrawPoint                           0x00001c25   Thumb Code   108  oled.o(.text.OLED_DrawPoint)
    OLED_Init                                0x00001c91   Thumb Code   252  oled.o(.text.OLED_Init)
    OLED_Pow                                 0x00001d91   Thumb Code    48  oled.o(.text.OLED_Pow)
    OLED_Refresh                             0x00001dc1   Thumb Code   152  oled.o(.text.OLED_Refresh)
    OLED_SHOW_IR                             0x00001e5d   Thumb Code    64  bsp_ir_eight.o(.text.OLED_SHOW_IR)
    OLED_ShowChar                            0x00001ea1   Thumb Code   448  oled.o(.text.OLED_ShowChar)
    OLED_ShowNum                             0x00002071   Thumb Code   226  oled.o(.text.OLED_ShowNum)
    OLED_ShowString                          0x00002153   Thumb Code   154  oled.o(.text.OLED_ShowString)
    OLED_WR_Byte                             0x000021ed   Thumb Code    78  oled.o(.text.OLED_WR_Byte)
    PID_Calc_Motor                           0x0000223d   Thumb Code    64  bsp_pid_motor.o(.text.PID_Calc_Motor)
    PID_Incre_Calc                           0x0000227d   Thumb Code   208  bsp_pid_motor.o(.text.PID_Incre_Calc)
    PID_Param_Init                           0x00002355   Thumb Code   184  bsp_pid_motor.o(.text.PID_Param_Init)
    PID_Set_Motor_Parm                       0x00002425   Thumb Code   148  bsp_pid_motor.o(.text.PID_Set_Motor_Parm)
    PID_Set_Motor_Target                     0x000024b9   Thumb Code    88  bsp_pid_motor.o(.text.PID_Set_Motor_Target)
    PWM_Control_Car                          0x00002515   Thumb Code   204  bsp_motor.o(.text.PWM_Control_Car)
    R1_control                               0x000025e5   Thumb Code    80  bsp_motor.o(.text.R1_control)
    ReadEightIR                              0x00002639   Thumb Code   136  bsp_ir_eight.o(.text.ReadEightIR)
    SYSCFG_DL_GPIO_init                      0x000026c1   Thumb Code   360  ti_msp_dl_config.o(.text.SYSCFG_DL_GPIO_init)
    SYSCFG_DL_SYSCTL_CLK_init                0x00002839   Thumb Code    24  ti_msp_dl_config.o(.text.SYSCFG_DL_SYSCTL_CLK_init)
    SYSCFG_DL_SYSCTL_init                    0x00002855   Thumb Code    84  ti_msp_dl_config.o(.text.SYSCFG_DL_SYSCTL_init)
    SYSCFG_DL_SYSTICK_init                   0x000028ad   Thumb Code    14  ti_msp_dl_config.o(.text.SYSCFG_DL_SYSTICK_init)
    SYSCFG_DL_TIMER_20ms_init                0x000028bd   Thumb Code    52  ti_msp_dl_config.o(.text.SYSCFG_DL_TIMER_20ms_init)
    SYSCFG_DL_TIMER_DISPLAY_init             0x000028f9   Thumb Code    48  ti_msp_dl_config.o(.text.SYSCFG_DL_TIMER_DISPLAY_init)
    SYSCFG_DL_UART_0_init                    0x00002931   Thumb Code    68  ti_msp_dl_config.o(.text.SYSCFG_DL_UART_0_init)
    SYSCFG_DL_init                           0x00002981   Thumb Code    60  ti_msp_dl_config.o(.text.SYSCFG_DL_init)
    SYSCFG_DL_initPower                      0x000029c9   Thumb Code   100  ti_msp_dl_config.o(.text.SYSCFG_DL_initPower)
    SYSCFG_DL_motor_PWM_init                 0x00002a39   Thumb Code   196  ti_msp_dl_config.o(.text.SYSCFG_DL_motor_PWM_init)
    Send_Byte                                0x00002b09   Thumb Code   116  oled.o(.text.Send_Byte)
    TIMA1_IRQHandler                         0x00002b7d   Thumb Code    28  bsp_timer.o(.text.TIMA1_IRQHandler)
    TIMG6_IRQHandler                         0x00002ba1   Thumb Code    60  bsp_timer.o(.text.TIMG6_IRQHandler)
    Timer_20ms_Init                          0x00002be5   Thumb Code    28  bsp_timer.o(.text.Timer_20ms_Init)
    delay_ms                                 0x00002d35   Thumb Code    34  delay.o(.text.delay_ms)
    delay_us                                 0x00002d59   Thumb Code   112  delay.o(.text.delay_us)
    encoder_init                             0x00002dd1   Thumb Code    38  bsp_encoder.o(.text.encoder_init)
    encoder_update                           0x00002df9   Thumb Code    76  bsp_encoder.o(.text.encoder_update)
    main                                     0x00002e4d   Thumb Code    60  main.o(.text.main)
    myabs                                    0x00002e8d   Thumb Code    32  bsp_motor.o(.text.myabs)
    speed_limit                              0x00002ead   Thumb Code   108  bsp_motor.o(.text.speed_limit)
    __ARM_clz                                0x00002f19   Thumb Code    46  depilogue.o(i.__ARM_clz)
    __scatterload_copy                       0x00002f49   Thumb Code    14  handlers.o(i.__scatterload_copy)
    __scatterload_null                       0x00002f59   Thumb Code     2  handlers.o(i.__scatterload_null)
    __scatterload_zeroinit                   0x00002f61   Thumb Code    14  handlers.o(i.__scatterload_zeroinit)
    asc2_0806                                0x00002f6e   Data         552  oled.o(.rodata.asc2_0806)
    asc2_1206                                0x00003196   Data        1140  oled.o(.rodata.asc2_1206)
    asc2_1608                                0x0000360a   Data        1520  oled.o(.rodata.asc2_1608)
    asc2_2412                                0x00003bfa   Data        3420  oled.o(.rodata.asc2_2412)
    Region$$Table$$Base                      0x000049dc   Number         0  anon$$obj.o(Region$$Table)
    Region$$Table$$Limit                     0x000049fc   Number         0  anon$$obj.o(Region$$Table)
    pid_Yaw                                  0x20200000   Data          28  bsp_pid_motor.o(.data.pid_Yaw)
    IR_Data_number                           0x20200024   Data           8  bsp_ir_eight.o(.bss.IR_Data_number)
    OLED_GRAM                                0x2020002d   Data         576  oled.o(.bss.OLED_GRAM)
    X1                                       0x2020026d   Data           1  app_irtracking_eight.o(.bss.X1)
    X2                                       0x2020026e   Data           1  app_irtracking_eight.o(.bss.X2)
    X3                                       0x2020026f   Data           1  app_irtracking_eight.o(.bss.X3)
    X4                                       0x20200270   Data           1  app_irtracking_eight.o(.bss.X4)
    X5                                       0x20200271   Data           1  app_irtracking_eight.o(.bss.X5)
    X6                                       0x20200272   Data           1  app_irtracking_eight.o(.bss.X6)
    X7                                       0x20200273   Data           1  app_irtracking_eight.o(.bss.X7)
    X8                                       0x20200274   Data           1  app_irtracking_eight.o(.bss.X8)
    car_data                                 0x20200276   Data           6  app_motor.o(.bss.car_data)
    gTIMER_20msBackup                        0x2020027c   Data         160  ti_msp_dl_config.o(.bss.gTIMER_20msBackup)
    gTIMER_DISPLAYBackup                     0x2020031c   Data         188  ti_msp_dl_config.o(.bss.gTIMER_DISPLAYBackup)
    g_Encoder_All_Last                       0x202003d8   Data           8  app_motor.o(.bss.g_Encoder_All_Last)
    g_Encoder_All_Now                        0x202003e0   Data           8  app_motor.o(.bss.g_Encoder_All_Now)
    g_Encoder_All_Offset                     0x202003e8   Data           8  app_motor.o(.bss.g_Encoder_All_Offset)
    g_start_ctrl                             0x202003f0   Data           1  app_motor.o(.bss.g_start_ctrl)
    gled_cnt                                 0x202003f1   Data           1  bsp_timer.o(.bss.gled_cnt)
    gmotor_PWMBackup                         0x202003f4   Data         188  ti_msp_dl_config.o(.bss.gmotor_PWMBackup)
    motorL_encoder                           0x202004b0   Data          24  bsp_encoder.o(.bss.motorL_encoder)
    motorR_encoder                           0x202004c8   Data          24  bsp_encoder.o(.bss.motorR_encoder)
    motor_data                               0x202004e0   Data          20  app_motor.o(.bss.motor_data)
    pid_motor                                0x202004f4   Data          80  bsp_pid_motor.o(.bss.pid_motor)
    pid_output_IRR                           0x20200544   Data           4  app_irtracking_eight.o(.bss.pid_output_IRR)
    __initial_sp                             0x20200960   Data           0  startup_mspm0g350x_uvision.o(STACK)



==============================================================================

Memory Map of the image

  Image Entry point : 0x000000c1

  Load Region LR_IROM1 (Base: 0x00000000, Size: 0x00004a20, Max: 0x00020000, ABSOLUTE)

    Execution Region ER_IROM1 (Exec base: 0x00000000, Load base: 0x00000000, Size: 0x000049fc, Max: 0x00020000, ABSOLUTE)

    Exec Addr    Load Addr    Size         Type   Attr      Idx    E Section Name        Object

    0x00000000   0x00000000   0x000000c0   Data   RO            3    RESET               startup_mspm0g350x_uvision.o
    0x000000c0   0x000000c0   0x00000000   Code   RO          723  * .ARM.Collect$$$$00000000  mc_p.l(entry.o)
    0x000000c0   0x000000c0   0x00000004   Code   RO          769    .ARM.Collect$$$$00000001  mc_p.l(entry2.o)
    0x000000c4   0x000000c4   0x00000004   Code   RO          772    .ARM.Collect$$$$00000004  mc_p.l(entry5.o)
    0x000000c8   0x000000c8   0x00000000   Code   RO          774    .ARM.Collect$$$$00000008  mc_p.l(entry7b.o)
    0x000000c8   0x000000c8   0x00000000   Code   RO          776    .ARM.Collect$$$$0000000A  mc_p.l(entry8b.o)
    0x000000c8   0x000000c8   0x00000008   Code   RO          777    .ARM.Collect$$$$0000000B  mc_p.l(entry9a.o)
    0x000000d0   0x000000d0   0x00000000   Code   RO          779    .ARM.Collect$$$$0000000D  mc_p.l(entry10a.o)
    0x000000d0   0x000000d0   0x00000000   Code   RO          781    .ARM.Collect$$$$0000000F  mc_p.l(entry11a.o)
    0x000000d0   0x000000d0   0x00000004   Code   RO          770    .ARM.Collect$$$$00002712  mc_p.l(entry2.o)
    0x000000d4   0x000000d4   0x00000014   Code   RO            4    .text               startup_mspm0g350x_uvision.o
    0x000000e8   0x000000e8   0x000000b2   Code   RO          741    .text               mf_p.l(fadd.o)
    0x0000019a   0x0000019a   0x0000007a   Code   RO          743    .text               mf_p.l(fmul.o)
    0x00000214   0x00000214   0x0000007c   Code   RO          745    .text               mf_p.l(fdiv.o)
    0x00000290   0x00000290   0x0000001c   Code   RO          747    .text               mf_p.l(fcmple.o)
    0x000002ac   0x000002ac   0x0000001c   Code   RO          751    .text               mf_p.l(fcmpge.o)
    0x000002c8   0x000002c8   0x00000016   Code   RO          759    .text               mf_p.l(fflti.o)
    0x000002de   0x000002de   0x00000002   PAD
    0x000002e0   0x000002e0   0x00000028   Code   RO          761    .text               mf_p.l(dflti.o)
    0x00000308   0x00000308   0x00000032   Code   RO          763    .text               mf_p.l(ffixi.o)
    0x0000033a   0x0000033a   0x00000038   Code   RO          767    .text               mf_p.l(d2f.o)
    0x00000372   0x00000372   0x0000003e   Code   RO          787    .text               mc_p.l(uidiv_div0.o)
    0x000003b0   0x000003b0   0x00000000   Code   RO          793    .text               mc_p.l(iusefp.o)
    0x000003b0   0x000003b0   0x00000082   Code   RO          794    .text               mf_p.l(fepilogue.o)
    0x00000432   0x00000432   0x000000be   Code   RO          796    .text               mf_p.l(depilogue.o)
    0x000004f0   0x000004f0   0x00000024   Code   RO          800    .text               mc_p.l(init.o)
    0x00000514   0x00000514   0x00000020   Code   RO          802    .text               mc_p.l(llshl.o)
    0x00000534   0x00000534   0x00000022   Code   RO          804    .text               mc_p.l(llushr.o)
    0x00000556   0x00000556   0x00000002   PAD
    0x00000558   0x00000558   0x00000094   Code   RO          486    .text.APP_HD_PID_Calc  app_irtracking_eight.o
    0x000005ec   0x000005ec   0x00000058   Code   RO          492    .text.Copy_HD_Data  app_irtracking_eight.o
    0x00000644   0x00000644   0x0000000a   Code   RO          546    .text.DL_Common_delayCycles  driverlib.a(dl_common.o)
    0x0000064e   0x0000064e   0x00000028   Code   RO          111    .text.DL_Common_updateReg  ti_msp_dl_config.o
    0x00000676   0x00000676   0x00000002   PAD
    0x00000678   0x00000678   0x00000018   Code   RO           67    .text.DL_GPIO_clearInterruptStatus  ti_msp_dl_config.o
    0x00000690   0x00000690   0x0000001c   Code   RO          288    .text.DL_GPIO_clearInterruptStatus  bsp_encoder.o
    0x000006ac   0x000006ac   0x00000014   Code   RO           61    .text.DL_GPIO_clearPins  ti_msp_dl_config.o
    0x000006c0   0x000006c0   0x00000014   Code   RO          215    .text.DL_GPIO_clearPins  oled.o
    0x000006d4   0x000006d4   0x00000014   Code   RO          367    .text.DL_GPIO_clearPins  bsp_ir_eight.o
    0x000006e8   0x000006e8   0x0000001c   Code   RO           69    .text.DL_GPIO_enableInterrupt  ti_msp_dl_config.o
    0x00000704   0x00000704   0x00000018   Code   RO           51    .text.DL_GPIO_enableOutput  ti_msp_dl_config.o
    0x0000071c   0x0000071c   0x00000018   Code   RO           41    .text.DL_GPIO_enablePower  ti_msp_dl_config.o
    0x00000734   0x00000734   0x00000018   Code   RO          284    .text.DL_GPIO_getEnabledInterruptStatus  bsp_encoder.o
    0x0000074c   0x0000074c   0x00000030   Code   RO           59    .text.DL_GPIO_initDigitalInputFeatures  ti_msp_dl_config.o
    0x0000077c   0x0000077c   0x00000014   Code   RO           57    .text.DL_GPIO_initDigitalOutput  ti_msp_dl_config.o
    0x00000790   0x00000790   0x0000002c   Code   RO           55    .text.DL_GPIO_initDigitalOutputFeatures  ti_msp_dl_config.o
    0x000007bc   0x000007bc   0x00000014   Code   RO           47    .text.DL_GPIO_initPeripheralAnalogFunction  ti_msp_dl_config.o
    0x000007d0   0x000007d0   0x0000001c   Code   RO           53    .text.DL_GPIO_initPeripheralInputFunction  ti_msp_dl_config.o
    0x000007ec   0x000007ec   0x0000001c   Code   RO           49    .text.DL_GPIO_initPeripheralOutputFunction  ti_msp_dl_config.o
    0x00000808   0x00000808   0x00000016   Code   RO          286    .text.DL_GPIO_readPins  bsp_encoder.o
    0x0000081e   0x0000081e   0x00000016   Code   RO          371    .text.DL_GPIO_readPins  bsp_ir_eight.o
    0x00000834   0x00000834   0x00000018   Code   RO           35    .text.DL_GPIO_reset  ti_msp_dl_config.o
    0x0000084c   0x0000084c   0x0000001c   Code   RO           71    .text.DL_GPIO_setLowerPinsPolarity  ti_msp_dl_config.o
    0x00000868   0x00000868   0x00000014   Code   RO           63    .text.DL_GPIO_setPins  ti_msp_dl_config.o
    0x0000087c   0x0000087c   0x00000014   Code   RO          213    .text.DL_GPIO_setPins  oled.o
    0x00000890   0x00000890   0x00000018   Code   RO          365    .text.DL_GPIO_setPins  bsp_ir_eight.o
    0x000008a8   0x000008a8   0x00000018   Code   RO           65    .text.DL_GPIO_setUpperPinsPolarity  ti_msp_dl_config.o
    0x000008c0   0x000008c0   0x00000018   Code   RO          349    .text.DL_GPIO_togglePins  bsp_timer.o
    0x000008d8   0x000008d8   0x0000001c   Code   RO          282    .text.DL_Interrupt_getPendingGroup  bsp_encoder.o
    0x000008f4   0x000008f4   0x000000c0   Code   RO          692    .text.DL_SYSCTL_configSYSPLL  driverlib.a(dl_sysctl_mspm0g1x0x_g3x0x.o)
    0x000009b4   0x000009b4   0x0000000c   Code   RO           79    .text.DL_SYSCTL_disableHFXT  ti_msp_dl_config.o
    0x000009c0   0x000009c0   0x00000014   Code   RO           81    .text.DL_SYSCTL_disableSYSPLL  ti_msp_dl_config.o
    0x000009d4   0x000009d4   0x00000010   Code   RO           85    .text.DL_SYSCTL_enableMFCLK  ti_msp_dl_config.o
    0x000009e4   0x000009e4   0x00000008   Code   RO           89    .text.DL_SYSCTL_getClockStatus  ti_msp_dl_config.o
    0x000009ec   0x000009ec   0x00000018   Code   RO           73    .text.DL_SYSCTL_setBORThreshold  ti_msp_dl_config.o
    0x00000a04   0x00000a04   0x0000001c   Code   RO           75    .text.DL_SYSCTL_setFlashWaitState  ti_msp_dl_config.o
    0x00000a20   0x00000a20   0x00000050   Code   RO          706    .text.DL_SYSCTL_setHFCLKSourceHFXTParams  driverlib.a(dl_sysctl_mspm0g1x0x_g3x0x.o)
    0x00000a70   0x00000a70   0x0000001c   Code   RO           77    .text.DL_SYSCTL_setSYSOSCFreq  ti_msp_dl_config.o
    0x00000a8c   0x00000a8c   0x00000018   Code   RO           83    .text.DL_SYSCTL_setULPCLKDivider  ti_msp_dl_config.o
    0x00000aa4   0x00000aa4   0x00000028   Code   RO          700    .text.DL_SYSCTL_switchMCLKfromSYSOSCtoHSCLK  driverlib.a(dl_sysctl_mspm0g1x0x_g3x0x.o)
    0x00000acc   0x00000acc   0x0000000c   Code   RO          109    .text.DL_SYSTICK_enable  ti_msp_dl_config.o
    0x00000ad8   0x00000ad8   0x00000028   Code   RO          107    .text.DL_SYSTICK_init  ti_msp_dl_config.o
    0x00000b00   0x00000b00   0x00000014   Code   RO           91    .text.DL_Timer_enableClock  ti_msp_dl_config.o
    0x00000b14   0x00000b14   0x00000018   Code   RO           95    .text.DL_Timer_enableInterrupt  ti_msp_dl_config.o
    0x00000b2c   0x00000b2c   0x00000014   Code   RO           43    .text.DL_Timer_enablePower  ti_msp_dl_config.o
    0x00000b40   0x00000b40   0x00000012   Code   RO          347    .text.DL_Timer_getPendingInterrupt  bsp_timer.o
    0x00000b52   0x00000b52   0x00000002   PAD
    0x00000b54   0x00000b54   0x00000108   Code   RO          631    .text.DL_Timer_initFourCCPWMMode  driverlib.a(dl_timer.o)
    0x00000c5c   0x00000c5c   0x000000ec   Code   RO          559    .text.DL_Timer_initTimerMode  driverlib.a(dl_timer.o)
    0x00000d48   0x00000d48   0x00000010   Code   RO           37    .text.DL_Timer_reset  ti_msp_dl_config.o
    0x00000d58   0x00000d58   0x00000014   Code   RO           93    .text.DL_Timer_setCCPDirection  ti_msp_dl_config.o
    0x00000d6c   0x00000d6c   0x0000001c   Code   RO          601    .text.DL_Timer_setCaptCompUpdateMethod  driverlib.a(dl_timer.o)
    0x00000d88   0x00000d88   0x00000018   Code   RO          605    .text.DL_Timer_setCaptureCompareOutCtl  driverlib.a(dl_timer.o)
    0x00000da0   0x00000da0   0x00000010   Code   RO          561    .text.DL_Timer_setCaptureCompareValue  driverlib.a(dl_timer.o)
    0x00000db0   0x00000db0   0x00000018   Code   RO          555    .text.DL_Timer_setClockConfig  driverlib.a(dl_timer.o)
    0x00000dc8   0x00000dc8   0x00000014   Code   RO          304    .text.DL_Timer_startCounter  bsp_motor.o
    0x00000ddc   0x00000ddc   0x00000018   Code   RO          341    .text.DL_Timer_startCounter  bsp_timer.o
    0x00000df4   0x00000df4   0x00000016   Code   RO          105    .text.DL_UART_enable  ti_msp_dl_config.o
    0x00000e0a   0x00000e0a   0x00000002   PAD
    0x00000e0c   0x00000e0c   0x0000001c   Code   RO          101    .text.DL_UART_enableInterrupt  ti_msp_dl_config.o
    0x00000e28   0x00000e28   0x00000018   Code   RO           45    .text.DL_UART_enablePower  ti_msp_dl_config.o
    0x00000e40   0x00000e40   0x00000048   Code   RO          652    .text.DL_UART_init  driverlib.a(dl_uart.o)
    0x00000e88   0x00000e88   0x00000018   Code   RO           39    .text.DL_UART_reset  ti_msp_dl_config.o
    0x00000ea0   0x00000ea0   0x0000004c   Code   RO           99    .text.DL_UART_setBaudRateDivisor  ti_msp_dl_config.o
    0x00000eec   0x00000eec   0x00000012   Code   RO          654    .text.DL_UART_setClockConfig  driverlib.a(dl_uart.o)
    0x00000efe   0x00000efe   0x0000001e   Code   RO           97    .text.DL_UART_setOversampling  ti_msp_dl_config.o
    0x00000f1c   0x00000f1c   0x00000024   Code   RO          103    .text.DL_UART_setRXInterruptTimeout  ti_msp_dl_config.o
    0x00000f40   0x00000f40   0x0000001c   Code   RO          274    .text.Encoder_Get_ALL  bsp_encoder.o
    0x00000f5c   0x00000f5c   0x0000002c   Code   RO          363    .text.GPIO_setPins  bsp_ir_eight.o
    0x00000f88   0x00000f88   0x00000188   Code   RO          280    .text.GROUP1_IRQHandler  bsp_encoder.o
    0x00001110   0x00001110   0x00000040   Code   RO          211    .text.I2C_Start     oled.o
    0x00001150   0x00001150   0x00000030   Code   RO          217    .text.I2C_Stop      oled.o
    0x00001180   0x00001180   0x0000003c   Code   RO          219    .text.I2C_WaitAck   oled.o
    0x000011bc   0x000011bc   0x0000000a   Code   RO          209    .text.IIC_delay     oled.o
    0x000011c6   0x000011c6   0x00000002   PAD
    0x000011c8   0x000011c8   0x0000000c   Code   RO          302    .text.Init_Motor_PWM  bsp_motor.o
    0x000011d4   0x000011d4   0x00000050   Code   RO          314    .text.L1_control    bsp_motor.o
    0x00001224   0x00001224   0x000005ec   Code   RO          496    .text.LineWalking   app_irtracking_eight.o
    0x00001810   0x00001810   0x0000013c   Code   RO          422    .text.Motion_Car_Control  app_motor.o
    0x0000194c   0x0000194c   0x00000008   Code   RO          406    .text.Motion_Get_APB  app_motor.o
    0x00001954   0x00001954   0x00000008   Code   RO          402    .text.Motion_Get_Circle_MM  app_motor.o
    0x0000195c   0x0000195c   0x00000008   Code   RO          404    .text.Motion_Get_Circle_Pulse  app_motor.o
    0x00001964   0x00001964   0x00000050   Code   RO          408    .text.Motion_Get_Encoder  app_motor.o
    0x000019b4   0x000019b4   0x000000f0   Code   RO          400    .text.Motion_Get_Speed  app_motor.o
    0x00001aa4   0x00001aa4   0x00000078   Code   RO          420    .text.Motion_Handle  app_motor.o
    0x00001b1c   0x00001b1c   0x00000068   Code   RO          394    .text.Motion_Set_Speed  app_motor.o
    0x00001b84   0x00001b84   0x00000044   Code   RO          312    .text.Motor_Ignore_Dead_Zone  bsp_motor.o
    0x00001bc8   0x00001bc8   0x0000005c   Code   RO          229    .text.OLED_Clear    oled.o
    0x00001c24   0x00001c24   0x0000006c   Code   RO          231    .text.OLED_DrawPoint  oled.o
    0x00001c90   0x00001c90   0x00000100   Code   RO          243    .text.OLED_Init     oled.o
    0x00001d90   0x00001d90   0x00000030   Code   RO          239    .text.OLED_Pow      oled.o
    0x00001dc0   0x00001dc0   0x0000009c   Code   RO          227    .text.OLED_Refresh  oled.o
    0x00001e5c   0x00001e5c   0x00000044   Code   RO          373    .text.OLED_SHOW_IR  bsp_ir_eight.o
    0x00001ea0   0x00001ea0   0x000001d0   Code   RO          235    .text.OLED_ShowChar  oled.o
    0x00002070   0x00002070   0x000000e2   Code   RO          241    .text.OLED_ShowNum  oled.o
    0x00002152   0x00002152   0x0000009a   Code   RO          237    .text.OLED_ShowString  oled.o
    0x000021ec   0x000021ec   0x0000004e   Code   RO          205    .text.OLED_WR_Byte  oled.o
    0x0000223a   0x0000223a   0x00000002   PAD
    0x0000223c   0x0000223c   0x00000040   Code   RO          461    .text.PID_Calc_Motor  bsp_pid_motor.o
    0x0000227c   0x0000227c   0x000000d8   Code   RO          455    .text.PID_Incre_Calc  bsp_pid_motor.o
    0x00002354   0x00002354   0x000000d0   Code   RO          445    .text.PID_Param_Init  bsp_pid_motor.o
    0x00002424   0x00002424   0x00000094   Code   RO          447    .text.PID_Set_Motor_Parm  bsp_pid_motor.o
    0x000024b8   0x000024b8   0x0000005c   Code   RO          467    .text.PID_Set_Motor_Target  bsp_pid_motor.o
    0x00002514   0x00002514   0x000000d0   Code   RO          310    .text.PWM_Control_Car  bsp_motor.o
    0x000025e4   0x000025e4   0x00000054   Code   RO          316    .text.R1_control    bsp_motor.o
    0x00002638   0x00002638   0x00000088   Code   RO          369    .text.ReadEightIR   bsp_ir_eight.o
    0x000026c0   0x000026c0   0x00000178   Code   RO           15    .text.SYSCFG_DL_GPIO_init  ti_msp_dl_config.o
    0x00002838   0x00002838   0x0000001c   Code   RO           29    .text.SYSCFG_DL_SYSCTL_CLK_init  ti_msp_dl_config.o
    0x00002854   0x00002854   0x00000058   Code   RO           17    .text.SYSCFG_DL_SYSCTL_init  ti_msp_dl_config.o
    0x000028ac   0x000028ac   0x0000000e   Code   RO           27    .text.SYSCFG_DL_SYSTICK_init  ti_msp_dl_config.o
    0x000028ba   0x000028ba   0x00000002   PAD
    0x000028bc   0x000028bc   0x0000003c   Code   RO           21    .text.SYSCFG_DL_TIMER_20ms_init  ti_msp_dl_config.o
    0x000028f8   0x000028f8   0x00000038   Code   RO           23    .text.SYSCFG_DL_TIMER_DISPLAY_init  ti_msp_dl_config.o
    0x00002930   0x00002930   0x00000050   Code   RO           25    .text.SYSCFG_DL_UART_0_init  ti_msp_dl_config.o
    0x00002980   0x00002980   0x00000048   Code   RO           11    .text.SYSCFG_DL_init  ti_msp_dl_config.o
    0x000029c8   0x000029c8   0x00000070   Code   RO           13    .text.SYSCFG_DL_initPower  ti_msp_dl_config.o
    0x00002a38   0x00002a38   0x000000d0   Code   RO           19    .text.SYSCFG_DL_motor_PWM_init  ti_msp_dl_config.o
    0x00002b08   0x00002b08   0x00000074   Code   RO          221    .text.Send_Byte     oled.o
    0x00002b7c   0x00002b7c   0x00000024   Code   RO          351    .text.TIMA1_IRQHandler  bsp_timer.o
    0x00002ba0   0x00002ba0   0x00000044   Code   RO          345    .text.TIMG6_IRQHandler  bsp_timer.o
    0x00002be4   0x00002be4   0x00000020   Code   RO          335    .text.Timer_20ms_Init  bsp_timer.o
    0x00002c04   0x00002c04   0x00000028   Code   RO          266    .text.__NVIC_ClearPendingIRQ  bsp_encoder.o
    0x00002c2c   0x00002c2c   0x0000002c   Code   RO          337    .text.__NVIC_ClearPendingIRQ  bsp_timer.o
    0x00002c58   0x00002c58   0x00000028   Code   RO          268    .text.__NVIC_EnableIRQ  bsp_encoder.o
    0x00002c80   0x00002c80   0x0000002c   Code   RO          339    .text.__NVIC_EnableIRQ  bsp_timer.o
    0x00002cac   0x00002cac   0x00000088   Code   RO           87    .text.__NVIC_SetPriority  ti_msp_dl_config.o
    0x00002d34   0x00002d34   0x00000022   Code   RO          144    .text.delay_ms      delay.o
    0x00002d56   0x00002d56   0x00000002   PAD
    0x00002d58   0x00002d58   0x00000078   Code   RO          142    .text.delay_us      delay.o
    0x00002dd0   0x00002dd0   0x00000026   Code   RO          264    .text.encoder_init  bsp_encoder.o
    0x00002df6   0x00002df6   0x00000002   PAD
    0x00002df8   0x00002df8   0x00000054   Code   RO          278    .text.encoder_update  bsp_encoder.o
    0x00002e4c   0x00002e4c   0x00000040   Code   RO          132    .text.main          main.o
    0x00002e8c   0x00002e8c   0x00000020   Code   RO          308    .text.myabs         bsp_motor.o
    0x00002eac   0x00002eac   0x0000006c   Code   RO          306    .text.speed_limit   bsp_motor.o
    0x00002f18   0x00002f18   0x0000002e   Code   RO          798    i.__ARM_clz         mf_p.l(depilogue.o)
    0x00002f46   0x00002f46   0x00000002   PAD
    0x00002f48   0x00002f48   0x0000000e   Code   RO          808    i.__scatterload_copy  mc_p.l(handlers.o)
    0x00002f56   0x00002f56   0x00000002   PAD
    0x00002f58   0x00002f58   0x00000002   Code   RO          809    i.__scatterload_null  mc_p.l(handlers.o)
    0x00002f5a   0x00002f5a   0x00000006   PAD
    0x00002f60   0x00002f60   0x0000000e   Code   RO          810    i.__scatterload_zeroinit  mc_p.l(handlers.o)
    0x00002f6e   0x00002f6e   0x00000228   Data   RO          247    .rodata.asc2_0806   oled.o
    0x00003196   0x00003196   0x00000474   Data   RO          248    .rodata.asc2_1206   oled.o
    0x0000360a   0x0000360a   0x000005f0   Data   RO          249    .rodata.asc2_1608   oled.o
    0x00003bfa   0x00003bfa   0x00000d5c   Data   RO          250    .rodata.asc2_2412   oled.o
    0x00004956   0x00004956   0x00000002   PAD
    0x00004958   0x00004958   0x00000028   Data   RO          116    .rodata.gSYSPLLConfig  ti_msp_dl_config.o
    0x00004980   0x00004980   0x00000003   Data   RO          119    .rodata.gTIMER_20msClockConfig  ti_msp_dl_config.o
    0x00004983   0x00004983   0x00000001   PAD
    0x00004984   0x00004984   0x00000014   Data   RO          120    .rodata.gTIMER_20msTimerConfig  ti_msp_dl_config.o
    0x00004998   0x00004998   0x00000003   Data   RO          121    .rodata.gTIMER_DISPLAYClockConfig  ti_msp_dl_config.o
    0x0000499b   0x0000499b   0x00000001   PAD
    0x0000499c   0x0000499c   0x00000014   Data   RO          122    .rodata.gTIMER_DISPLAYTimerConfig  ti_msp_dl_config.o
    0x000049b0   0x000049b0   0x00000002   Data   RO          123    .rodata.gUART_0ClockConfig  ti_msp_dl_config.o
    0x000049b2   0x000049b2   0x0000000a   Data   RO          124    .rodata.gUART_0Config  ti_msp_dl_config.o
    0x000049bc   0x000049bc   0x00000003   Data   RO          117    .rodata.gmotor_PWMClockConfig  ti_msp_dl_config.o
    0x000049bf   0x000049bf   0x00000001   PAD
    0x000049c0   0x000049c0   0x00000008   Data   RO          118    .rodata.gmotor_PWMConfig  ti_msp_dl_config.o
    0x000049c8   0x000049c8   0x00000004   Data   RO          134    .rodata.str1.1      main.o
    0x000049cc   0x000049cc   0x0000000f   Data   RO          256    .rodata.str1.1      oled.o
    0x000049db   0x000049db   0x00000001   PAD
    0x000049dc   0x000049dc   0x00000020   Data   RO          807    Region$$Table       anon$$obj.o


    Execution Region RW_IRAM2 (Exec base: 0x20200000, Load base: 0x00004a00, Size: 0x00000960, Max: 0x00008000, ABSOLUTE)

    Exec Addr    Load Addr    Size         Type   Attr      Idx    E Section Name        Object

    0x20200000   0x00004a00   0x0000001c   Data   RW          477    .data.pid_Yaw       bsp_pid_motor.o
    0x2020001c   0x00004a1c   0x00000004   PAD
    0x20200020        -       0x00000004   Zero   RW          501    .bss.APP_HD_PID_Calc.IRTrack_Integral  app_irtracking_eight.o
    0x20200024        -       0x00000008   Zero   RW          376    .bss.IR_Data_number  bsp_ir_eight.o
    0x2020002c        -       0x00000001   Zero   RW          512    .bss.LineWalking.err  app_irtracking_eight.o
    0x2020002d        -       0x00000240   Zero   RW          255    .bss.OLED_GRAM      oled.o
    0x2020026d        -       0x00000001   Zero   RW          506    .bss.X1             app_irtracking_eight.o
    0x2020026e        -       0x00000001   Zero   RW          507    .bss.X2             app_irtracking_eight.o
    0x2020026f        -       0x00000001   Zero   RW          504    .bss.X3             app_irtracking_eight.o
    0x20200270        -       0x00000001   Zero   RW          502    .bss.X4             app_irtracking_eight.o
    0x20200271        -       0x00000001   Zero   RW          503    .bss.X5             app_irtracking_eight.o
    0x20200272        -       0x00000001   Zero   RW          505    .bss.X6             app_irtracking_eight.o
    0x20200273        -       0x00000001   Zero   RW          508    .bss.X7             app_irtracking_eight.o
    0x20200274        -       0x00000001   Zero   RW          509    .bss.X8             app_irtracking_eight.o
    0x20200275   0x00004a1c   0x00000001   PAD
    0x20200276        -       0x00000006   Zero   RW          437    .bss.car_data       app_motor.o
    0x2020027c        -       0x000000a0   Zero   RW          114    .bss.gTIMER_20msBackup  ti_msp_dl_config.o
    0x2020031c        -       0x000000bc   Zero   RW          115    .bss.gTIMER_DISPLAYBackup  ti_msp_dl_config.o
    0x202003d8        -       0x00000008   Zero   RW          425    .bss.g_Encoder_All_Last  app_motor.o
    0x202003e0        -       0x00000008   Zero   RW          424    .bss.g_Encoder_All_Now  app_motor.o
    0x202003e8        -       0x00000008   Zero   RW          426    .bss.g_Encoder_All_Offset  app_motor.o
    0x202003f0        -       0x00000001   Zero   RW          427    .bss.g_start_ctrl   app_motor.o
    0x202003f1        -       0x00000001   Zero   RW          355    .bss.gled_cnt       bsp_timer.o
    0x202003f2   0x00004a1c   0x00000002   PAD
    0x202003f4        -       0x000000bc   Zero   RW          113    .bss.gmotor_PWMBackup  ti_msp_dl_config.o
    0x202004b0        -       0x00000018   Zero   RW          292    .bss.motorL_encoder  bsp_encoder.o
    0x202004c8        -       0x00000018   Zero   RW          293    .bss.motorR_encoder  bsp_encoder.o
    0x202004e0        -       0x00000014   Zero   RW          429    .bss.motor_data     app_motor.o
    0x202004f4        -       0x00000050   Zero   RW          478    .bss.pid_motor      bsp_pid_motor.o
    0x20200544        -       0x00000004   Zero   RW          498    .bss.pid_output_IRR  app_irtracking_eight.o
    0x20200548        -       0x00000004   Zero   RW          432    .bss.speed_L1_setup  app_motor.o
    0x2020054c        -       0x00000004   Zero   RW          433    .bss.speed_R1_setup  app_motor.o
    0x20200550        -       0x00000004   Zero   RW          435    .bss.speed_fb       app_motor.o
    0x20200554        -       0x00000004   Zero   RW          434    .bss.speed_lr       app_motor.o
    0x20200558        -       0x00000004   Zero   RW          436    .bss.speed_spin     app_motor.o
    0x2020055c   0x00004a1c   0x00000004   PAD
    0x20200560        -       0x00000400   Zero   RW            1    STACK               startup_mspm0g350x_uvision.o



  Load Region LR_BCR (Base: 0x41c00000, Size: 0x00000000, Max: 0x00000100, ABSOLUTE)

    Execution Region BCR_CONFIG (Exec base: 0x41c00000, Load base: 0x41c00000, Size: 0x00000000, Max: 0x00000080, ABSOLUTE)

    **** No section assigned to this execution region ****



  Load Region LR_BSL (Base: 0x41c00100, Size: 0x00000000, Max: 0x00000100, ABSOLUTE)

    Execution Region BSL_CONFIG (Exec base: 0x41c00100, Load base: 0x41c00100, Size: 0x00000000, Max: 0x00000080, ABSOLUTE)

    **** No section assigned to this execution region ****


==============================================================================

Image component sizes


      Code (inc. data)   RO Data    RW Data    ZI Data      Debug   Object Name

      1752        136          0          0         17       3277   app_irtracking_eight.o
       884         80          0          0         71       5771   app_motor.o
       724         32          0          0         48       7606   bsp_encoder.o
       314          8          0          0          8       4417   bsp_ir_eight.o
       612         12          0          0          0       5445   bsp_motor.o
       728         36          0         28         80       5031   bsp_pid_motor.o
       290         36          0          0          1       8158   bsp_timer.o
       154          8          0          0          0       1504   delay.o
        64          4          4          0          0        397   main.o
      1920         28       6647          0        576       8817   oled.o
        20          4        192          0       1024        608   startup_mspm0g350x_uvision.o
      2226        196        109          0        536      32818   ti_msp_dl_config.o

    ----------------------------------------------------------------------
      9704        580       6990         28       2372      83849   Object Totals
         0          0         32          0          0          0   (incl. Generated)
        16          0          6          0         11          0   (incl. Padding)

    ----------------------------------------------------------------------

      Code (inc. data)   RO Data    RW Data    ZI Data      Debug   Library Member Name

        10          0          0          0          0        803   dl_common.o
       312         24          0          0          0      18491   dl_sysctl_mspm0g1x0x_g3x0x.o
       592        184          0          0          0      39888   dl_timer.o
        90          8          0          0          0      14128   dl_uart.o
         0          0          0          0          0          0   entry.o
         0          0          0          0          0          0   entry10a.o
         0          0          0          0          0          0   entry11a.o
         8          4          0          0          0          0   entry2.o
         4          0          0          0          0          0   entry5.o
         0          0          0          0          0          0   entry7b.o
         0          0          0          0          0          0   entry8b.o
         8          4          0          0          0          0   entry9a.o
        30          0          0          0          0          0   handlers.o
        36          8          0          0          0         68   init.o
         0          0          0          0          0          0   iusefp.o
        32          0          0          0          0         68   llshl.o
        34          0          0          0          0         68   llushr.o
        62          0          0          0          0         72   uidiv_div0.o
        56          0          0          0          0         68   d2f.o
       236          0          0          0          0        216   depilogue.o
        40          6          0          0          0         68   dflti.o
       178          0          0          0          0        108   fadd.o
        28          0          0          0          0         60   fcmpge.o
        28          0          0          0          0         60   fcmple.o
       124          0          0          0          0         72   fdiv.o
       130          0          0          0          0        144   fepilogue.o
        50          0          0          0          0         60   ffixi.o
        22          0          0          0          0         68   fflti.o
       122          0          0          0          0         72   fmul.o

    ----------------------------------------------------------------------
      2246        238          0          0          0      74582   Library Totals
        14          0          0          0          0          0   (incl. Padding)

    ----------------------------------------------------------------------

      Code (inc. data)   RO Data    RW Data    ZI Data      Debug   Library Name

      1004        216          0          0          0      73310   driverlib.a
       214         16          0          0          0        276   mc_p.l
      1014          6          0          0          0        996   mf_p.l

    ----------------------------------------------------------------------
      2246        238          0          0          0      74582   Library Totals

    ----------------------------------------------------------------------

==============================================================================


      Code (inc. data)   RO Data    RW Data    ZI Data      Debug   

     11950        818       6990         28       2372     157731   Grand Totals
     11950        818       6990         28       2372     157731   ELF Image Totals
     11950        818       6990         28          0          0   ROM Totals

==============================================================================

    Total RO  Size (Code + RO Data)                18940 (  18.50kB)
    Total RW  Size (RW Data + ZI Data)              2400 (   2.34kB)
    Total ROM Size (Code + RO Data + RW Data)      18968 (  18.52kB)

==============================================================================

