Component: ARM Compiler 6.16 Tool: armlink [5dfeaa00]

==============================================================================

Section Cross References

    startup_mspm0g350x_uvision.o(STACK) refers (Special) to heapauxi.o(.text) for __use_two_region_memory
    startup_mspm0g350x_uvision.o(HEAP) refers (Special) to heapauxi.o(.text) for __use_two_region_memory
    startup_mspm0g350x_uvision.o(RESET) refers (Special) to heapauxi.o(.text) for __use_two_region_memory
    startup_mspm0g350x_uvision.o(RESET) refers to startup_mspm0g350x_uvision.o(STACK) for __initial_sp
    startup_mspm0g350x_uvision.o(RESET) refers to startup_mspm0g350x_uvision.o(.text) for Reset_Handler
    startup_mspm0g350x_uvision.o(RESET) refers to bsp_encoder.o(.text.GROUP1_IRQHandler) for GROUP1_IRQHandler
    startup_mspm0g350x_uvision.o(RESET) refers to bsp_usart3.o(.text.UART3_IRQHandler) for UART3_IRQHandler
    startup_mspm0g350x_uvision.o(RESET) refers to bsp_infrared_light.o(.text.ADC0_IRQHandler) for ADC0_IRQHandler
    startup_mspm0g350x_uvision.o(RESET) refers to bsp_bluetooth.o(.text.UART1_IRQHandler) for UART1_IRQHandler
    startup_mspm0g350x_uvision.o(RESET) refers to bsp_usart2.o(.text.UART2_IRQHandler) for UART2_IRQHandler
    startup_mspm0g350x_uvision.o(RESET) refers to usart0.o(.text.UART0_IRQHandler) for UART0_IRQHandler
    startup_mspm0g350x_uvision.o(RESET) refers to bsp_timer.o(.text.TIMG0_IRQHandler) for TIMG0_IRQHandler
    startup_mspm0g350x_uvision.o(RESET) refers to bsp_ultrasonic.o(.text.TIMA1_IRQHandler) for TIMA1_IRQHandler
    startup_mspm0g350x_uvision.o(.text) refers (Special) to heapauxi.o(.text) for __use_two_region_memory
    startup_mspm0g350x_uvision.o(.text) refers to __main.o(!!!main) for __main
    startup_mspm0g350x_uvision.o(.text) refers to startup_mspm0g350x_uvision.o(HEAP) for Heap_Mem
    startup_mspm0g350x_uvision.o(.text) refers to startup_mspm0g350x_uvision.o(STACK) for Stack_Mem
    ti_msp_dl_config.o(.text.SYSCFG_DL_init) refers to ti_msp_dl_config.o(.text.SYSCFG_DL_initPower) for SYSCFG_DL_initPower
    ti_msp_dl_config.o(.text.SYSCFG_DL_init) refers to ti_msp_dl_config.o(.text.SYSCFG_DL_GPIO_init) for SYSCFG_DL_GPIO_init
    ti_msp_dl_config.o(.text.SYSCFG_DL_init) refers to ti_msp_dl_config.o(.text.SYSCFG_DL_SYSCTL_init) for SYSCFG_DL_SYSCTL_init
    ti_msp_dl_config.o(.text.SYSCFG_DL_init) refers to ti_msp_dl_config.o(.text.SYSCFG_DL_motor_PWM_init) for SYSCFG_DL_motor_PWM_init
    ti_msp_dl_config.o(.text.SYSCFG_DL_init) refers to ti_msp_dl_config.o(.text.SYSCFG_DL_PWM_Servo_init) for SYSCFG_DL_PWM_Servo_init
    ti_msp_dl_config.o(.text.SYSCFG_DL_init) refers to ti_msp_dl_config.o(.text.SYSCFG_DL_TIMER_20ms_init) for SYSCFG_DL_TIMER_20ms_init
    ti_msp_dl_config.o(.text.SYSCFG_DL_init) refers to ti_msp_dl_config.o(.text.SYSCFG_DL_TIMER_1ms_init) for SYSCFG_DL_TIMER_1ms_init
    ti_msp_dl_config.o(.text.SYSCFG_DL_init) refers to ti_msp_dl_config.o(.text.SYSCFG_DL_UART_0_init) for SYSCFG_DL_UART_0_init
    ti_msp_dl_config.o(.text.SYSCFG_DL_init) refers to ti_msp_dl_config.o(.text.SYSCFG_DL_UART_1_init) for SYSCFG_DL_UART_1_init
    ti_msp_dl_config.o(.text.SYSCFG_DL_init) refers to ti_msp_dl_config.o(.text.SYSCFG_DL_UART_2_init) for SYSCFG_DL_UART_2_init
    ti_msp_dl_config.o(.text.SYSCFG_DL_init) refers to ti_msp_dl_config.o(.text.SYSCFG_DL_UART_3_init) for SYSCFG_DL_UART_3_init
    ti_msp_dl_config.o(.text.SYSCFG_DL_init) refers to ti_msp_dl_config.o(.text.SYSCFG_DL_SPI_W25Q64_init) for SYSCFG_DL_SPI_W25Q64_init
    ti_msp_dl_config.o(.text.SYSCFG_DL_init) refers to ti_msp_dl_config.o(.text.SYSCFG_DL_ADC_Senor_init) for SYSCFG_DL_ADC_Senor_init
    ti_msp_dl_config.o(.text.SYSCFG_DL_init) refers to ti_msp_dl_config.o(.text.SYSCFG_DL_SYSTICK_init) for SYSCFG_DL_SYSTICK_init
    ti_msp_dl_config.o(.text.SYSCFG_DL_init) refers to ti_msp_dl_config.o(.text.SYSCFG_DL_SYSCTL_CLK_init) for SYSCFG_DL_SYSCTL_CLK_init
    ti_msp_dl_config.o(.text.SYSCFG_DL_init) refers to ti_msp_dl_config.o(.bss.gPWM_ServoBackup) for gPWM_ServoBackup
    ti_msp_dl_config.o(.text.SYSCFG_DL_init) refers to ti_msp_dl_config.o(.bss.gmotor_PWMBackup) for gmotor_PWMBackup
    ti_msp_dl_config.o(.text.SYSCFG_DL_init) refers to ti_msp_dl_config.o(.bss.gTIMER_1msBackup) for gTIMER_1msBackup
    ti_msp_dl_config.o(.text.SYSCFG_DL_init) refers to ti_msp_dl_config.o(.bss.gUART_3Backup) for gUART_3Backup
    ti_msp_dl_config.o(.text.SYSCFG_DL_init) refers to ti_msp_dl_config.o(.bss.gSPI_W25Q64Backup) for gSPI_W25Q64Backup
    ti_msp_dl_config.o(.ARM.exidx.text.SYSCFG_DL_init) refers to ti_msp_dl_config.o(.text.SYSCFG_DL_init) for [Anonymous Symbol]
    ti_msp_dl_config.o(.text.SYSCFG_DL_initPower) refers to dl_common.o(.text.DL_Common_delayCycles) for DL_Common_delayCycles
    ti_msp_dl_config.o(.ARM.exidx.text.SYSCFG_DL_initPower) refers to ti_msp_dl_config.o(.text.SYSCFG_DL_initPower) for [Anonymous Symbol]
[...]
    __arm_cp.1_2                             0x00002cac   Number         4  bsp_timer.o(.text.TIMG0_IRQHandler)
    [Anonymous Symbol]                       0x00002cb0   Section        0  bsp_timer.o(.text.Timer_20ms_Init)
    __arm_cp.0_0                             0x00002cc8   Number         4  bsp_timer.o(.text.Timer_20ms_Init)
    [Anonymous Symbol]                       0x00002ccc   Section        0  app_ir_track.o(.text.Track_PID)
    __arm_cp.0_0                             0x00002d44   Number         4  app_ir_track.o(.text.Track_PID)
    __arm_cp.0_1                             0x00002d48   Number         4  app_ir_track.o(.text.Track_PID)
    __arm_cp.0_2                             0x00002d4c   Number         4  app_ir_track.o(.text.Track_PID)
    __arm_cp.0_3                             0x00002d50   Number         4  app_ir_track.o(.text.Track_PID)
    __arm_cp.0_4                             0x00002d54   Number         4  app_ir_track.o(.text.Track_PID)
    [Anonymous Symbol]                       0x00002d58   Section        0  usart0.o(.text.UART0_IRQHandler)
    __arm_cp.4_0                             0x00002d94   Number         4  usart0.o(.text.UART0_IRQHandler)
    __arm_cp.4_1                             0x00002d98   Number         4  usart0.o(.text.UART0_IRQHandler)
    __arm_cp.4_2                             0x00002d9c   Number         4  usart0.o(.text.UART0_IRQHandler)
    __arm_cp.4_3                             0x00002da0   Number         4  usart0.o(.text.UART0_IRQHandler)
    __arm_cp.4_4                             0x00002da4   Number         4  usart0.o(.text.UART0_IRQHandler)
    [Anonymous Symbol]                       0x00002da8   Section        0  bsp_bluetooth.o(.text.UART1_IRQHandler)
    __arm_cp.3_0                             0x00002dc8   Number         4  bsp_bluetooth.o(.text.UART1_IRQHandler)
    __arm_cp.3_1                             0x00002dcc   Number         4  bsp_bluetooth.o(.text.UART1_IRQHandler)
    [Anonymous Symbol]                       0x00002dd0   Section        0  bsp_usart2.o(.text.UART2_IRQHandler)
    __arm_cp.3_0                             0x00002e0c   Number         4  bsp_usart2.o(.text.UART2_IRQHandler)
    __arm_cp.3_1                             0x00002e10   Number         4  bsp_usart2.o(.text.UART2_IRQHandler)
    __arm_cp.3_2                             0x00002e14   Number         4  bsp_usart2.o(.text.UART2_IRQHandler)
    __arm_cp.3_3                             0x00002e18   Number         4  bsp_usart2.o(.text.UART2_IRQHandler)
    __arm_cp.3_4                             0x00002e1c   Number         4  bsp_usart2.o(.text.UART2_IRQHandler)
    __arm_cp.3_5                             0x00002e20   Number         4  bsp_usart2.o(.text.UART2_IRQHandler)
    __arm_cp.3_6                             0x00002e24   Number         4  bsp_usart2.o(.text.UART2_IRQHandler)
    [Anonymous Symbol]                       0x00002e28   Section        0  bsp_usart3.o(.text.UART3_IRQHandler)
    __arm_cp.6_0                             0x00002eb8   Number         4  bsp_usart3.o(.text.UART3_IRQHandler)
    __arm_cp.6_1                             0x00002ebc   Number         4  bsp_usart3.o(.text.UART3_IRQHandler)
    __arm_cp.6_2                             0x00002ec0   Number         4  bsp_usart3.o(.text.UART3_IRQHandler)
    __arm_cp.6_3                             0x00002ec4   Number         4  bsp_usart3.o(.text.UART3_IRQHandler)
    [Anonymous Symbol]                       0x00002ec8   Section        0  app_bluetooth.o(.text.USE_Bluetooth_Control)
    __arm_cp.6_0                             0x00002f4c   Number         4  app_bluetooth.o(.text.USE_Bluetooth_Control)
    __arm_cp.6_1                             0x00002f50   Number         4  app_bluetooth.o(.text.USE_Bluetooth_Control)
    __arm_cp.6_3                             0x00002f54   Number         4  app_bluetooth.o(.text.USE_Bluetooth_Control)
    __arm_cp.6_4                             0x00002f58   Number         4  app_bluetooth.o(.text.USE_Bluetooth_Control)
    __arm_cp.6_5                             0x00002f5c   Number         4  app_bluetooth.o(.text.USE_Bluetooth_Control)
    [Anonymous Symbol]                       0x00002f60   Section        0  bsp_ultrasonic.o(.text.Ultrasonic_Init)
    [Anonymous Symbol]                       0x00002f70   Section        0  bsp_rgb.o(.text.Ws2812b_WriteByte)
    __arm_cp.4_0                             0x00003048   Number         4  bsp_rgb.o(.text.Ws2812b_WriteByte)
    [Anonymous Symbol]                       0x0000304c   Section        0  usart0.o(.text._sys_exit)
    [Anonymous Symbol]                       0x00003050   Section        0  app_rgb.o(.text.app_color)
    __arm_cp.0_0                             0x00003088   Number         4  app_rgb.o(.text.app_color)
    __arm_cp.0_1                             0x0000308c   Number         4  app_rgb.o(.text.app_color)
    [Anonymous Symbol]                       0x00003090   Section        0  bsp_bluetooth.o(.text.bluetooth_init)
    __arm_cp.0_0                             0x000030a0   Number         4  bsp_bluetooth.o(.text.bluetooth_init)
    __arm_cp.0_1                             0x000030a4   Number         4  bsp_bluetooth.o(.text.bluetooth_init)
    [Anonymous Symbol]                       0x000030a8   Section        0  bsp.o(.text.bsp_init)
    __arm_cp.1_2                             0x000030f4   Number         4  bsp.o(.text.bsp_init)
    [Anonymous Symbol]                       0x000030f8   Section        0  delay.o(.text.delay_ms)
    __arm_cp.1_0                             0x00003124   Number         4  delay.o(.text.delay_ms)
    [Anonymous Symbol]                       0x00003128   Section        0  delay.o(.text.delay_us)
    __arm_cp.0_0                             0x00003154   Number         4  delay.o(.text.delay_us)
    [Anonymous Symbol]                       0x00003158   Section        0  bsp_encoder.o(.text.encoder_init)
    __arm_cp.0_0                             0x00003170   Number         4  bsp_encoder.o(.text.encoder_init)
    __arm_cp.0_1                             0x00003174   Number         4  bsp_encoder.o(.text.encoder_init)
    [Anonymous Symbol]                       0x00003178   Section        0  bsp_encoder.o(.text.encoder_update)
    __arm_cp.5_0                             0x000031b4   Number         4  bsp_encoder.o(.text.encoder_update)
    __arm_cp.5_1                             0x000031b8   Number         4  bsp_encoder.o(.text.encoder_update)
    [Anonymous Symbol]                       0x000031bc   Section        0  usart0.o(.text.fputc)
    [Anonymous Symbol]                       0x000031cc   Section        0  bsp_ir_receiver.o(.text.infrared_config)
    [Anonymous Symbol]                       0x000031ce   Section        0  main.o(.text.main)
    [Anonymous Symbol]                       0x000031d8   Section        0  bsp_ir_receiver.o(.text.receiving_infrared_data)
    __arm_cp.5_0                             0x000032ec   Number         4  bsp_ir_receiver.o(.text.receiving_infrared_data)
    __arm_cp.5_1                             0x000032f0   Number         4  bsp_ir_receiver.o(.text.receiving_infrared_data)
    __arm_cp.5_2                             0x000032f4   Number         4  bsp_ir_receiver.o(.text.receiving_infrared_data)
    __arm_cp.5_3                             0x000032f8   Number         4  bsp_ir_receiver.o(.text.receiving_infrared_data)
    [Anonymous Symbol]                       0x000032fc   Section        0  bsp_rgb.o(.text.rgb_SendArray)
    __arm_cp.3_0                             0x0000331c   Number         4  bsp_rgb.o(.text.rgb_SendArray)
    [Anonymous Symbol]                       0x00003320   Section        0  bsp_rgb.o(.text.rgb_SetColor)
    __arm_cp.1_0                             0x0000333c   Number         4  bsp_rgb.o(.text.rgb_SetColor)
    __arm_cp.1_1                             0x00003340   Number         4  bsp_rgb.o(.text.rgb_SetColor)
    [Anonymous Symbol]                       0x00003344   Section        0  bsp_servo.o(.text.servo_init)
    __arm_cp.0_0                             0x00003350   Number         4  bsp_servo.o(.text.servo_init)
    [Anonymous Symbol]                       0x00003354   Section        0  usart0.o(.text.uart0_send_char)
    __arm_cp.0_0                             0x00003360   Number         4  usart0.o(.text.uart0_send_char)
    [Anonymous Symbol]                       0x00003364   Section        0  bsp_usart2.o(.text.usart2_init)
    __arm_cp.0_2                             0x0000337c   Number         4  bsp_usart2.o(.text.usart2_init)
    [Anonymous Symbol]                       0x00003380   Section        0  bsp_usart3.o(.text.usart3_init)
    __arm_cp.0_0                             0x00003398   Number         4  bsp_usart3.o(.text.usart3_init)
    __arm_cp.0_1                             0x0000339c   Number         4  bsp_usart3.o(.text.usart3_init)
    __arm_cp.0_2                             0x000033a0   Number         4  bsp_usart3.o(.text.usart3_init)
    [Anonymous Symbol]                       0x000033a4   Section        0  app_motor.o(.text.wheel_Ctrl)
    __arm_cp.13_0                            0x00003480   Number         4  app_motor.o(.text.wheel_Ctrl)
    __arm_cp.13_1                            0x00003484   Number         4  app_motor.o(.text.wheel_Ctrl)
    __arm_cp.13_2                            0x00003488   Number         4  app_motor.o(.text.wheel_Ctrl)
    __arm_cp.13_3                            0x0000348c   Number         4  app_motor.o(.text.wheel_Ctrl)
    __arm_cp.13_4                            0x00003490   Number         4  app_motor.o(.text.wheel_Ctrl)
    [Anonymous Symbol]                       0x00003494   Section        0  app_motor.o(.text.wheel_State)
    __arm_cp.16_0                            0x00003590   Number         4  app_motor.o(.text.wheel_State)
    __arm_cp.16_1                            0x00003594   Number         4  app_motor.o(.text.wheel_State)
    __arm_cp.16_2                            0x00003598   Number         4  app_motor.o(.text.wheel_State)
    __arm_cp.16_3                            0x0000359c   Number         4  app_motor.o(.text.wheel_State)
    i._fgeq                                  0x000035a0   Section        0  fcmp.o(i._fgeq)
    i._fgr                                   0x000035b6   Section        0  fcmp.o(i._fgr)
    x$fpl$fadd                               0x000035cc   Section      140  faddsub.o(x$fpl$fadd)
    _fadd1                                   0x000035d9   Thumb Code     0  faddsub.o(x$fpl$fadd)
    x$fpl$fgeqf                              0x00003658   Section       84  fgef.o(x$fpl$fgeqf)
    x$fpl$fmul                               0x000036ac   Section      176  fmul.o(x$fpl$fmul)
    x$fpl$fsub                               0x0000375c   Section      208  faddsub.o(x$fpl$fsub)
    _fsub1                                   0x00003769   Thumb Code     0  faddsub.o(x$fpl$fsub)
    uc_hextab                                0x0000382c   Data          20  _printf_hex_int.o(.constdata)
    .constdata                               0x0000382c   Section       40  _printf_hex_int.o(.constdata)
    x$fpl$usenofp                            0x0000382c   Section        0  usenofp.o(x$fpl$usenofp)
    lc_hextab                                0x00003840   Data          20  _printf_hex_int.o(.constdata)
    fdiv_tab                                 0x00003854   Data          64  fdiv.o(.constdata)
    .constdata                               0x00003854   Section       64  fdiv.o(.constdata)
    [Anonymous Symbol]                       0x00003894   Section        0  app_rgb.o(.rodata..Lswitch.table.app_color.1)
    gADC_SenorClockConfig                    0x00003ac8   Data           8  ti_msp_dl_config.o(.rodata.gADC_SenorClockConfig)
    [Anonymous Symbol]                       0x00003ac8   Section        0  ti_msp_dl_config.o(.rodata.gADC_SenorClockConfig)
    gPWM_ServoClockConfig                    0x00003ad0   Data           3  ti_msp_dl_config.o(.rodata.gPWM_ServoClockConfig)
    [Anonymous Symbol]                       0x00003ad0   Section        0  ti_msp_dl_config.o(.rodata.gPWM_ServoClockConfig)
    gPWM_ServoConfig                         0x00003ad4   Data           8  ti_msp_dl_config.o(.rodata.gPWM_ServoConfig)
    [Anonymous Symbol]                       0x00003ad4   Section        0  ti_msp_dl_config.o(.rodata.gPWM_ServoConfig)
    gSPI_W25Q64_clockConfig                  0x00003adc   Data           2  ti_msp_dl_config.o(.rodata.gSPI_W25Q64_clockConfig)
    [Anonymous Symbol]                       0x00003adc   Section        0  ti_msp_dl_config.o(.rodata.gSPI_W25Q64_clockConfig)
    gSPI_W25Q64_config                       0x00003ade   Data          10  ti_msp_dl_config.o(.rodata.gSPI_W25Q64_config)
    [Anonymous Symbol]                       0x00003ade   Section        0  ti_msp_dl_config.o(.rodata.gSPI_W25Q64_config)
    gSYSPLLConfig                            0x00003ae8   Data          40  ti_msp_dl_config.o(.rodata.gSYSPLLConfig)
    [Anonymous Symbol]                       0x00003ae8   Section        0  ti_msp_dl_config.o(.rodata.gSYSPLLConfig)
    gTIMER_1msClockConfig                    0x00003b10   Data           3  ti_msp_dl_config.o(.rodata.gTIMER_1msClockConfig)
    [Anonymous Symbol]                       0x00003b10   Section        0  ti_msp_dl_config.o(.rodata.gTIMER_1msClockConfig)
    gTIMER_1msTimerConfig                    0x00003b14   Data          20  ti_msp_dl_config.o(.rodata.gTIMER_1msTimerConfig)
    [Anonymous Symbol]                       0x00003b14   Section        0  ti_msp_dl_config.o(.rodata.gTIMER_1msTimerConfig)
    gTIMER_20msClockConfig                   0x00003b28   Data           3  ti_msp_dl_config.o(.rodata.gTIMER_20msClockConfig)
    [Anonymous Symbol]                       0x00003b28   Section        0  ti_msp_dl_config.o(.rodata.gTIMER_20msClockConfig)
    gTIMER_20msTimerConfig                   0x00003b2c   Data          20  ti_msp_dl_config.o(.rodata.gTIMER_20msTimerConfig)
    [Anonymous Symbol]                       0x00003b2c   Section        0  ti_msp_dl_config.o(.rodata.gTIMER_20msTimerConfig)
    gUART_0ClockConfig                       0x00003b40   Data           2  ti_msp_dl_config.o(.rodata.gUART_0ClockConfig)
    [Anonymous Symbol]                       0x00003b40   Section        0  ti_msp_dl_config.o(.rodata.gUART_0ClockConfig)
    gUART_0Config                            0x00003b42   Data          10  ti_msp_dl_config.o(.rodata.gUART_0Config)
    [Anonymous Symbol]                       0x00003b42   Section        0  ti_msp_dl_config.o(.rodata.gUART_0Config)
    gUART_1ClockConfig                       0x00003b4c   Data           2  ti_msp_dl_config.o(.rodata.gUART_1ClockConfig)
    [Anonymous Symbol]                       0x00003b4c   Section        0  ti_msp_dl_config.o(.rodata.gUART_1ClockConfig)
    gUART_1Config                            0x00003b4e   Data          10  ti_msp_dl_config.o(.rodata.gUART_1Config)
    [Anonymous Symbol]                       0x00003b4e   Section        0  ti_msp_dl_config.o(.rodata.gUART_1Config)
    gUART_2ClockConfig                       0x00003b58   Data           2  ti_msp_dl_config.o(.rodata.gUART_2ClockConfig)
    [Anonymous Symbol]                       0x00003b58   Section        0  ti_msp_dl_config.o(.rodata.gUART_2ClockConfig)
    gUART_2Config                            0x00003b5a   Data          10  ti_msp_dl_config.o(.rodata.gUART_2Config)
    [Anonymous Symbol]                       0x00003b5a   Section        0  ti_msp_dl_config.o(.rodata.gUART_2Config)
    gUART_3ClockConfig                       0x00003b64   Data           2  ti_msp_dl_config.o(.rodata.gUART_3ClockConfig)
    [Anonymous Symbol]                       0x00003b64   Section        0  ti_msp_dl_config.o(.rodata.gUART_3ClockConfig)
    gUART_3Config                            0x00003b66   Data          10  ti_msp_dl_config.o(.rodata.gUART_3Config)
    [Anonymous Symbol]                       0x00003b66   Section        0  ti_msp_dl_config.o(.rodata.gUART_3Config)
    gmotor_PWMClockConfig                    0x00003b70   Data           3  ti_msp_dl_config.o(.rodata.gmotor_PWMClockConfig)
    [Anonymous Symbol]                       0x00003b70   Section        0  ti_msp_dl_config.o(.rodata.gmotor_PWMClockConfig)
    gmotor_PWMConfig                         0x00003b74   Data           8  ti_msp_dl_config.o(.rodata.gmotor_PWMConfig)
    [Anonymous Symbol]                       0x00003b74   Section        0  ti_msp_dl_config.o(.rodata.gmotor_PWMConfig)
    [Anonymous Symbol]                       0x00003b7c   Section        0  bsp.o(.rodata.str1.1)
    [Anonymous Symbol]                       0x00003b8e   Section        0  bsp_ir_receiver.o(.rodata.str1.1)
    [Anonymous Symbol]                       0x00003b9c   Section        0  oled.o(.rodata.str1.1)
    [Anonymous Symbol]                       0x00003ba2   Section        0  app_bluetooth.o(.rodata.str1.1)
    .bss                                     0x20200028   Section       96  libspace.o(.bss)
    LineWalking.err                          0x20200092   Data           1  app_ir_track.o(.bss.LineWalking.err)
    [Anonymous Symbol]                       0x20200092   Section        0  app_ir_track.o(.bss.LineWalking.err)
    Processing_Data.g_index                  0x202002d3   Data           1  bsp_usart_voice.o(.bss.Processing_Data.g_index)
    [Anonymous Symbol]                       0x202002d3   Section        0  bsp_usart_voice.o(.bss.Processing_Data.g_index)
    Processing_Data.recv_buf                 0x202002d4   Data           6  bsp_usart_voice.o(.bss.Processing_Data.recv_buf)
    [Anonymous Symbol]                       0x202002d4   Section        0  bsp_usart_voice.o(.bss.Processing_Data.recv_buf)
    Track_PID.IRTrack_Integral               0x20200330   Data           4  app_ir_track.o(.bss.Track_PID.IRTrack_Integral)
    [Anonymous Symbol]                       0x20200330   Section        0  app_ir_track.o(.bss.Track_PID.IRTrack_Integral)
    g_speed_setup                            0x20200708   Data           2  app_motor.o(.bss.g_speed_setup)
    [Anonymous Symbol]                       0x20200708   Section        0  app_motor.o(.bss.g_speed_setup)
    motorL_encoder                           0x20200820   Data          24  bsp_encoder.o(.bss.motorL_encoder)
    [Anonymous Symbol]                       0x20200820   Section        0  bsp_encoder.o(.bss.motorL_encoder)
    motorR_encoder                           0x20200838   Data          24  bsp_encoder.o(.bss.motorR_encoder)
    [Anonymous Symbol]                       0x20200838   Section        0  bsp_encoder.o(.bss.motorR_encoder)
    speed_L1_setup                           0x20200a14   Data           4  app_motor.o(.bss.speed_L1_setup)
    [Anonymous Symbol]                       0x20200a14   Section        0  app_motor.o(.bss.speed_L1_setup)
    speed_R1_setup                           0x20200a18   Data           4  app_motor.o(.bss.speed_R1_setup)
    [Anonymous Symbol]                       0x20200a18   Section        0  app_motor.o(.bss.speed_R1_setup)
    Heap_Mem                                 0x20200a20   Data           0  startup_mspm0g350x_uvision.o(HEAP)
    Stack_Mem                                0x20200a20   Data        2048  startup_mspm0g350x_uvision.o(STACK)
    HEAP                                     0x20200a20   Section        0  startup_mspm0g350x_uvision.o(HEAP)
    STACK                                    0x20200a20   Section     2048  startup_mspm0g350x_uvision.o(STACK)
    __initial_sp                             0x20201220   Data           0  startup_mspm0g350x_uvision.o(STACK)

    Global Symbols

    Symbol Name                              Value     Ov Type        Size  Object(Section)

    BuildAttributes$$THM_ISAv3M$S$PE$A:L22$X:L11$S22$IEEE1$IW$~IW$USESV6$~STKCKD$USESV7$~SHL$OTIME$ROPI$EBA8$UX$STANDARDLIB$REQ8$PRES8$EABIv2 0x00000000   Number         0  anon$$obj.o ABSOLUTE
    __Vectors                                0x00000000   Data           4  startup_mspm0g350x_uvision.o(RESET)
    __ARM_exceptions_init                     - Undefined Weak Reference
    __alloca_initialize                       - Undefined Weak Reference
    __arm_preinit_                            - Undefined Weak Reference
    __cpp_initialize__aeabi_                  - Undefined Weak Reference
    __cxa_finalize                            - Undefined Weak Reference
    __rt_locale                               - Undefined Weak Reference
    __sigvec_lookup                           - Undefined Weak Reference
    _atexit_init                              - Undefined Weak Reference
    _call_atexit_fns                          - Undefined Weak Reference
    _clock_init                               - Undefined Weak Reference
    _fp_trap_init                             - Undefined Weak Reference
    _fp_trap_shutdown                         - Undefined Weak Reference
    _get_lc_collate                           - Undefined Weak Reference
    _get_lc_ctype                             - Undefined Weak Reference
    _get_lc_monetary                          - Undefined Weak Reference
    _get_lc_numeric                           - Undefined Weak Reference
    _get_lc_time                              - Undefined Weak Reference
    _getenv_init                              - Undefined Weak Reference
    _handle_redirection                       - Undefined Weak Reference
    _init_alloc                               - Undefined Weak Reference
    _init_user_alloc                          - Undefined Weak Reference
    _initio                                   - Undefined Weak Reference
    _mutex_acquire                            - Undefined Weak Reference
    _mutex_release                            - Undefined Weak Reference
    _printf_post_padding                      - Undefined Weak Reference
    _printf_pre_padding                       - Undefined Weak Reference
    _printf_truncate_signed                   - Undefined Weak Reference
    _printf_truncate_unsigned                 - Undefined Weak Reference
    _rand_init                                - Undefined Weak Reference
    _signal_finish                            - Undefined Weak Reference
    _signal_init                              - Undefined Weak Reference
    _terminate_alloc                          - Undefined Weak Reference
    _terminate_user_alloc                     - Undefined Weak Reference
    _terminateio                              - Undefined Weak Reference
    __Vectors_End                            0x000000c0   Data           0  startup_mspm0g350x_uvision.o(RESET)
    __Vectors_Size                           0x000000c0   Number         0  startup_mspm0g350x_uvision.o ABSOLUTE
    __main                                   0x000000c1   Thumb Code     8  __main.o(!!!main)
    __scatterload                            0x000000c9   Thumb Code     0  __scatter.o(!!!scatter)
    __scatterload_rt2                        0x000000c9   Thumb Code    52  __scatter.o(!!!scatter)
    __scatterload_rt2_thumb_only             0x000000c9   Thumb Code     0  __scatter.o(!!!scatter)
    __scatterload_null                       0x000000d9   Thumb Code     0  __scatter.o(!!!scatter)
    __scatterload_copy                       0x00000109   Thumb Code    26  __scatter_copy.o(!!handler_copy)
    __scatterload_zeroinit                   0x00000129   Thumb Code    28  __scatter_zi.o(!!handler_zi)
    _printf_percent                          0x00000145   Thumb Code     0  _printf_percent.o(.ARM.Collect$$_printf_percent$$00000000)
    _printf_d                                0x00000147   Thumb Code     0  _printf_d.o(.ARM.Collect$$_printf_percent$$00000009)
    _printf_x                                0x00000151   Thumb Code     0  _printf_x.o(.ARM.Collect$$_printf_percent$$0000000C)
    _printf_percent_end                      0x0000015b   Thumb Code     0  _printf_percent_end.o(.ARM.Collect$$_printf_percent$$00000017)
    __rt_lib_init                            0x0000015f   Thumb Code     0  libinit.o(.ARM.Collect$$libinit$$00000000)
    __rt_lib_init_alloca_1                   0x00000161   Thumb Code     0  libinit2.o(.ARM.Collect$$libinit$$0000002E)
    __rt_lib_init_argv_1                     0x00000161   Thumb Code     0  libinit2.o(.ARM.Collect$$libinit$$0000002C)
    __rt_lib_init_atexit_1                   0x00000161   Thumb Code     0  libinit2.o(.ARM.Collect$$libinit$$0000001B)
    __rt_lib_init_clock_1                    0x00000161   Thumb Code     0  libinit2.o(.ARM.Collect$$libinit$$00000021)
    __rt_lib_init_cpp_1                      0x00000161   Thumb Code     0  libinit2.o(.ARM.Collect$$libinit$$00000032)
    __rt_lib_init_exceptions_1               0x00000161   Thumb Code     0  libinit2.o(.ARM.Collect$$libinit$$00000030)
    __rt_lib_init_fp_1                       0x00000161   Thumb Code     0  libinit2.o(.ARM.Collect$$libinit$$00000002)
    __rt_lib_init_fp_trap_1                  0x00000161   Thumb Code     0  libinit2.o(.ARM.Collect$$libinit$$0000001F)
    __rt_lib_init_getenv_1                   0x00000161   Thumb Code     0  libinit2.o(.ARM.Collect$$libinit$$00000023)
    __rt_lib_init_heap_1                     0x00000161   Thumb Code     0  libinit2.o(.ARM.Collect$$libinit$$0000000A)
    __rt_lib_init_lc_collate_1               0x00000161   Thumb Code     0  libinit2.o(.ARM.Collect$$libinit$$00000011)
    __rt_lib_init_lc_ctype_1                 0x00000161   Thumb Code     0  libinit2.o(.ARM.Collect$$libinit$$00000013)
    __rt_lib_init_lc_monetary_1              0x00000161   Thumb Code     0  libinit2.o(.ARM.Collect$$libinit$$00000015)
    __rt_lib_init_lc_numeric_1               0x00000161   Thumb Code     0  libinit2.o(.ARM.Collect$$libinit$$00000017)
    __rt_lib_init_lc_time_1                  0x00000161   Thumb Code     0  libinit2.o(.ARM.Collect$$libinit$$00000019)
    __rt_lib_init_preinit_1                  0x00000161   Thumb Code     0  libinit2.o(.ARM.Collect$$libinit$$00000004)
    __rt_lib_init_rand_1                     0x00000161   Thumb Code     0  libinit2.o(.ARM.Collect$$libinit$$0000000E)
    __rt_lib_init_return                     0x00000161   Thumb Code     0  libinit2.o(.ARM.Collect$$libinit$$00000033)
    __rt_lib_init_signal_1                   0x00000161   Thumb Code     0  libinit2.o(.ARM.Collect$$libinit$$0000001D)
    __rt_lib_init_stdio_1                    0x00000161   Thumb Code     0  libinit2.o(.ARM.Collect$$libinit$$00000025)
    __rt_lib_init_user_alloc_1               0x00000161   Thumb Code     0  libinit2.o(.ARM.Collect$$libinit$$0000000C)
    __rt_lib_shutdown                        0x00000163   Thumb Code     0  libshutdown.o(.ARM.Collect$$libshutdown$$00000000)
    __rt_lib_shutdown_cpp_1                  0x00000165   Thumb Code     0  libshutdown2.o(.ARM.Collect$$libshutdown$$00000002)
    __rt_lib_shutdown_fp_trap_1              0x00000165   Thumb Code     0  libshutdown2.o(.ARM.Collect$$libshutdown$$00000007)
    __rt_lib_shutdown_heap_1                 0x00000165   Thumb Code     0  libshutdown2.o(.ARM.Collect$$libshutdown$$0000000F)
    __rt_lib_shutdown_return                 0x00000165   Thumb Code     0  libshutdown2.o(.ARM.Collect$$libshutdown$$00000010)
    __rt_lib_shutdown_signal_1               0x00000165   Thumb Code     0  libshutdown2.o(.ARM.Collect$$libshutdown$$0000000A)
    __rt_lib_shutdown_stdio_1                0x00000165   Thumb Code     0  libshutdown2.o(.ARM.Collect$$libshutdown$$00000004)
    __rt_lib_shutdown_user_alloc_1           0x00000165   Thumb Code     0  libshutdown2.o(.ARM.Collect$$libshutdown$$0000000C)
    __rt_entry                               0x00000167   Thumb Code     0  __rtentry.o(.ARM.Collect$$rtentry$$00000000)
    __rt_entry_presh_1                       0x00000167   Thumb Code     0  __rtentry2.o(.ARM.Collect$$rtentry$$00000002)
    __rt_entry_sh                            0x00000167   Thumb Code     0  __rtentry4.o(.ARM.Collect$$rtentry$$00000004)
    __rt_entry_li                            0x0000016d   Thumb Code     0  __rtentry2.o(.ARM.Collect$$rtentry$$0000000A)
    __rt_entry_postsh_1                      0x0000016d   Thumb Code     0  __rtentry2.o(.ARM.Collect$$rtentry$$00000009)
    __rt_entry_main                          0x00000171   Thumb Code     0  __rtentry2.o(.ARM.Collect$$rtentry$$0000000D)
    __rt_entry_postli_1                      0x00000171   Thumb Code     0  __rtentry2.o(.ARM.Collect$$rtentry$$0000000C)
    __rt_exit                                0x00000179   Thumb Code     0  rtexit.o(.ARM.Collect$$rtexit$$00000000)
    __rt_exit_ls                             0x0000017b   Thumb Code     0  rtexit2.o(.ARM.Collect$$rtexit$$00000003)
    __rt_exit_prels_1                        0x0000017b   Thumb Code     0  rtexit2.o(.ARM.Collect$$rtexit$$00000002)
    __rt_exit_exit                           0x0000017f   Thumb Code     0  rtexit2.o(.ARM.Collect$$rtexit$$00000004)
    __aeabi_memcpy4                          0x00000185   Thumb Code    56  rt_memcpy.o(.emb_text)
    __aeabi_memcpy8                          0x00000185   Thumb Code     0  rt_memcpy.o(.emb_text)
    Reset_Handler                            0x000001bd   Thumb Code     4  startup_mspm0g350x_uvision.o(.text)
    NMI_Handler                              0x000001c1   Thumb Code     2  startup_mspm0g350x_uvision.o(.text)
    HardFault_Handler                        0x000001c3   Thumb Code     2  startup_mspm0g350x_uvision.o(.text)
    SVC_Handler                              0x000001c5   Thumb Code     2  startup_mspm0g350x_uvision.o(.text)
    PendSV_Handler                           0x000001c7   Thumb Code     2  startup_mspm0g350x_uvision.o(.text)
    SysTick_Handler                          0x000001c9   Thumb Code     2  startup_mspm0g350x_uvision.o(.text)
    ADC1_IRQHandler                          0x000001cb   Thumb Code     0  startup_mspm0g350x_uvision.o(.text)
    AES_IRQHandler                           0x000001cb   Thumb Code     0  startup_mspm0g350x_uvision.o(.text)
    CANFD0_IRQHandler                        0x000001cb   Thumb Code     0  startup_mspm0g350x_uvision.o(.text)
    DAC0_IRQHandler                          0x000001cb   Thumb Code     0  startup_mspm0g350x_uvision.o(.text)
    DMA_IRQHandler                           0x000001cb   Thumb Code     0  startup_mspm0g350x_uvision.o(.text)
    Default_Handler                          0x000001cb   Thumb Code     2  startup_mspm0g350x_uvision.o(.text)
    GROUP0_IRQHandler                        0x000001cb   Thumb Code     0  startup_mspm0g350x_uvision.o(.text)
    I2C0_IRQHandler                          0x000001cb   Thumb Code     0  startup_mspm0g350x_uvision.o(.text)
    I2C1_IRQHandler                          0x000001cb   Thumb Code     0  startup_mspm0g350x_uvision.o(.text)
    RTC_IRQHandler                           0x000001cb   Thumb Code     0  startup_mspm0g350x_uvision.o(.text)
    SPI0_IRQHandler                          0x000001cb   Thumb Code     0  startup_mspm0g350x_uvision.o(.text)
    SPI1_IRQHandler                          0x000001cb   Thumb Code     0  startup_mspm0g350x_uvision.o(.text)
    TIMA0_IRQHandler                         0x000001cb   Thumb Code     0  startup_mspm0g350x_uvision.o(.text)
    TIMG12_IRQHandler                        0x000001cb   Thumb Code     0  startup_mspm0g350x_uvision.o(.text)
    TIMG6_IRQHandler                         0x000001cb   Thumb Code     0  startup_mspm0g350x_uvision.o(.text)
    TIMG7_IRQHandler                         0x000001cb   Thumb Code     0  startup_mspm0g350x_uvision.o(.text)
    TIMG8_IRQHandler                         0x000001cb   Thumb Code     0  startup_mspm0g350x_uvision.o(.text)
    __user_initial_stackheap                 0x000001cd   Thumb Code    10  startup_mspm0g350x_uvision.o(.text)
    __2printf                                0x000001e9   Thumb Code    22  noretval__2printf.o(.text)
    __printf                                 0x00000205   Thumb Code   108  __printf.o(.text)
    _printf_int_dec                          0x00000271   Thumb Code    90  _printf_dec.o(.text)
    _printf_int_hex                          0x000002dd   Thumb Code    84  _printf_hex_int.o(.text)
    _printf_longlong_hex                     0x000002dd   Thumb Code     0  _printf_hex_int.o(.text)
    puts                                     0x00000335   Thumb Code    38  puts.o(.text)
    _memset_w                                0x00000361   Thumb Code    26  rt_memclr.o(.text)
    _memset                                  0x0000037b   Thumb Code    30  rt_memclr.o(.text)
    __aeabi_memclr                           0x00000399   Thumb Code     4  rt_memclr.o(.text)
    __rt_memclr                              0x00000399   Thumb Code     0  rt_memclr.o(.text)
    __aeabi_memclr4                          0x0000039d   Thumb Code     0  rt_memclr.o(.text)
    __aeabi_memclr8                          0x0000039d   Thumb Code     0  rt_memclr.o(.text)
    __rt_memclr_w                            0x0000039d   Thumb Code     4  rt_memclr.o(.text)
    __aeabi_uidivmod                         0x000003a1   Thumb Code    28  aeabi_sdivfast.o(.text)
    __aeabi_idivmod                          0x000003bd   Thumb Code   472  aeabi_sdivfast.o(.text)
    __use_two_region_memory                  0x00000599   Thumb Code     2  heapauxi.o(.text)
    __rt_heap_escrow$2region                 0x0000059b   Thumb Code     2  heapauxi.o(.text)
    __rt_heap_expand$2region                 0x0000059d   Thumb Code     2  heapauxi.o(.text)
    __aeabi_d2f                              0x000005a1   Thumb Code     0  d2f.o(.text)
    _d2f                                     0x000005a1   Thumb Code   120  d2f.o(.text)
    __aeabi_dadd                             0x00000915   Thumb Code     0  daddsub.o(.text)
    _dadd                                    0x00000915   Thumb Code    26  daddsub.o(.text)
    __aeabi_dsub                             0x0000092f   Thumb Code     0  daddsub.o(.text)
    _dsub                                    0x0000092f   Thumb Code    22  daddsub.o(.text)
    __aeabi_drsub                            0x00000945   Thumb Code     0  daddsub.o(.text)
    _drsb                                    0x00000945   Thumb Code    28  daddsub.o(.text)
    __aeabi_i2d_normalise                    0x00000975   Thumb Code    66  dflti.o(.text)
    __aeabi_i2d                              0x000009b7   Thumb Code    16  dflti.o(.text)
    _dflt                                    0x000009b7   Thumb Code     0  dflti.o(.text)
    __aeabi_ui2d                             0x000009c7   Thumb Code     6  dflti.o(.text)
    _dfltu                                   0x000009c7   Thumb Code     0  dflti.o(.text)
    __aeabi_dmul                             0x000009cd   Thumb Code     0  dmul.o(.text)
    _dmul                                    0x000009cd   Thumb Code   558  dmul.o(.text)
    __aeabi_f2d                              0x00000c15   Thumb Code     0  f2d.o(.text)
    _f2d                                     0x00000c15   Thumb Code    80  f2d.o(.text)
    __aeabi_fdiv                             0x00000c69   Thumb Code     0  fdiv.o(.text)
    _fdiv                                    0x00000c69   Thumb Code   334  fdiv.o(.text)
    _frdiv                                   0x00000db7   Thumb Code     8  fdiv.o(.text)
    __aeabi_f2iz                             0x00000dc9   Thumb Code     0  ffixi.o(.text)
    _ffix                                    0x00000dc9   Thumb Code    76  ffixi.o(.text)
    __aeabi_f2uiz                            0x00000e15   Thumb Code     0  ffixui.o(.text)
    _ffixu                                   0x00000e15   Thumb Code    48  ffixui.o(.text)
    __aeabi_i2f_normalise                    0x00000e45   Thumb Code    72  fflti.o(.text)
    __aeabi_i2f                              0x00000e8d   Thumb Code    16  fflti.o(.text)
    _fflt                                    0x00000e8d   Thumb Code     0  fflti.o(.text)
    __aeabi_ui2f                             0x00000e9d   Thumb Code     6  fflti.o(.text)
    _ffltu                                   0x00000e9d   Thumb Code     0  fflti.o(.text)
    _printf_int_common                       0x00000ea3   Thumb Code   176  _printf_intcommon.o(.text)
    _printf_char_file                        0x00000f55   Thumb Code    34  _printf_char_file.o(.text)
    __rt_udiv10                              0x00000f7d   Thumb Code    40  rtudiv10.o(.text)
    _printf_char_common                      0x00000faf   Thumb Code    32  _printf_char_common.o(.text)
    ferror                                   0x00000fd5   Thumb Code     8  ferror.o(.text)
    __fpl_fcmp_InfNaN                        0x00000fdd   Thumb Code    96  fcmpin.o(.text)
    __user_setup_stackheap                   0x00001041   Thumb Code    62  sys_stackheap_outer.o(.text)
    exit                                     0x0000107f   Thumb Code    16  exit.o(.text)
    __fpl_cmpreturn                          0x0000108f   Thumb Code    46  cmpret.o(.text)
    __fpl_fcheck_NaN2                        0x000010bd   Thumb Code    10  fnan2.o(.text)
    __user_libspace                          0x000010cd   Thumb Code     8  libspace.o(.text)
    __user_perproc_libspace                  0x000010cd   Thumb Code     0  libspace.o(.text)
    __user_perthread_libspace                0x000010cd   Thumb Code     0  libspace.o(.text)
    __fpl_return_NaN                         0x000010d5   Thumb Code    94  retnan.o(.text)
    ADC0_IRQHandler                          0x00001135   Thumb Code    20  bsp_infrared_light.o(.text.ADC0_IRQHandler)
    ADC_Init                                 0x00001151   Thumb Code    24  bsp_infrared_light.o(.text.ADC_Init)
    DL_ADC12_setClockConfig                  0x00001175   Thumb Code    64  dl_adc12.o(.text.DL_ADC12_setClockConfig)
    DL_Common_delayCycles                    0x000011b5   Thumb Code    10  dl_common.o(.text.DL_Common_delayCycles)
    DL_SPI_init                              0x000011c1   Thumb Code    68  dl_spi.o(.text.DL_SPI_init)
    DL_SPI_setClockConfig                    0x00001205   Thumb Code    18  dl_spi.o(.text.DL_SPI_setClockConfig)
    DL_SYSCTL_configSYSPLL                   0x00001219   Thumb Code   196  dl_sysctl_mspm0g1x0x_g3x0x.o(.text.DL_SYSCTL_configSYSPLL)
    DL_SYSCTL_setHFCLKSourceHFXTParams       0x000012dd   Thumb Code    80  dl_sysctl_mspm0g1x0x_g3x0x.o(.text.DL_SYSCTL_setHFCLKSourceHFXTParams)
    DL_SYSCTL_switchMCLKfromSYSOSCtoHSCLK    0x0000132d   Thumb Code    40  dl_sysctl_mspm0g1x0x_g3x0x.o(.text.DL_SYSCTL_switchMCLKfromSYSOSCtoHSCLK)
    DL_Timer_initFourCCPWMMode               0x00001355   Thumb Code   264  dl_timer.o(.text.DL_Timer_initFourCCPWMMode)
    DL_Timer_initTimerMode                   0x0000145d   Thumb Code   240  dl_timer.o(.text.DL_Timer_initTimerMode)
    DL_Timer_setCaptCompUpdateMethod         0x0000154d   Thumb Code    28  dl_timer.o(.text.DL_Timer_setCaptCompUpdateMethod)
    DL_Timer_setCaptureCompareOutCtl         0x00001569   Thumb Code    24  dl_timer.o(.text.DL_Timer_setCaptureCompareOutCtl)
    DL_Timer_setCaptureCompareValue          0x00001581   Thumb Code    16  dl_timer.o(.text.DL_Timer_setCaptureCompareValue)
    DL_Timer_setClockConfig                  0x00001591   Thumb Code    28  dl_timer.o(.text.DL_Timer_setClockConfig)
    DL_UART_init                             0x000015ad   Thumb Code    72  dl_uart.o(.text.DL_UART_init)
    DL_UART_setClockConfig                   0x000015f5   Thumb Code    18  dl_uart.o(.text.DL_UART_setClockConfig)
    Deal_Bluetooth                           0x00001609   Thumb Code    80  app_bluetooth.o(.text.Deal_Bluetooth)
    Deal_Motor_Data                          0x0000166d   Thumb Code   136  app_bluetooth.o(.text.Deal_Motor_Data)
    Encoder_Get_ALL                          0x00001701   Thumb Code    16  bsp_encoder.o(.text.Encoder_Get_ALL)
    GROUP1_IRQHandler                        0x00001711   Thumb Code   236  bsp_encoder.o(.text.GROUP1_IRQHandler)
    Init_Motor_PWM                           0x00001815   Thumb Code    12  bsp_motor.o(.text.Init_Motor_PWM)
    LineWalking                              0x00001825   Thumb Code   168  app_ir_track.o(.text.LineWalking)
    Motion_Ctrl                              0x000018d9   Thumb Code     8  app_motor.o(.text.Motion_Ctrl)
    Motion_Get_Speed                         0x000018e1   Thumb Code   172  app_motor.o(.text.Motion_Get_Speed)
    Motion_Handle                            0x000019a9   Thumb Code    72  app_motor.o(.text.Motion_Handle)
    Motor_Stop                               0x00001a01   Thumb Code    60  bsp_motor.o(.text.Motor_Stop)
    OLED_Init                                0x00001a45   Thumb Code  1196  oled.o(.text.OLED_Init)
    OLED_Refresh                             0x00001f05   Thumb Code   248  oled.o(.text.OLED_Refresh)
    OLED_WR_Byte                             0x00002001   Thumb Code   156  oled.o(.text.OLED_WR_Byte)
    OPEN_MCULED                              0x0000209d   Thumb Code    12  bsp_beep_led.o(.text.OPEN_MCULED)
    PID_Calc_Motor                           0x000020ad   Thumb Code    32  bsp_pid_motor.o(.text.PID_Calc_Motor)
    PID_Clear_Motor                          0x000020cd   Thumb Code    56  bsp_pid_motor.o(.text.PID_Clear_Motor)
    PID_Incre_Calc                           0x00002105   Thumb Code   148  bsp_pid_motor.o(.text.PID_Incre_Calc)
    PID_Param_Init                           0x000021a1   Thumb Code    64  bsp_pid_motor.o(.text.PID_Param_Init)
    PID_Set_Motor_Target                     0x000021f9   Thumb Code    28  bsp_pid_motor.o(.text.PID_Set_Motor_Target)
    PWM_Control_Car                          0x00002219   Thumb Code   184  bsp_motor.o(.text.PWM_Control_Car)
    Processing_Data                          0x000022dd   Thumb Code   112  bsp_usart_voice.o(.text.Processing_Data)
    RingBuff_Init                            0x00002355   Thumb Code    10  bsp_usart3.o(.text.RingBuff_Init)
    SYSCFG_DL_ADC_Senor_init                 0x00002361   Thumb Code    88  ti_msp_dl_config.o(.text.SYSCFG_DL_ADC_Senor_init)
    SYSCFG_DL_GPIO_init                      0x000023d5   Thumb Code   248  ti_msp_dl_config.o(.text.SYSCFG_DL_GPIO_init)
    SYSCFG_DL_PWM_Servo_init                 0x00002509   Thumb Code   116  ti_msp_dl_config.o(.text.SYSCFG_DL_PWM_Servo_init)
    SYSCFG_DL_SPI_W25Q64_init                0x0000258d   Thumb Code    56  ti_msp_dl_config.o(.text.SYSCFG_DL_SPI_W25Q64_init)
    SYSCFG_DL_SYSCTL_CLK_init                0x000025d9   Thumb Code    16  ti_msp_dl_config.o(.text.SYSCFG_DL_SYSCTL_CLK_init)
    SYSCFG_DL_SYSCTL_init                    0x000025f1   Thumb Code   108  ti_msp_dl_config.o(.text.SYSCFG_DL_SYSCTL_init)
    SYSCFG_DL_SYSTICK_init                   0x00002669   Thumb Code    24  ti_msp_dl_config.o(.text.SYSCFG_DL_SYSTICK_init)
    SYSCFG_DL_TIMER_1ms_init                 0x00002685   Thumb Code    56  ti_msp_dl_config.o(.text.SYSCFG_DL_TIMER_1ms_init)
    SYSCFG_DL_TIMER_20ms_init                0x000026d1   Thumb Code    52  ti_msp_dl_config.o(.text.SYSCFG_DL_TIMER_20ms_init)
    SYSCFG_DL_UART_0_init                    0x0000271d   Thumb Code    88  ti_msp_dl_config.o(.text.SYSCFG_DL_UART_0_init)
    SYSCFG_DL_UART_1_init                    0x00002789   Thumb Code   100  ti_msp_dl_config.o(.text.SYSCFG_DL_UART_1_init)
    SYSCFG_DL_UART_2_init                    0x00002801   Thumb Code   104  ti_msp_dl_config.o(.text.SYSCFG_DL_UART_2_init)
    SYSCFG_DL_UART_3_init                    0x00002881   Thumb Code   104  ti_msp_dl_config.o(.text.SYSCFG_DL_UART_3_init)
    SYSCFG_DL_init                           0x00002905   Thumb Code    96  ti_msp_dl_config.o(.text.SYSCFG_DL_init)
    SYSCFG_DL_initPower                      0x00002979   Thumb Code   104  ti_msp_dl_config.o(.text.SYSCFG_DL_initPower)
    SYSCFG_DL_motor_PWM_init                 0x00002a19   Thumb Code   192  ti_msp_dl_config.o(.text.SYSCFG_DL_motor_PWM_init)
    Send_Byte                                0x00002ae9   Thumb Code   276  oled.o(.text.Send_Byte)
    Set_Servo_Angle                          0x00002c01   Thumb Code    68  bsp_servo.o(.text.Set_Servo_Angle)
    TIMA1_IRQHandler                         0x00002c59   Thumb Code    20  bsp_ultrasonic.o(.text.TIMA1_IRQHandler)
    TIMG0_IRQHandler                         0x00002c75   Thumb Code    48  bsp_timer.o(.text.TIMG0_IRQHandler)
    Timer_20ms_Init                          0x00002cb1   Thumb Code    24  bsp_timer.o(.text.Timer_20ms_Init)
    Track_PID                                0x00002ccd   Thumb Code   120  app_ir_track.o(.text.Track_PID)
    UART0_IRQHandler                         0x00002d59   Thumb Code    60  usart0.o(.text.UART0_IRQHandler)
    UART1_IRQHandler                         0x00002da9   Thumb Code    32  bsp_bluetooth.o(.text.UART1_IRQHandler)
    UART2_IRQHandler                         0x00002dd1   Thumb Code    60  bsp_usart2.o(.text.UART2_IRQHandler)
    UART3_IRQHandler                         0x00002e29   Thumb Code   144  bsp_usart3.o(.text.UART3_IRQHandler)
    USE_Bluetooth_Control                    0x00002ec9   Thumb Code   132  app_bluetooth.o(.text.USE_Bluetooth_Control)
    Ultrasonic_Init                          0x00002f61   Thumb Code    16  bsp_ultrasonic.o(.text.Ultrasonic_Init)
    Ws2812b_WriteByte                        0x00002f71   Thumb Code   216  bsp_rgb.o(.text.Ws2812b_WriteByte)
    _sys_exit                                0x0000304d   Thumb Code     2  usart0.o(.text._sys_exit)
    app_color                                0x00003051   Thumb Code    56  app_rgb.o(.text.app_color)
    bluetooth_init                           0x00003091   Thumb Code    16  bsp_bluetooth.o(.text.bluetooth_init)
    bsp_init                                 0x000030a9   Thumb Code    76  bsp.o(.text.bsp_init)
    delay_ms                                 0x000030f9   Thumb Code    44  delay.o(.text.delay_ms)
    delay_us                                 0x00003129   Thumb Code    44  delay.o(.text.delay_us)
    encoder_init                             0x00003159   Thumb Code    24  bsp_encoder.o(.text.encoder_init)
    encoder_update                           0x00003179   Thumb Code    60  bsp_encoder.o(.text.encoder_update)
    fputc                                    0x000031bd   Thumb Code    16  usart0.o(.text.fputc)
    infrared_config                          0x000031cd   Thumb Code     2  bsp_ir_receiver.o(.text.infrared_config)
    main                                     0x000031cf   Thumb Code    10  main.o(.text.main)
    receiving_infrared_data                  0x000031d9   Thumb Code   276  bsp_ir_receiver.o(.text.receiving_infrared_data)
    rgb_SendArray                            0x000032fd   Thumb Code    32  bsp_rgb.o(.text.rgb_SendArray)
    rgb_SetColor                             0x00003321   Thumb Code    28  bsp_rgb.o(.text.rgb_SetColor)
    servo_init                               0x00003345   Thumb Code    12  bsp_servo.o(.text.servo_init)
    uart0_send_char                          0x00003355   Thumb Code    12  usart0.o(.text.uart0_send_char)
    usart2_init                              0x00003365   Thumb Code    24  bsp_usart2.o(.text.usart2_init)
    usart3_init                              0x00003381   Thumb Code    24  bsp_usart3.o(.text.usart3_init)
    wheel_Ctrl                               0x000033a5   Thumb Code   220  app_motor.o(.text.wheel_Ctrl)
    wheel_State                              0x00003495   Thumb Code   252  app_motor.o(.text.wheel_State)
    __aeabi_fcmpge                           0x000035a1   Thumb Code     0  fcmp.o(i._fgeq)
    _fgeq                                    0x000035a1   Thumb Code    22  fcmp.o(i._fgeq)
    __aeabi_fcmpgt                           0x000035b7   Thumb Code     0  fcmp.o(i._fgr)
    _fgr                                     0x000035b7   Thumb Code    22  fcmp.o(i._fgr)
    __aeabi_fadd                             0x000035cd   Thumb Code     0  faddsub.o(x$fpl$fadd)
    _fadd                                    0x000035cd   Thumb Code   134  faddsub.o(x$fpl$fadd)
    _fcmpge                                  0x00003659   Thumb Code    78  fgef.o(x$fpl$fgeqf)
    __aeabi_fmul                             0x000036ad   Thumb Code     0  fmul.o(x$fpl$fmul)
    _fmul                                    0x000036ad   Thumb Code   172  fmul.o(x$fpl$fmul)
    __aeabi_fsub                             0x0000375d   Thumb Code     0  faddsub.o(x$fpl$fsub)
    _fsub                                    0x0000375d   Thumb Code   204  faddsub.o(x$fpl$fsub)
    __I$use$fp                               0x0000382c   Number         0  usenofp.o(x$fpl$usenofp)
    asc2_0806                                0x000038a0   Data         552  oled.o(.rodata.asc2_0806)
    Region$$Table$$Base                      0x00003ba8   Number         0  anon$$obj.o(Region$$Table)
    Region$$Table$$Limit                     0x00003bc8   Number         0  anon$$obj.o(Region$$Table)
    CarSpeedControl                          0x20200000   Data           4  app_bluetooth.o(.data.CarSpeedControl)
    ledsCount                                0x20200004   Data           4  bsp_rgb.o(.data.ledsCount)
    nbLedsBytes                              0x20200008   Data           4  bsp_rgb.o(.data.nbLedsBytes)
    pid_Yaw                                  0x2020000c   Data          28  bsp_pid_motor.o(.data.pid_Yaw)
    __libspace_start                         0x20200028   Data          96  libspace.o(.bss)
    InfraredData                             0x20200088   Data           4  bsp_ir_receiver.o(.bss.InfraredData)
    __temporary_stack_top$libspace           0x20200088   Data           0  libspace.o(.bss)
    LedsArray                                0x2020008c   Data           6  bsp_rgb.o(.bss.LedsArray)
    OLED_GRAM                                0x20200093   Data         576  oled.o(.bss.OLED_GRAM)
    ProtocolString                           0x202002dc   Data          80  app_bluetooth.o(.bss.ProtocolString)
    Servo_Angle                              0x2020032c   Data           4  bsp_servo.o(.bss.Servo_Angle)
    Uart2_RingBuff                           0x20200334   Data         206  bsp_usart3.o(.bss.Uart2_RingBuff)
    Uart3_RingBuff                           0x20200402   Data         206  bsp_usart3.o(.bss.Uart3_RingBuff)
    __stdout                                 0x202004d0   Data          84  usart0.o(.bss.__stdout)
    car_data                                 0x20200524   Data           6  app_motor.o(.bss.car_data)
    gCheckADC                                0x2020052a   Data           1  bsp_infrared_light.o(.bss.gCheckADC)
    gPWM_ServoBackup                         0x2020052c   Data         160  ti_msp_dl_config.o(.bss.gPWM_ServoBackup)
    gSPI_W25Q64Backup                        0x202005cc   Data          40  ti_msp_dl_config.o(.bss.gSPI_W25Q64Backup)
    gTIMER_1msBackup                         0x202005f4   Data         188  ti_msp_dl_config.o(.bss.gTIMER_1msBackup)
    gUART_3Backup                            0x202006b0   Data          48  ti_msp_dl_config.o(.bss.gUART_3Backup)
    g_CarState                               0x202006e0   Data           1  app_bluetooth.o(.bss.g_CarState)
    g_Encoder_All_Last                       0x202006e4   Data           8  app_motor.o(.bss.g_Encoder_All_Last)
    g_Encoder_All_Now                        0x202006ec   Data           8  app_motor.o(.bss.g_Encoder_All_Now)
    g_Encoder_All_Offset                     0x202006f4   Data           8  app_motor.o(.bss.g_Encoder_All_Offset)
    g_modeSelect                             0x202006fc   Data           1  app_bluetooth.o(.bss.g_modeSelect)
    g_num                                    0x20200700   Data           4  app_bluetooth.o(.bss.g_num)
    g_packnum                                0x20200704   Data           4  app_bluetooth.o(.bss.g_packnum)
    g_start_ctrl                             0x2020070a   Data           1  app_motor.o(.bss.g_start_ctrl)
    g_yaw_adjust                             0x2020070b   Data           1  app_motor.o(.bss.g_yaw_adjust)
    get_mode                                 0x2020070c   Data           1  bsp_usart2.o(.bss.get_mode)
    get_v                                    0x2020070d   Data           1  bsp_usart2.o(.bss.get_v)
    gled_cnt                                 0x2020070e   Data           1  bsp_timer.o(.bss.gled_cnt)
    gmotor_PWMBackup                         0x20200710   Data         188  ti_msp_dl_config.o(.bss.gmotor_PWMBackup)
    inputString                              0x202007cc   Data          80  app_bluetooth.o(.bss.inputString)
    motor_data                               0x20200850   Data          20  app_motor.o(.bss.motor_data)
    msHcCount                                0x20200864   Data           4  bsp_ultrasonic.o(.bss.msHcCount)
    newLineReceived                          0x20200868   Data           1  app_bluetooth.o(.bss.newLineReceived)
    pid_motor                                0x2020086c   Data          80  bsp_pid_motor.o(.bss.pid_motor)
    pid_output_IRR                           0x202008bc   Data           4  app_ir_track.o(.bss.pid_output_IRR)
    recv0_buff                               0x202008c0   Data         128  usart0.o(.bss.recv0_buff)
    recv0_flag                               0x20200940   Data           1  usart0.o(.bss.recv0_flag)
    recv0_length                             0x20200942   Data           2  usart0.o(.bss.recv0_length)
    recv2_buff                               0x20200944   Data         200  bsp_usart2.o(.bss.recv2_buff)
    recv2_flag                               0x20200a0c   Data           1  bsp_usart2.o(.bss.recv2_flag)
    recv2_length                             0x20200a0e   Data           2  bsp_usart2.o(.bss.recv2_length)
    recv3_flag                               0x20200a10   Data           1  bsp_usart3.o(.bss.recv3_flag)
    startBit                                 0x20200a1c   Data           1  app_bluetooth.o(.bss.startBit)



==============================================================================

Memory Map of the image

  Image Entry point : 0x000000c1

  Load Region LR_IROM1 (Base: 0x00000000, Size: 0x00003bf0, Max: 0x00020000, ABSOLUTE)

    Execution Region ER_IROM1 (Exec base: 0x00000000, Load base: 0x00000000, Size: 0x00003bc8, Max: 0x00020000, ABSOLUTE)

    Exec Addr    Load Addr    Size         Type   Attr      Idx    E Section Name        Object

    0x00000000   0x00000000   0x000000c0   Data   RO            3    RESET               startup_mspm0g350x_uvision.o
    0x000000c0   0x000000c0   0x00000008   Code   RO         1098  * !!!main             c_p.l(__main.o)
    0x000000c8   0x000000c8   0x0000003c   Code   RO         1338    !!!scatter          c_p.l(__scatter.o)
    0x00000104   0x00000104   0x00000004   PAD
    0x00000108   0x00000108   0x0000001a   Code   RO         1340    !!handler_copy      c_p.l(__scatter_copy.o)
    0x00000122   0x00000122   0x00000006   PAD
    0x00000128   0x00000128   0x0000001c   Code   RO         1342    !!handler_zi        c_p.l(__scatter_zi.o)
    0x00000144   0x00000144   0x00000002   Code   RO         1077    .ARM.Collect$$_printf_percent$$00000000  c_p.l(_printf_percent.o)
    0x00000146   0x00000146   0x0000000a   Code   RO         1076    .ARM.Collect$$_printf_percent$$00000009  c_p.l(_printf_d.o)
    0x00000150   0x00000150   0x0000000a   Code   RO         1075    .ARM.Collect$$_printf_percent$$0000000C  c_p.l(_printf_x.o)
    0x0000015a   0x0000015a   0x00000004   Code   RO         1148    .ARM.Collect$$_printf_percent$$00000017  c_p.l(_printf_percent_end.o)
    0x0000015e   0x0000015e   0x00000002   Code   RO         1199    .ARM.Collect$$libinit$$00000000  c_p.l(libinit.o)
    0x00000160   0x00000160   0x00000000   Code   RO         1217    .ARM.Collect$$libinit$$00000002  c_p.l(libinit2.o)
    0x00000160   0x00000160   0x00000000   Code   RO         1219    .ARM.Collect$$libinit$$00000004  c_p.l(libinit2.o)
    0x00000160   0x00000160   0x00000000   Code   RO         1222    .ARM.Collect$$libinit$$0000000A  c_p.l(libinit2.o)
    0x00000160   0x00000160   0x00000000   Code   RO         1224    .ARM.Collect$$libinit$$0000000C  c_p.l(libinit2.o)
    0x00000160   0x00000160   0x00000000   Code   RO         1226    .ARM.Collect$$libinit$$0000000E  c_p.l(libinit2.o)
    0x00000160   0x00000160   0x00000000   Code   RO         1229    .ARM.Collect$$libinit$$00000011  c_p.l(libinit2.o)
    0x00000160   0x00000160   0x00000000   Code   RO         1231    .ARM.Collect$$libinit$$00000013  c_p.l(libinit2.o)
    0x00000160   0x00000160   0x00000000   Code   RO         1233    .ARM.Collect$$libinit$$00000015  c_p.l(libinit2.o)
    0x00000160   0x00000160   0x00000000   Code   RO         1235    .ARM.Collect$$libinit$$00000017  c_p.l(libinit2.o)
    0x00000160   0x00000160   0x00000000   Code   RO         1237    .ARM.Collect$$libinit$$00000019  c_p.l(libinit2.o)
    0x00000160   0x00000160   0x00000000   Code   RO         1239    .ARM.Collect$$libinit$$0000001B  c_p.l(libinit2.o)
    0x00000160   0x00000160   0x00000000   Code   RO         1241    .ARM.Collect$$libinit$$0000001D  c_p.l(libinit2.o)
    0x00000160   0x00000160   0x00000000   Code   RO         1243    .ARM.Collect$$libinit$$0000001F  c_p.l(libinit2.o)
    0x00000160   0x00000160   0x00000000   Code   RO         1245    .ARM.Collect$$libinit$$00000021  c_p.l(libinit2.o)
    0x00000160   0x00000160   0x00000000   Code   RO         1247    .ARM.Collect$$libinit$$00000023  c_p.l(libinit2.o)
    0x00000160   0x00000160   0x00000000   Code   RO         1249    .ARM.Collect$$libinit$$00000025  c_p.l(libinit2.o)
    0x00000160   0x00000160   0x00000000   Code   RO         1253    .ARM.Collect$$libinit$$0000002C  c_p.l(libinit2.o)
    0x00000160   0x00000160   0x00000000   Code   RO         1255    .ARM.Collect$$libinit$$0000002E  c_p.l(libinit2.o)
    0x00000160   0x00000160   0x00000000   Code   RO         1257    .ARM.Collect$$libinit$$00000030  c_p.l(libinit2.o)
    0x00000160   0x00000160   0x00000000   Code   RO         1259    .ARM.Collect$$libinit$$00000032  c_p.l(libinit2.o)
    0x00000160   0x00000160   0x00000002   Code   RO         1260    .ARM.Collect$$libinit$$00000033  c_p.l(libinit2.o)
    0x00000162   0x00000162   0x00000002   Code   RO         1290    .ARM.Collect$$libshutdown$$00000000  c_p.l(libshutdown.o)
    0x00000164   0x00000164   0x00000000   Code   RO         1321    .ARM.Collect$$libshutdown$$00000002  c_p.l(libshutdown2.o)
    0x00000164   0x00000164   0x00000000   Code   RO         1323    .ARM.Collect$$libshutdown$$00000004  c_p.l(libshutdown2.o)
    0x00000164   0x00000164   0x00000000   Code   RO         1326    .ARM.Collect$$libshutdown$$00000007  c_p.l(libshutdown2.o)
    0x00000164   0x00000164   0x00000000   Code   RO         1329    .ARM.Collect$$libshutdown$$0000000A  c_p.l(libshutdown2.o)
    0x00000164   0x00000164   0x00000000   Code   RO         1331    .ARM.Collect$$libshutdown$$0000000C  c_p.l(libshutdown2.o)
    0x00000164   0x00000164   0x00000000   Code   RO         1334    .ARM.Collect$$libshutdown$$0000000F  c_p.l(libshutdown2.o)
    0x00000164   0x00000164   0x00000002   Code   RO         1335    .ARM.Collect$$libshutdown$$00000010  c_p.l(libshutdown2.o)
    0x00000166   0x00000166   0x00000000   Code   RO         1139    .ARM.Collect$$rtentry$$00000000  c_p.l(__rtentry.o)
    0x00000166   0x00000166   0x00000000   Code   RO         1159    .ARM.Collect$$rtentry$$00000002  c_p.l(__rtentry2.o)
    0x00000166   0x00000166   0x00000006   Code   RO         1171    .ARM.Collect$$rtentry$$00000004  c_p.l(__rtentry4.o)
    0x0000016c   0x0000016c   0x00000000   Code   RO         1161    .ARM.Collect$$rtentry$$00000009  c_p.l(__rtentry2.o)
    0x0000016c   0x0000016c   0x00000004   Code   RO         1162    .ARM.Collect$$rtentry$$0000000A  c_p.l(__rtentry2.o)
    0x00000170   0x00000170   0x00000000   Code   RO         1164    .ARM.Collect$$rtentry$$0000000C  c_p.l(__rtentry2.o)
    0x00000170   0x00000170   0x00000008   Code   RO         1165    .ARM.Collect$$rtentry$$0000000D  c_p.l(__rtentry2.o)
    0x00000178   0x00000178   0x00000002   Code   RO         1208    .ARM.Collect$$rtexit$$00000000  c_p.l(rtexit.o)
    0x0000017a   0x0000017a   0x00000000   Code   RO         1264    .ARM.Collect$$rtexit$$00000002  c_p.l(rtexit2.o)
    0x0000017a   0x0000017a   0x00000004   Code   RO         1265    .ARM.Collect$$rtexit$$00000003  c_p.l(rtexit2.o)
    0x0000017e   0x0000017e   0x00000006   Code   RO         1266    .ARM.Collect$$rtexit$$00000004  c_p.l(rtexit2.o)
    0x00000184   0x00000184   0x00000038   Code   RO         1082    .emb_text           c_p.l(rt_memcpy.o)
    0x000001bc   0x000001bc   0x0000002c   Code   RO            4    .text               startup_mspm0g350x_uvision.o
    0x000001e8   0x000001e8   0x0000001c   Code   RO         1028    .text               c_p.l(noretval__2printf.o)
    0x00000204   0x00000204   0x0000006c   Code   RO         1030    .text               c_p.l(__printf.o)
    0x00000270   0x00000270   0x0000006c   Code   RO         1032    .text               c_p.l(_printf_dec.o)
    0x000002dc   0x000002dc   0x00000058   Code   RO         1037    .text               c_p.l(_printf_hex_int.o)
    0x00000334   0x00000334   0x0000002c   Code   RO         1078    .text               c_p.l(puts.o)
    0x00000360   0x00000360   0x00000040   Code   RO         1086    .text               c_p.l(rt_memclr.o)
    0x000003a0   0x000003a0   0x000001f8   Code   RO         1088    .text               c_p.l(aeabi_sdivfast.o)
    0x00000598   0x00000598   0x00000006   Code   RO         1096    .text               c_p.l(heapauxi.o)
    0x0000059e   0x0000059e   0x00000002   PAD
    0x000005a0   0x000005a0   0x0000007c   Code   RO         1100    .text               fz_ps.l(d2f.o)
    0x0000061c   0x0000061c   0x00000358   Code   RO         1102    .text               fz_ps.l(daddsub.o)
    0x00000974   0x00000974   0x00000058   Code   RO         1104    .text               fz_ps.l(dflti.o)
    0x000009cc   0x000009cc   0x00000248   Code   RO         1106    .text               fz_ps.l(dmul.o)
    0x00000c14   0x00000c14   0x00000054   Code   RO         1108    .text               fz_ps.l(f2d.o)
    0x00000c68   0x00000c68   0x00000160   Code   RO         1128    .text               fz_ps.l(fdiv.o)
    0x00000dc8   0x00000dc8   0x0000004c   Code   RO         1131    .text               fz_ps.l(ffixi.o)
    0x00000e14   0x00000e14   0x00000030   Code   RO         1133    .text               fz_ps.l(ffixui.o)
    0x00000e44   0x00000e44   0x0000005e   Code   RO         1135    .text               fz_ps.l(fflti.o)
    0x00000ea2   0x00000ea2   0x000000b0   Code   RO         1144    .text               c_p.l(_printf_intcommon.o)
    0x00000f52   0x00000f52   0x00000002   PAD
    0x00000f54   0x00000f54   0x00000028   Code   RO         1146    .text               c_p.l(_printf_char_file.o)
    0x00000f7c   0x00000f7c   0x00000028   Code   RO         1149    .text               c_p.l(rtudiv10.o)
    0x00000fa4   0x00000fa4   0x00000030   Code   RO         1175    .text               c_p.l(_printf_char_common.o)
    0x00000fd4   0x00000fd4   0x00000008   Code   RO         1177    .text               c_p.l(ferror.o)
    0x00000fdc   0x00000fdc   0x00000064   Code   RO         1181    .text               fz_ps.l(fcmpin.o)
    0x00001040   0x00001040   0x0000003e   Code   RO         1183    .text               c_p.l(sys_stackheap_outer.o)
    0x0000107e   0x0000107e   0x00000010   Code   RO         1188    .text               c_p.l(exit.o)
    0x0000108e   0x0000108e   0x0000002e   Code   RO         1200    .text               fz_ps.l(cmpret.o)
    0x000010bc   0x000010bc   0x00000010   Code   RO         1202    .text               fz_ps.l(fnan2.o)
    0x000010cc   0x000010cc   0x00000008   Code   RO         1204    .text               c_p.l(libspace.o)
    0x000010d4   0x000010d4   0x0000005e   Code   RO         1261    .text               fz_ps.l(retnan.o)
    0x00001132   0x00001132   0x00000002   PAD
    0x00001134   0x00001134   0x0000001c   Code   RO          224    .text.ADC0_IRQHandler  bsp_infrared_light.o
    0x00001150   0x00001150   0x00000024   Code   RO          218    .text.ADC_Init      bsp_infrared_light.o
    0x00001174   0x00001174   0x00000040   Code   RO          781    .text.DL_ADC12_setClockConfig  driverlib.a(dl_adc12.o)
    0x000011b4   0x000011b4   0x0000000a   Code   RO          793    .text.DL_Common_delayCycles  driverlib.a(dl_common.o)
    0x000011be   0x000011be   0x00000002   PAD
    0x000011c0   0x000011c0   0x00000044   Code   RO          802    .text.DL_SPI_init   driverlib.a(dl_spi.o)
    0x00001204   0x00001204   0x00000012   Code   RO          804    .text.DL_SPI_setClockConfig  driverlib.a(dl_spi.o)
    0x00001216   0x00001216   0x00000002   PAD
    0x00001218   0x00001218   0x000000c4   Code   RO          993    .text.DL_SYSCTL_configSYSPLL  driverlib.a(dl_sysctl_mspm0g1x0x_g3x0x.o)
    0x000012dc   0x000012dc   0x00000050   Code   RO         1007    .text.DL_SYSCTL_setHFCLKSourceHFXTParams  driverlib.a(dl_sysctl_mspm0g1x0x_g3x0x.o)
    0x0000132c   0x0000132c   0x00000028   Code   RO         1001    .text.DL_SYSCTL_switchMCLKfromSYSOSCtoHSCLK  driverlib.a(dl_sysctl_mspm0g1x0x_g3x0x.o)
    0x00001354   0x00001354   0x00000108   Code   RO          932    .text.DL_Timer_initFourCCPWMMode  driverlib.a(dl_timer.o)
    0x0000145c   0x0000145c   0x000000f0   Code   RO          860    .text.DL_Timer_initTimerMode  driverlib.a(dl_timer.o)
    0x0000154c   0x0000154c   0x0000001c   Code   RO          902    .text.DL_Timer_setCaptCompUpdateMethod  driverlib.a(dl_timer.o)
    0x00001568   0x00001568   0x00000018   Code   RO          906    .text.DL_Timer_setCaptureCompareOutCtl  driverlib.a(dl_timer.o)
    0x00001580   0x00001580   0x00000010   Code   RO          862    .text.DL_Timer_setCaptureCompareValue  driverlib.a(dl_timer.o)
    0x00001590   0x00001590   0x0000001c   Code   RO          856    .text.DL_Timer_setClockConfig  driverlib.a(dl_timer.o)
    0x000015ac   0x000015ac   0x00000048   Code   RO          953    .text.DL_UART_init  driverlib.a(dl_uart.o)
    0x000015f4   0x000015f4   0x00000012   Code   RO          955    .text.DL_UART_setClockConfig  driverlib.a(dl_uart.o)
    0x00001606   0x00001606   0x00000002   PAD
    0x00001608   0x00001608   0x00000064   Code   RO          730    .text.Deal_Bluetooth  app_bluetooth.o
    0x0000166c   0x0000166c   0x00000094   Code   RO          738    .text.Deal_Motor_Data  app_bluetooth.o
    0x00001700   0x00001700   0x00000010   Code   RO          304    .text.Encoder_Get_ALL  bsp_encoder.o
    0x00001710   0x00001710   0x00000104   Code   RO          310    .text.GROUP1_IRQHandler  bsp_encoder.o
    0x00001814   0x00001814   0x00000010   Code   RO          268    .text.Init_Motor_PWM  bsp_motor.o
    0x00001824   0x00001824   0x000000b4   Code   RO          717    .text.LineWalking   app_ir_track.o
    0x000018d8   0x000018d8   0x00000008   Code   RO          645    .text.Motion_Ctrl   app_motor.o
    0x000018e0   0x000018e0   0x000000c8   Code   RO          637    .text.Motion_Get_Speed  app_motor.o
    0x000019a8   0x000019a8   0x00000058   Code   RO          655    .text.Motion_Handle  app_motor.o
    0x00001a00   0x00001a00   0x00000044   Code   RO          280    .text.Motor_Stop    bsp_motor.o
    0x00001a44   0x00001a44   0x000004c0   Code   RO          380    .text.OLED_Init     oled.o
    0x00001f04   0x00001f04   0x000000fc   Code   RO          356    .text.OLED_Refresh  oled.o
    0x00002000   0x00002000   0x0000009c   Code   RO          338    .text.OLED_WR_Byte  oled.o
    0x0000209c   0x0000209c   0x00000010   Code   RO          145    .text.OPEN_MCULED   bsp_beep_led.o
    0x000020ac   0x000020ac   0x00000020   Code   RO          687    .text.PID_Calc_Motor  bsp_pid_motor.o
    0x000020cc   0x000020cc   0x00000038   Code   RO          693    .text.PID_Clear_Motor  bsp_pid_motor.o
    0x00002104   0x00002104   0x0000009c   Code   RO          683    .text.PID_Incre_Calc  bsp_pid_motor.o
    0x000021a0   0x000021a0   0x00000058   Code   RO          675    .text.PID_Param_Init  bsp_pid_motor.o
    0x000021f8   0x000021f8   0x00000020   Code   RO          695    .text.PID_Set_Motor_Target  bsp_pid_motor.o
    0x00002218   0x00002218   0x000000c4   Code   RO          274    .text.PWM_Control_Car  bsp_motor.o
    0x000022dc   0x000022dc   0x00000078   Code   RO          552    .text.Processing_Data  bsp_usart_voice.o
    0x00002354   0x00002354   0x0000000a   Code   RO          525    .text.RingBuff_Init  bsp_usart3.o
    0x0000235e   0x0000235e   0x00000002   PAD
    0x00002360   0x00002360   0x00000074   Code   RO           37    .text.SYSCFG_DL_ADC_Senor_init  ti_msp_dl_config.o
    0x000023d4   0x000023d4   0x00000134   Code   RO           15    .text.SYSCFG_DL_GPIO_init  ti_msp_dl_config.o
    0x00002508   0x00002508   0x00000084   Code   RO           21    .text.SYSCFG_DL_PWM_Servo_init  ti_msp_dl_config.o
    0x0000258c   0x0000258c   0x0000004c   Code   RO           35    .text.SYSCFG_DL_SPI_W25Q64_init  ti_msp_dl_config.o
    0x000025d8   0x000025d8   0x00000018   Code   RO           41    .text.SYSCFG_DL_SYSCTL_CLK_init  ti_msp_dl_config.o
    0x000025f0   0x000025f0   0x00000078   Code   RO           17    .text.SYSCFG_DL_SYSCTL_init  ti_msp_dl_config.o
    0x00002668   0x00002668   0x0000001c   Code   RO           39    .text.SYSCFG_DL_SYSTICK_init  ti_msp_dl_config.o
    0x00002684   0x00002684   0x0000004c   Code   RO           25    .text.SYSCFG_DL_TIMER_1ms_init  ti_msp_dl_config.o
    0x000026d0   0x000026d0   0x0000004c   Code   RO           23    .text.SYSCFG_DL_TIMER_20ms_init  ti_msp_dl_config.o
    0x0000271c   0x0000271c   0x0000006c   Code   RO           27    .text.SYSCFG_DL_UART_0_init  ti_msp_dl_config.o
    0x00002788   0x00002788   0x00000078   Code   RO           29    .text.SYSCFG_DL_UART_1_init  ti_msp_dl_config.o
    0x00002800   0x00002800   0x00000080   Code   RO           31    .text.SYSCFG_DL_UART_2_init  ti_msp_dl_config.o
    0x00002880   0x00002880   0x00000084   Code   RO           33    .text.SYSCFG_DL_UART_3_init  ti_msp_dl_config.o
    0x00002904   0x00002904   0x00000074   Code   RO           11    .text.SYSCFG_DL_init  ti_msp_dl_config.o
    0x00002978   0x00002978   0x000000a0   Code   RO           13    .text.SYSCFG_DL_initPower  ti_msp_dl_config.o
    0x00002a18   0x00002a18   0x000000d0   Code   RO           19    .text.SYSCFG_DL_motor_PWM_init  ti_msp_dl_config.o
    0x00002ae8   0x00002ae8   0x00000118   Code   RO          350    .text.Send_Byte     oled.o
    0x00002c00   0x00002c00   0x00000058   Code   RO          483    .text.Set_Servo_Angle  bsp_servo.o
    0x00002c58   0x00002c58   0x0000001c   Code   RO          460    .text.TIMA1_IRQHandler  bsp_ultrasonic.o
    0x00002c74   0x00002c74   0x0000003c   Code   RO          326    .text.TIMG0_IRQHandler  bsp_timer.o
    0x00002cb0   0x00002cb0   0x0000001c   Code   RO          324    .text.Timer_20ms_Init  bsp_timer.o
    0x00002ccc   0x00002ccc   0x0000008c   Code   RO          715    .text.Track_PID     app_ir_track.o
    0x00002d58   0x00002d58   0x00000050   Code   RO          131    .text.UART0_IRQHandler  usart0.o
    0x00002da8   0x00002da8   0x00000028   Code   RO          768    .text.UART1_IRQHandler  bsp_bluetooth.o
    0x00002dd0   0x00002dd0   0x00000058   Code   RO          507    .text.UART2_IRQHandler  bsp_usart2.o
    0x00002e28   0x00002e28   0x000000a0   Code   RO          535    .text.UART3_IRQHandler  bsp_usart3.o
    0x00002ec8   0x00002ec8   0x00000098   Code   RO          742    .text.USE_Bluetooth_Control  app_bluetooth.o
    0x00002f60   0x00002f60   0x00000010   Code   RO          452    .text.Ultrasonic_Init  bsp_ultrasonic.o
    0x00002f70   0x00002f70   0x000000dc   Code   RO          195    .text.Ws2812b_WriteByte  bsp_rgb.o
    0x0000304c   0x0000304c   0x00000002   Code   RO          127    .text._sys_exit     usart0.o
    0x0000304e   0x0000304e   0x00000002   PAD
    0x00003050   0x00003050   0x00000040   Code   RO          594    .text.app_color     app_rgb.o
    0x00003090   0x00003090   0x00000018   Code   RO          762    .text.bluetooth_init  bsp_bluetooth.o
    0x000030a8   0x000030a8   0x00000050   Code   RO           97    .text.bsp_init      bsp.o
    0x000030f8   0x000030f8   0x00000030   Code   RO          109    .text.delay_ms      delay.o
    0x00003128   0x00003128   0x00000030   Code   RO          107    .text.delay_us      delay.o
    0x00003158   0x00003158   0x00000020   Code   RO          298    .text.encoder_init  bsp_encoder.o
    0x00003178   0x00003178   0x00000044   Code   RO          308    .text.encoder_update  bsp_encoder.o
    0x000031bc   0x000031bc   0x00000010   Code   RO          129    .text.fputc         usart0.o
    0x000031cc   0x000031cc   0x00000002   Code   RO          242    .text.infrared_config  bsp_ir_receiver.o
    0x000031ce   0x000031ce   0x0000000a   Code   RO           80    .text.main          main.o
    0x000031d8   0x000031d8   0x00000124   Code   RO          252    .text.receiving_infrared_data  bsp_ir_receiver.o
    0x000032fc   0x000032fc   0x00000024   Code   RO          193    .text.rgb_SendArray  bsp_rgb.o
    0x00003320   0x00003320   0x00000024   Code   RO          189    .text.rgb_SetColor  bsp_rgb.o
    0x00003344   0x00003344   0x00000010   Code   RO          479    .text.servo_init    bsp_servo.o
    0x00003354   0x00003354   0x00000010   Code   RO          123    .text.uart0_send_char  usart0.o
    0x00003364   0x00003364   0x0000001c   Code   RO          501    .text.usart2_init   bsp_usart2.o
    0x00003380   0x00003380   0x00000024   Code   RO          523    .text.usart3_init   bsp_usart3.o
    0x000033a4   0x000033a4   0x000000f0   Code   RO          647    .text.wheel_Ctrl    app_motor.o
    0x00003494   0x00003494   0x0000010c   Code   RO          653    .text.wheel_State   app_motor.o
    0x000035a0   0x000035a0   0x00000016   Code   RO         1117    i._fgeq             fz_ps.l(fcmp.o)
    0x000035b6   0x000035b6   0x00000016   Code   RO         1118    i._fgr              fz_ps.l(fcmp.o)
    0x000035cc   0x000035cc   0x0000008c   Code   RO         1110    x$fpl$fadd          fz_ps.l(faddsub.o)
    0x00003658   0x00003658   0x00000054   Code   RO         1153    x$fpl$fgeqf         fz_ps.l(fgef.o)
    0x000036ac   0x000036ac   0x000000b0   Code   RO         1137    x$fpl$fmul          fz_ps.l(fmul.o)
    0x0000375c   0x0000375c   0x000000d0   Code   RO         1112    x$fpl$fsub          fz_ps.l(faddsub.o)
    0x0000382c   0x0000382c   0x00000000   Code   RO         1157    x$fpl$usenofp       fz_ps.l(usenofp.o)
    0x0000382c   0x0000382c   0x00000028   Data   RO         1038    .constdata          c_p.l(_printf_hex_int.o)
    0x00003854   0x00003854   0x00000040   Data   RO         1129    .constdata          fz_ps.l(fdiv.o)
    0x00003894   0x00003894   0x0000000c   Data   RO          598    .rodata..Lswitch.table.app_color.1  app_rgb.o
    0x000038a0   0x000038a0   0x00000228   Data   RO          384    .rodata.asc2_0806   oled.o
    0x00003ac8   0x00003ac8   0x00000008   Data   RO           71    .rodata.gADC_SenorClockConfig  ti_msp_dl_config.o
    0x00003ad0   0x00003ad0   0x00000003   Data   RO           55    .rodata.gPWM_ServoClockConfig  ti_msp_dl_config.o
    0x00003ad3   0x00003ad3   0x00000001   PAD
    0x00003ad4   0x00003ad4   0x00000008   Data   RO           56    .rodata.gPWM_ServoConfig  ti_msp_dl_config.o
    0x00003adc   0x00003adc   0x00000002   Data   RO           69    .rodata.gSPI_W25Q64_clockConfig  ti_msp_dl_config.o
    0x00003ade   0x00003ade   0x0000000a   Data   RO           70    .rodata.gSPI_W25Q64_config  ti_msp_dl_config.o
    0x00003ae8   0x00003ae8   0x00000028   Data   RO           52    .rodata.gSYSPLLConfig  ti_msp_dl_config.o
    0x00003b10   0x00003b10   0x00000003   Data   RO           59    .rodata.gTIMER_1msClockConfig  ti_msp_dl_config.o
    0x00003b13   0x00003b13   0x00000001   PAD
    0x00003b14   0x00003b14   0x00000014   Data   RO           60    .rodata.gTIMER_1msTimerConfig  ti_msp_dl_config.o
    0x00003b28   0x00003b28   0x00000003   Data   RO           57    .rodata.gTIMER_20msClockConfig  ti_msp_dl_config.o
    0x00003b2b   0x00003b2b   0x00000001   PAD
    0x00003b2c   0x00003b2c   0x00000014   Data   RO           58    .rodata.gTIMER_20msTimerConfig  ti_msp_dl_config.o
    0x00003b40   0x00003b40   0x00000002   Data   RO           61    .rodata.gUART_0ClockConfig  ti_msp_dl_config.o
    0x00003b42   0x00003b42   0x0000000a   Data   RO           62    .rodata.gUART_0Config  ti_msp_dl_config.o
    0x00003b4c   0x00003b4c   0x00000002   Data   RO           63    .rodata.gUART_1ClockConfig  ti_msp_dl_config.o
    0x00003b4e   0x00003b4e   0x0000000a   Data   RO           64    .rodata.gUART_1Config  ti_msp_dl_config.o
    0x00003b58   0x00003b58   0x00000002   Data   RO           65    .rodata.gUART_2ClockConfig  ti_msp_dl_config.o
    0x00003b5a   0x00003b5a   0x0000000a   Data   RO           66    .rodata.gUART_2Config  ti_msp_dl_config.o
    0x00003b64   0x00003b64   0x00000002   Data   RO           67    .rodata.gUART_3ClockConfig  ti_msp_dl_config.o
    0x00003b66   0x00003b66   0x0000000a   Data   RO           68    .rodata.gUART_3Config  ti_msp_dl_config.o
    0x00003b70   0x00003b70   0x00000003   Data   RO           53    .rodata.gmotor_PWMClockConfig  ti_msp_dl_config.o
    0x00003b73   0x00003b73   0x00000001   PAD
    0x00003b74   0x00003b74   0x00000008   Data   RO           54    .rodata.gmotor_PWMConfig  ti_msp_dl_config.o
    0x00003b7c   0x00003b7c   0x00000012   Data   RO           99    .rodata.str1.1      bsp.o
    0x00003b8e   0x00003b8e   0x0000000e   Data   RO          258    .rodata.str1.1      bsp_ir_receiver.o
    0x00003b9c   0x00003b9c   0x00000006   Data   RO          393    .rodata.str1.1      oled.o
    0x00003ba2   0x00003ba2   0x00000004   Data   RO          753    .rodata.str1.1      app_bluetooth.o
    0x00003ba6   0x00003ba6   0x00000002   PAD
    0x00003ba8   0x00003ba8   0x00000020   Data   RO         1337    Region$$Table       anon$$obj.o


    Execution Region RW_IRAM2 (Exec base: 0x20200000, Load base: 0x00003bc8, Size: 0x00001220, Max: 0x00008000, ABSOLUTE)

    Exec Addr    Load Addr    Size         Type   Attr      Idx    E Section Name        Object

    0x20200000   0x00003bc8   0x00000004   Data   RW          747    .data.CarSpeedControl  app_bluetooth.o
    0x20200004   0x00003bcc   0x00000004   Data   RW          199    .data.ledsCount     bsp_rgb.o
    0x20200008   0x00003bd0   0x00000004   Data   RW          200    .data.nbLedsBytes   bsp_rgb.o
    0x2020000c   0x00003bd4   0x0000001c   Data   RW          705    .data.pid_Yaw       bsp_pid_motor.o
    0x20200028        -       0x00000060   Zero   RW         1205    .bss                c_p.l(libspace.o)
    0x20200088        -       0x00000004   Zero   RW          259    .bss.InfraredData   bsp_ir_receiver.o
    0x2020008c        -       0x00000006   Zero   RW          201    .bss.LedsArray      bsp_rgb.o
    0x20200092        -       0x00000001   Zero   RW          721    .bss.LineWalking.err  app_ir_track.o
    0x20200093        -       0x00000240   Zero   RW          392    .bss.OLED_GRAM      oled.o
    0x202002d3        -       0x00000001   Zero   RW          557    .bss.Processing_Data.g_index  bsp_usart_voice.o
    0x202002d4        -       0x00000006   Zero   RW          556    .bss.Processing_Data.recv_buf  bsp_usart_voice.o
    0x202002da   0x00003bf0   0x00000002   PAD
    0x202002dc        -       0x00000050   Zero   RW          752    .bss.ProtocolString  app_bluetooth.o
    0x2020032c        -       0x00000004   Zero   RW          491    .bss.Servo_Angle    bsp_servo.o
    0x20200330        -       0x00000004   Zero   RW          720    .bss.Track_PID.IRTrack_Integral  app_ir_track.o
    0x20200334        -       0x000000ce   Zero   RW          539    .bss.Uart2_RingBuff  bsp_usart3.o
    0x20200402        -       0x000000ce   Zero   RW          538    .bss.Uart3_RingBuff  bsp_usart3.o
    0x202004d0        -       0x00000054   Zero   RW          136    .bss.__stdout       usart0.o
    0x20200524        -       0x00000006   Zero   RW          666    .bss.car_data       app_motor.o
    0x2020052a        -       0x00000001   Zero   RW          228    .bss.gCheckADC      bsp_infrared_light.o
    0x2020052b   0x00003bf0   0x00000001   PAD
    0x2020052c        -       0x000000a0   Zero   RW           48    .bss.gPWM_ServoBackup  ti_msp_dl_config.o
    0x202005cc        -       0x00000028   Zero   RW           51    .bss.gSPI_W25Q64Backup  ti_msp_dl_config.o
    0x202005f4        -       0x000000bc   Zero   RW           49    .bss.gTIMER_1msBackup  ti_msp_dl_config.o
    0x202006b0        -       0x00000030   Zero   RW           50    .bss.gUART_3Backup  ti_msp_dl_config.o
    0x202006e0        -       0x00000001   Zero   RW          750    .bss.g_CarState     app_bluetooth.o
    0x202006e1   0x00003bf0   0x00000003   PAD
    0x202006e4        -       0x00000008   Zero   RW          658    .bss.g_Encoder_All_Last  app_motor.o
    0x202006ec        -       0x00000008   Zero   RW          657    .bss.g_Encoder_All_Now  app_motor.o
    0x202006f4        -       0x00000008   Zero   RW          659    .bss.g_Encoder_All_Offset  app_motor.o
    0x202006fc        -       0x00000001   Zero   RW          751    .bss.g_modeSelect   app_bluetooth.o
    0x202006fd   0x00003bf0   0x00000003   PAD
    0x20200700        -       0x00000004   Zero   RW          744    .bss.g_num          app_bluetooth.o
    0x20200704        -       0x00000004   Zero   RW          746    .bss.g_packnum      app_bluetooth.o
    0x20200708        -       0x00000002   Zero   RW          663    .bss.g_speed_setup  app_motor.o
    0x2020070a        -       0x00000001   Zero   RW          660    .bss.g_start_ctrl   app_motor.o
    0x2020070b        -       0x00000001   Zero   RW          661    .bss.g_yaw_adjust   app_motor.o
    0x2020070c        -       0x00000001   Zero   RW          513    .bss.get_mode       bsp_usart2.o
    0x2020070d        -       0x00000001   Zero   RW          514    .bss.get_v          bsp_usart2.o
    0x2020070e        -       0x00000001   Zero   RW          328    .bss.gled_cnt       bsp_timer.o
    0x2020070f   0x00003bf0   0x00000001   PAD
    0x20200710        -       0x000000bc   Zero   RW           47    .bss.gmotor_PWMBackup  ti_msp_dl_config.o
    0x202007cc        -       0x00000050   Zero   RW          749    .bss.inputString    app_bluetooth.o
    0x2020081c   0x00003bf0   0x00000004   PAD
    0x20200820        -       0x00000018   Zero   RW          314    .bss.motorL_encoder  bsp_encoder.o
    0x20200838        -       0x00000018   Zero   RW          315    .bss.motorR_encoder  bsp_encoder.o
    0x20200850        -       0x00000014   Zero   RW          662    .bss.motor_data     app_motor.o
    0x20200864        -       0x00000004   Zero   RW          468    .bss.msHcCount      bsp_ultrasonic.o
    0x20200868        -       0x00000001   Zero   RW          748    .bss.newLineReceived  app_bluetooth.o
    0x20200869   0x00003bf0   0x00000003   PAD
    0x2020086c        -       0x00000050   Zero   RW          706    .bss.pid_motor      bsp_pid_motor.o
    0x202008bc        -       0x00000004   Zero   RW          719    .bss.pid_output_IRR  app_ir_track.o
    0x202008c0        -       0x00000080   Zero   RW          133    .bss.recv0_buff     usart0.o
    0x20200940        -       0x00000001   Zero   RW          135    .bss.recv0_flag     usart0.o
    0x20200941   0x00003bf0   0x00000001   PAD
    0x20200942        -       0x00000002   Zero   RW          134    .bss.recv0_length   usart0.o
    0x20200944        -       0x000000c8   Zero   RW          509    .bss.recv2_buff     bsp_usart2.o
    0x20200a0c        -       0x00000001   Zero   RW          511    .bss.recv2_flag     bsp_usart2.o
    0x20200a0d   0x00003bf0   0x00000001   PAD
    0x20200a0e        -       0x00000002   Zero   RW          510    .bss.recv2_length   bsp_usart2.o
    0x20200a10        -       0x00000001   Zero   RW          537    .bss.recv3_flag     bsp_usart3.o
    0x20200a11   0x00003bf0   0x00000003   PAD
    0x20200a14        -       0x00000004   Zero   RW          664    .bss.speed_L1_setup  app_motor.o
    0x20200a18        -       0x00000004   Zero   RW          665    .bss.speed_R1_setup  app_motor.o
    0x20200a1c        -       0x00000001   Zero   RW          745    .bss.startBit       app_bluetooth.o
    0x20200a1d   0x00003bf0   0x00000003   PAD
    0x20200a20        -       0x00000000   Zero   RW            2    HEAP                startup_mspm0g350x_uvision.o
    0x20200a20        -       0x00000800   Zero   RW            1    STACK               startup_mspm0g350x_uvision.o



  Load Region LR_BCR (Base: 0x41c00000, Size: 0x00000000, Max: 0x00000100, ABSOLUTE)

    Execution Region BCR_CONFIG (Exec base: 0x41c00000, Load base: 0x41c00000, Size: 0x00000000, Max: 0x00000080, ABSOLUTE)

    **** No section assigned to this execution region ****



  Load Region LR_BSL (Base: 0x41c00100, Size: 0x00000000, Max: 0x00000100, ABSOLUTE)

    Execution Region BSL_CONFIG (Exec base: 0x41c00100, Load base: 0x41c00100, Size: 0x00000000, Max: 0x00000080, ABSOLUTE)

    **** No section assigned to this execution region ****


==============================================================================

Image component sizes


      Code (inc. data)   RO Data    RW Data    ZI Data      Debug   Object Name

       400         58          4          4        172       3082   app_bluetooth.o
       320         32          0          0          9       4456   app_ir_track.o
       804        112          0          0         62       8468   app_motor.o
        64          8         12          0          0        879   app_rgb.o
        80          4         18          0          0       2365   bsp.o
        16          4          0          0          0       3801   bsp_beep_led.o
        64         16          0          0          0       5766   bsp_bluetooth.o
       376         40          0          0         48       7774   bsp_encoder.o
        64         20          0          0          1      10071   bsp_infrared_light.o
       294         16         14          0          4       7560   bsp_ir_receiver.o
       280         24          0          0          0       7657   bsp_motor.o
       364         36          0         28         80       4924   bsp_pid_motor.o
       292         16          0          8          6       5814   bsp_rgb.o
       104         24          0          0          4       5938   bsp_servo.o
        88         16          0          0          1       7644   bsp_timer.o
        44          8          0          0          4      10209   bsp_ultrasonic.o
       116         32          0          0        205       5900   bsp_usart2.o
       206         28          0          0        413       7124   bsp_usart3.o
       120          8          0          0          7       1569   bsp_usart_voice.o
        96          8          0          0          0       2848   delay.o
        10          0          0          0          0        934   main.o
      1904         28        558          0        576      28548   oled.o
        44         18        192          0       2048        664   startup_mspm0g350x_uvision.o
      1928        376        176          0        624      45784   ti_msp_dl_config.o
       114         24          0          0        215       5026   usart0.o

    ----------------------------------------------------------------------
      8196        956       1012         40       4504     194805   Object Totals
         0          0         32          0          0          0   (incl. Generated)
         4          0          6          0         25          0   (incl. Padding)

    ----------------------------------------------------------------------

      Code (inc. data)   RO Data    RW Data    ZI Data      Debug   Library Member Name

         8          0          0          0          0         68   __main.o
       108          0          0          0          0         76   __printf.o
         0          0          0          0          0          0   __rtentry.o
        12          0          0          0          0          0   __rtentry2.o
         6          0          0          0          0          0   __rtentry4.o
        60          8          0          0          0          0   __scatter.o
        26          0          0          0          0          0   __scatter_copy.o
        28          0          0          0          0          0   __scatter_zi.o
        48          6          0          0          0         88   _printf_char_common.o
        40          6          0          0          0         72   _printf_char_file.o
        10          0          0          0          0          0   _printf_d.o
       108         18          0          0          0         76   _printf_dec.o
        88          4         40          0          0         72   _printf_hex_int.o
       176          0          0          0          0         84   _printf_intcommon.o
         2          0          0          0          0          0   _printf_percent.o
         4          0          0          0          0          0   _printf_percent_end.o
        10          0          0          0          0          0   _printf_x.o
       504          4          0          0          0         92   aeabi_sdivfast.o
        16          0          0          0          0         68   exit.o
         8          0          0          0          0         60   ferror.o
         6          0          0          0          0        136   heapauxi.o
         2          0          0          0          0          0   libinit.o
         2          0          0          0          0          0   libinit2.o
         2          0          0          0          0          0   libshutdown.o
         2          0          0          0          0          0   libshutdown2.o
         8          4          0          0         96         68   libspace.o
        28          6          0          0          0         84   noretval__2printf.o
        44          6          0          0          0         68   puts.o
        64          0          0          0          0        108   rt_memclr.o
        56          0          0          0          0         68   rt_memcpy.o
         2          0          0          0          0          0   rtexit.o
        10          0          0          0          0          0   rtexit2.o
        40          0          0          0          0         60   rtudiv10.o
        62          0          0          0          0         80   sys_stackheap_outer.o
        64          8          0          0          0       4702   dl_adc12.o
        10          0          0          0          0        803   dl_common.o
        86          8          0          0          0      13463   dl_spi.o
       316         28          0          0          0      18491   dl_sysctl_mspm0g1x0x_g3x0x.o
       600        192          0          0          0      39888   dl_timer.o
        90          8          0          0          0      14128   dl_uart.o
        46          0          0          0          0         60   cmpret.o
       124          4          0          0          0         72   d2f.o
       856         20          0          0          0        208   daddsub.o
        88          0          0          0          0         92   dflti.o
       584         26          0          0          0         84   dmul.o
        84          4          0          0          0         60   f2d.o
       348          8          0          0          0        160   faddsub.o
        44          0          0          0          0        136   fcmp.o
       100          4          0          0          0         68   fcmpin.o
       352         10         64          0          0         92   fdiv.o
        76          0          0          0          0         68   ffixi.o
        48          0          0          0          0         60   ffixui.o
        94          0          0          0          0         92   fflti.o
        84          4          0          0          0         76   fgef.o
       176          4          0          0          0         80   fmul.o
        16          6          0          0          0         68   fnan2.o
        94          0          0          0          0         68   retnan.o
         0          0          0          0          0          0   usenofp.o

    ----------------------------------------------------------------------
      5992        400        104          0         96      94447   Library Totals
        22          4          0          0          0          0   (incl. Padding)

    ----------------------------------------------------------------------

      Code (inc. data)   RO Data    RW Data    ZI Data      Debug   Library Name

      1590         62         40          0         96       1428   c_p.l
      1166        244          0          0          0      91475   driverlib.a
      3214         90         64          0          0       1544   fz_ps.l

    ----------------------------------------------------------------------
      5992        400        104          0         96      94447   Library Totals

    ----------------------------------------------------------------------

==============================================================================


      Code (inc. data)   RO Data    RW Data    ZI Data      Debug   

     14188       1356       1116         40       4600     287220   Grand Totals
     14188       1356       1116         40       4600     287220   ELF Image Totals
     14188       1356       1116         40          0          0   ROM Totals

==============================================================================

    Total RO  Size (Code + RO Data)                15304 (  14.95kB)
    Total RW  Size (RW Data + ZI Data)              4640 (   4.53kB)
    Total ROM Size (Code + RO Data + RW Data)      15344 (  14.98kB)

==============================================================================

