******************************************************************************
            TI ARM Clang Linker PC v4.0.2                      
******************************************************************************
>> Linked Fri Nov  7 15:32:15 2025

OUTPUT FILE NAME:   <Grayscale_Read.out>
ENTRY POINT SYMBOL: "_c_int00_noargs"  address: 0000097d


MEMORY CONFIGURATION

         name            origin    length      used     unused   attr    fill
----------------------  --------  ---------  --------  --------  ----  --------
  FLASH                 00000000   00020000  00000e10  0001f1f0  R  X
  SRAM                  20200000   00008000  000003af  00007c51  RW X
  BCR_CONFIG            41c00000   00000080  00000000  00000080  R   
  BSL_CONFIG            41c00100   00000080  00000000  00000080  R   


SEGMENT ALLOCATION MAP

run origin  load origin   length   init length attrs members
----------  ----------- ---------- ----------- ----- -------
00000000    00000000    00000e10   00000e10    r-x
  00000000    00000000    000000c0   000000c0    r-- .intvecs
  000000c0    000000c0    00000c98   00000c98    r-x .text
  00000d58    00000d58    00000048   00000048    r-- .rodata
  00000da0    00000da0    00000070   00000070    r-- .cinit
20200000    20200000    000001b0   00000000    rw-
  20200000    20200000    0000019b   00000000    rw- .data
  2020019c    2020019c    00000014   00000000    rw- .bss
20207e00    20207e00    00000200   00000000    rw-
  20207e00    20207e00    00000200   00000000    rw- .stack


SECTION ALLOCATION MAP

 output                                  attributes/
section   page    origin      length       input sections
--------  ----  ----------  ----------   ----------------
.intvecs   0    00000000    000000c0     
                  00000000    000000c0     startup_mspm0g350x_ticlang.o (.intvecs)

.text      0    000000c0    00000c98     
                  000000c0    00000284     libc.a : _printfi.c.obj (.text:__TI_printfi_minimal)
                  00000344    00000088     grayscale_sensor.o (.text._select_channel)
                  000003cc    0000007c     libc.a : copy_decompress_lzss.c.obj (.text:decompress:lzss)
                  00000448    00000074     delay.o (.text.delay_us)
                  000004bc    00000070     empty.o (.text.main)
                  0000052c    00000060     usart.o (.text.UART0_IRQHandler)
                  0000058c    0000005c     libc.a : printf.c.obj (.text.printf)
                  000005e8    00000058     ti_msp_dl_config.o (.text.SYSCFG_DL_GPIO_init)
                  00000640    00000050     usart.o (.text.fputs)
                  00000690    0000004c     ti_msp_dl_config.o (.text.DL_UART_setBaudRateDivisor)
                  000006dc    00000048     driverlib.a : dl_uart.o (.text.DL_UART_init)
                  00000724    00000048     ti_msp_dl_config.o (.text.SYSCFG_DL_UART_0_init)
                  0000076c    00000046     grayscale_sensor.o (.text.Grayscale_Sensor_Read_All)
                  000007b2    00000002     libclang_rt.builtins.a : aeabi_div0.c.obj (.text.__aeabi_idiv0)
                  000007b4    00000044     ti_msp_dl_config.o (.text.SYSCFG_DL_initPower)
                  000007f8    00000040     libclang_rt.builtins.a : aeabi_uidivmod.S.obj (.text.__aeabi_uidivmod)
                  00000838    0000003c     libc.a : autoinit.c.obj (.text:__TI_auto_init_nobinit_nopinit)
                  00000874    00000034     ti_msp_dl_config.o (.text.DL_GPIO_initDigitalInputFeatures)
                  000008a8    0000002c     usart.o (.text.__NVIC_ClearPendingIRQ)
                  000008d4    0000002c     usart.o (.text.__NVIC_EnableIRQ)
                  00000900    0000002c     usart.o (.text.fputc)
                  0000092c    00000028     ti_msp_dl_config.o (.text.DL_Common_updateReg)
                  00000954    00000028     ti_msp_dl_config.o (.text.DL_SYSTICK_init)
                  0000097c    00000028     libc.a : boot_cortex_m.c.obj (.text:_c_int00_noargs)
                  000009a4    00000022     ti_msp_dl_config.o (.text.SYSCFG_DL_SYSCTL_init)
                  000009c6    00000022     libc.a : memccpy.c.obj (.text.memccpy)
                  000009e8    00000020     ti_msp_dl_config.o (.text.DL_GPIO_initPeripheralInputFunction)
                  00000a08    0000001e     ti_msp_dl_config.o (.text.DL_UART_setOversampling)
                  00000a26    00000002     libc.a : _lock.c.obj (.text._nop)
                  00000a28    0000001c     ti_msp_dl_config.o (.text.DL_GPIO_initPeripheralOutputFunction)
                  00000a44    0000001c     ti_msp_dl_config.o (.text.DL_SYSCTL_setSYSOSCFreq)
                  00000a60    0000001c     ti_msp_dl_config.o (.text.DL_UART_enableInterrupt)
                  00000a7c    00000018     ti_msp_dl_config.o (.text.DL_GPIO_enableOutput)
                  00000a94    00000018     ti_msp_dl_config.o (.text.DL_GPIO_enablePower)
                  00000aac    00000018     ti_msp_dl_config.o (.text.DL_GPIO_initDigitalOutput)
                  00000ac4    00000018     ti_msp_dl_config.o (.text.DL_GPIO_reset)
                  00000adc    00000018     grayscale_sensor.o (.text.DL_GPIO_setPins)
                  00000af4    00000018     ti_msp_dl_config.o (.text.DL_SYSCTL_setBORThreshold)
                  00000b0c    00000018     ti_msp_dl_config.o (.text.DL_UART_enablePower)
                  00000b24    00000018     usart.o (.text.DL_UART_isBusy)
                  00000b3c    00000018     ti_msp_dl_config.o (.text.DL_UART_reset)
                  00000b54    00000018     grayscale_sensor.o (.text.Read_OUT_value)
                  00000b6c    00000018     ti_msp_dl_config.o (.text.SYSCFG_DL_init)
                  00000b84    00000016     grayscale_sensor.o (.text.DL_GPIO_readPins)
                  00000b9a    00000016     ti_msp_dl_config.o (.text.DL_UART_enable)
                  00000bb0    00000016     usart.o (.text.DL_UART_transmitData)
                  00000bc6    00000016     usart.o (.text.USART_Init)
                  00000bdc    00000016     delay.o (.text.delay_ms)
                  00000bf2    00000016     libc.a : copy_zero_init.c.obj (.text:decompress:ZI:__TI_zero_init_nomemset)
                  00000c08    00000014     grayscale_sensor.o (.text.DL_GPIO_clearPins)
                  00000c1c    00000014     ti_msp_dl_config.o (.text.DL_GPIO_clearPins)
                  00000c30    00000014     ti_msp_dl_config.o (.text.DL_SYSCTL_disableSYSPLL)
                  00000c44    00000014     ti_msp_dl_config.o (.text.DL_SYSCTL_enableMFCLK)
                  00000c58    00000014     usart.o (.text.DL_UART_receiveData)
                  00000c6c    00000012     usart.o (.text.DL_UART_getPendingInterrupt)
                  00000c7e    00000012     driverlib.a : dl_uart.o (.text.DL_UART_setClockConfig)
                  00000c90    00000012     libc.a : memcpy16.S.obj (.text:TI_memcpy_small)
                  00000ca2    00000012            : copy_decompress_none.c.obj (.text:decompress:none)
                  00000cb4    00000010     ti_msp_dl_config.o (.text.DL_SYSCTL_disableHFXT)
                  00000cc4    00000010     ti_msp_dl_config.o (.text.DL_SYSTICK_enable)
                  00000cd4    00000010     grayscale_sensor.o (.text._delay_us)
                  00000ce4    0000000e     ti_msp_dl_config.o (.text.SYSCFG_DL_SYSTICK_init)
                  00000cf2    00000002     --HOLE-- [fill = 0]
                  00000cf4    0000000e     libclang_rt.builtins.a : aeabi_memset.S.obj (.text.__aeabi_memset)
                  00000d02    0000000e     libc.a : _printfi.c.obj (.text.strlen)
                  00000d10    0000000e            : memset16.S.obj (.text:TI_memset_small)
                  00000d1e    0000000a     driverlib.a : dl_common.o (.text.DL_Common_delayCycles)
                  00000d28    00000008     libclang_rt.builtins.a : aeabi_memcpy.S.obj (.text.__aeabi_memcpy)
                  00000d30    00000008     libc.a : printf.c.obj (.text._outc)
                  00000d38    00000008            : printf.c.obj (.text._outs)
                  00000d40    00000006            : exit.c.obj (.text:abort)
                  00000d46    00000004     startup_mspm0g350x_ticlang.o (.text.Default_Handler)
                  00000d4a    00000004     libsysbm.a : hostexit.c.obj (.text.HOSTexit)
                  00000d4e    00000004     startup_mspm0g350x_ticlang.o (.text.Reset_Handler)
                  00000d52    00000004     libc.a : pre_init.c.obj (.text._system_pre_init)
                  00000d56    00000002     --HOLE-- [fill = 0]

.cinit     0    00000da0    00000070     
                  00000da0    00000048     (.cinit..data.load) [load image, compression = lzss]
                  00000de8    0000000c     (__TI_handler_table)
                  00000df4    00000008     (.cinit..bss.load) [load image, compression = zero_init]
                  00000dfc    00000010     (__TI_cinit_table)
                  00000e0c    00000004     --HOLE-- [fill = 0]

.rodata    0    00000d58    00000048     
                  00000d58    00000011     libc.a : _printfi.c.obj (.rodata.str1.15363888844622738466.1)
                  00000d69    00000001     --HOLE-- [fill = 0]
                  00000d6a    0000000a     ti_msp_dl_config.o (.rodata.gUART_0Config)
                  00000d74    0000000a     empty.o (.rodata.str1.15706828512682300538.1)
                  00000d7e    00000003     empty.o (.rodata.str1.11898133897667081452.1)
                  00000d81    00000003     empty.o (.rodata.str1.14685083708502177989.1)
                  00000d84    00000003     empty.o (.rodata.str1.150872071346279890.1)
                  00000d87    00000003     empty.o (.rodata.str1.16704889451495720520.1)
                  00000d8a    00000003     empty.o (.rodata.str1.17669528882079347314.1)
                  00000d8d    00000003     empty.o (.rodata.str1.254342170260855183.1)
                  00000d90    00000003     empty.o (.rodata.str1.7401042497206923953.1)
                  00000d93    00000003     empty.o (.rodata.str1.9517790425240694019.1)
                  00000d96    00000002     ti_msp_dl_config.o (.rodata.gUART_0ClockConfig)
                  00000d98    00000002     empty.o (.rodata.str1.2196762768037919588.1)
                  00000d9a    00000006     --HOLE-- [fill = 0]

.init_array 
*          0    00000000    00000000     UNINITIALIZED

.binit     0    00000000    00000000     

.data      0    20200000    0000019b     UNINITIALIZED
                  20200000    000000f0     libc.a : defs.c.obj (.data._ftable)
                  202000f0    00000080     usart.o (.data.recv0_buff)
                  20200170    00000020     empty.o (.data.sensor_labels)
                  20200190    00000004     libc.a : _lock.c.obj (.data._lock)
                  20200194    00000004            : _lock.c.obj (.data._unlock)
                  20200198    00000002     usart.o (.data.recv0_length)
                  2020019a    00000001     usart.o (.data.recv0_flag)

.bss       0    2020019c    00000014     UNINITIALIZED
                  2020019c    00000010     (.common:g_sensor_data)
                  202001ac    00000004     (.common:i)

.stack     0    20207e00    00000200     UNINITIALIZED
                  20207e00    00000004     libc.a : boot_cortex_m.c.obj (.stack)
                  20207e04    000001fc     --HOLE--

__llvm_prf_cnts 
*          0    20200000    00000000     UNINITIALIZED

__llvm_prf_bits 
*          0    20200000    00000000     UNINITIALIZED

MODULE SUMMARY

       Module                         code   ro data   rw data
       ------                         ----   -------   -------
    .\
       empty.o                        112    36        52     
       startup_mspm0g350x_ticlang.o   8      192       0      
    +--+------------------------------+------+---------+---------+
       Total:                         120    228       52     
                                                              
    .\BSP\
       usart.o                        414    0         131    
       grayscale_sensor.o             312    0         0      
       delay.o                        138    0         0      
    +--+------------------------------+------+---------+---------+
       Total:                         864    0         131    
                                                              
    .\syscfg\
       ti_msp_dl_config.o             936    12        0      
    +--+------------------------------+------+---------+---------+
       Total:                         936    12        0      
                                                              
    E:/SoftWare/ti/mspm0_sdk_2_02_00_05/source/ti/driverlib/lib/ticlang/m0p/mspm0g1x0x_g3x0x/driverlib.a
       dl_uart.o                      90     0         0      
       dl_common.o                    10     0         0      
    +--+------------------------------+------+---------+---------+
       Total:                         100    0         0      
                                                              
    E:\SoftWare\ti\CCS\ccs\tools\compiler\ti-cgt-armllvm_4.0.2.LTS\lib\armv6m-ti-none-eabi/c/libc.a
       _printfi.c.obj                 658    17        0      
       defs.c.obj                     0      0         240    
       copy_decompress_lzss.c.obj     124    0         0      
       printf.c.obj                   108    0         0      
       autoinit.c.obj                 60     0         0      
       boot_cortex_m.c.obj            40     0         0      
       memccpy.c.obj                  34     0         0      
       copy_zero_init.c.obj           22     0         0      
       copy_decompress_none.c.obj     18     0         0      
       memcpy16.S.obj                 18     0         0      
       memset16.S.obj                 14     0         0      
       _lock.c.obj                    2      0         8      
       exit.c.obj                     6      0         0      
       pre_init.c.obj                 4      0         0      
    +--+------------------------------+------+---------+---------+
       Total:                         1108   17        248    
                                                              
    E:\SoftWare\ti\CCS\ccs\tools\compiler\ti-cgt-armllvm_4.0.2.LTS\lib\armv6m-ti-none-eabi/c/libsysbm.a
       hostexit.c.obj                 4      0         0      
    +--+------------------------------+------+---------+---------+
       Total:                         4      0         0      
                                                              
    E:\SoftWare\ti\CCS\ccs\tools\compiler\ti-cgt-armllvm_4.0.2.LTS\lib\armv6m-ti-none-eabi/libclang_rt.builtins.a
       aeabi_uidivmod.S.obj           64     0         0      
       aeabi_memset.S.obj             14     0         0      
       aeabi_memcpy.S.obj             8      0         0      
       aeabi_div0.c.obj               2      0         0      
    +--+------------------------------+------+---------+---------+
       Total:                         88     0         0      
                                                              
       Stack:                         0      0         512    
       Linker Generated:              0      108       0      
    +--+------------------------------+------+---------+---------+
       Grand Total:                   3220   365       943    


LINKER GENERATED COPY TABLES

__TI_cinit_table @ 00000dfc records: 2, size/record: 8, table size: 16
	.data: load addr=00000da0, load size=00000048 bytes, run addr=20200000, run size=0000019b bytes, compression=lzss
	.bss: load addr=00000df4, load size=00000008 bytes, run addr=2020019c, run size=00000014 bytes, compression=zero_init


LINKER GENERATED HANDLER TABLE

__TI_handler_table @ 00000de8 records: 3, size/record: 4, table size: 12
	index: 0, handler: __TI_decompress_lzss
	index: 1, handler: __TI_decompress_none
	index: 2, handler: __TI_zero_init


GLOBAL SYMBOLS: SORTED ALPHABETICALLY BY Name 

address   name                          
-------   ----                          
00000d47  ADC0_IRQHandler               
00000d47  ADC1_IRQHandler               
00000d47  AES_IRQHandler                
00000d4a  C$$EXIT                       
00000d47  CANFD0_IRQHandler             
00000d47  DAC0_IRQHandler               
00000d1f  DL_Common_delayCycles         
000006dd  DL_UART_init                  
00000c7f  DL_UART_setClockConfig        
00000d47  DMA_IRQHandler                
00000d47  Default_Handler               
00000d47  GROUP0_IRQHandler             
00000d47  GROUP1_IRQHandler             
0000076d  Grayscale_Sensor_Read_All     
00000d4b  HOSTexit                      
00000d47  HardFault_Handler             
00000d47  I2C0_IRQHandler               
00000d47  I2C1_IRQHandler               
00000d47  NMI_Handler                   
00000d47  PendSV_Handler                
00000d47  RTC_IRQHandler                
00000d4f  Reset_Handler                 
00000d47  SPI0_IRQHandler               
00000d47  SPI1_IRQHandler               
00000d47  SVC_Handler                   
000005e9  SYSCFG_DL_GPIO_init           
000009a5  SYSCFG_DL_SYSCTL_init         
00000ce5  SYSCFG_DL_SYSTICK_init        
00000725  SYSCFG_DL_UART_0_init         
00000b6d  SYSCFG_DL_init                
000007b5  SYSCFG_DL_initPower           
00000d47  SysTick_Handler               
00000d47  TIMA0_IRQHandler              
00000d47  TIMA1_IRQHandler              
00000d47  TIMG0_IRQHandler              
00000d47  TIMG12_IRQHandler             
00000d47  TIMG6_IRQHandler              
00000d47  TIMG7_IRQHandler              
00000d47  TIMG8_IRQHandler              
00000c91  TI_memcpy_small               
00000d11  TI_memset_small               
0000052d  UART0_IRQHandler              
00000d47  UART1_IRQHandler              
00000d47  UART2_IRQHandler              
00000d47  UART3_IRQHandler              
00000bc7  USART_Init                    
20208000  __STACK_END                   
00000200  __STACK_SIZE                  
00000000  __TI_ATRegion0_region_sz      
00000000  __TI_ATRegion0_src_addr       
00000000  __TI_ATRegion0_trg_addr       
00000000  __TI_ATRegion1_region_sz      
00000000  __TI_ATRegion1_src_addr       
00000000  __TI_ATRegion1_trg_addr       
00000000  __TI_ATRegion2_region_sz      
00000000  __TI_ATRegion2_src_addr       
00000000  __TI_ATRegion2_trg_addr       
00000dfc  __TI_CINIT_Base               
00000e0c  __TI_CINIT_Limit              
00000e0c  __TI_CINIT_Warm               
00000de8  __TI_Handler_Table_Base       
00000df4  __TI_Handler_Table_Limit      
00000839  __TI_auto_init_nobinit_nopinit
000003cd  __TI_decompress_lzss          
00000ca3  __TI_decompress_none          
ffffffff  __TI_pprof_out_hndl           
000000c1  __TI_printfi_minimal          
ffffffff  __TI_prof_data_size           
ffffffff  __TI_prof_data_start          
00000000  __TI_static_base__            
00000bf3  __TI_zero_init_nomemset       
000007b3  __aeabi_idiv0                 
00000d29  __aeabi_memcpy                
00000d29  __aeabi_memcpy4               
00000d29  __aeabi_memcpy8               
00000cf5  __aeabi_memset                
00000cf5  __aeabi_memset4               
00000cf5  __aeabi_memset8               
000007f9  __aeabi_uidiv                 
000007f9  __aeabi_uidivmod              
ffffffff  __binit__                     
UNDEFED   __mpu_init                    
20207e00  __stack                       
20200000  __start___llvm_prf_bits       
20200000  __start___llvm_prf_cnts       
20200000  __stop___llvm_prf_bits        
20200000  __stop___llvm_prf_cnts        
0000097d  _c_int00_noargs               
20200000  _ftable                       
20200190  _lock                         
00000a27  _nop                          
UNDEFED   _system_post_cinit            
00000d53  _system_pre_init              
20200194  _unlock                       
00000d41  abort                         
ffffffff  binit                         
00000bdd  delay_ms                      
00000449  delay_us                      
00000901  fputc                         
00000641  fputs                         
2020019c  g_sensor_data                 
202001ac  i                             
00000000  interruptVectors              
000004bd  main                          
000009c7  memccpy                       
0000058d  printf                        
202000f0  recv0_buff                    
2020019a  recv0_flag                    
20200198  recv0_length                  
20200170  sensor_labels                 


GLOBAL SYMBOLS: SORTED BY Symbol Address 

address   name                          
-------   ----                          
00000000  __TI_ATRegion0_region_sz      
00000000  __TI_ATRegion0_src_addr       
00000000  __TI_ATRegion0_trg_addr       
00000000  __TI_ATRegion1_region_sz      
00000000  __TI_ATRegion1_src_addr       
00000000  __TI_ATRegion1_trg_addr       
00000000  __TI_ATRegion2_region_sz      
00000000  __TI_ATRegion2_src_addr       
00000000  __TI_ATRegion2_trg_addr       
00000000  __TI_static_base__            
00000000  interruptVectors              
000000c1  __TI_printfi_minimal          
00000200  __STACK_SIZE                  
000003cd  __TI_decompress_lzss          
00000449  delay_us                      
000004bd  main                          
0000052d  UART0_IRQHandler              
0000058d  printf                        
000005e9  SYSCFG_DL_GPIO_init           
00000641  fputs                         
000006dd  DL_UART_init                  
00000725  SYSCFG_DL_UART_0_init         
0000076d  Grayscale_Sensor_Read_All     
000007b3  __aeabi_idiv0                 
000007b5  SYSCFG_DL_initPower           
000007f9  __aeabi_uidiv                 
000007f9  __aeabi_uidivmod              
00000839  __TI_auto_init_nobinit_nopinit
00000901  fputc                         
0000097d  _c_int00_noargs               
000009a5  SYSCFG_DL_SYSCTL_init         
000009c7  memccpy                       
00000a27  _nop                          
00000b6d  SYSCFG_DL_init                
00000bc7  USART_Init                    
00000bdd  delay_ms                      
00000bf3  __TI_zero_init_nomemset       
00000c7f  DL_UART_setClockConfig        
00000c91  TI_memcpy_small               
00000ca3  __TI_decompress_none          
00000ce5  SYSCFG_DL_SYSTICK_init        
00000cf5  __aeabi_memset                
00000cf5  __aeabi_memset4               
00000cf5  __aeabi_memset8               
00000d11  TI_memset_small               
00000d1f  DL_Common_delayCycles         
00000d29  __aeabi_memcpy                
00000d29  __aeabi_memcpy4               
00000d29  __aeabi_memcpy8               
00000d41  abort                         
00000d47  ADC0_IRQHandler               
00000d47  ADC1_IRQHandler               
00000d47  AES_IRQHandler                
00000d47  CANFD0_IRQHandler             
00000d47  DAC0_IRQHandler               
00000d47  DMA_IRQHandler                
00000d47  Default_Handler               
00000d47  GROUP0_IRQHandler             
00000d47  GROUP1_IRQHandler             
00000d47  HardFault_Handler             
00000d47  I2C0_IRQHandler               
00000d47  I2C1_IRQHandler               
00000d47  NMI_Handler                   
00000d47  PendSV_Handler                
00000d47  RTC_IRQHandler                
00000d47  SPI0_IRQHandler               
00000d47  SPI1_IRQHandler               
00000d47  SVC_Handler                   
00000d47  SysTick_Handler               
00000d47  TIMA0_IRQHandler              
00000d47  TIMA1_IRQHandler              
00000d47  TIMG0_IRQHandler              
00000d47  TIMG12_IRQHandler             
00000d47  TIMG6_IRQHandler              
00000d47  TIMG7_IRQHandler              
00000d47  TIMG8_IRQHandler              
00000d47  UART1_IRQHandler              
00000d47  UART2_IRQHandler              
00000d47  UART3_IRQHandler              
00000d4a  C$$EXIT                       
00000d4b  HOSTexit                      
00000d4f  Reset_Handler                 
00000d53  _system_pre_init              
00000de8  __TI_Handler_Table_Base       
00000df4  __TI_Handler_Table_Limit      
00000dfc  __TI_CINIT_Base               
00000e0c  __TI_CINIT_Limit              
00000e0c  __TI_CINIT_Warm               
20200000  __start___llvm_prf_bits       
20200000  __start___llvm_prf_cnts       
20200000  __stop___llvm_prf_bits        
20200000  __stop___llvm_prf_cnts        
20200000  _ftable                       
202000f0  recv0_buff                    
20200170  sensor_labels                 
20200190  _lock                         
20200194  _unlock                       
20200198  recv0_length                  
2020019a  recv0_flag                    
2020019c  g_sensor_data                 
202001ac  i                             
20207e00  __stack                       
20208000  __STACK_END                   
ffffffff  __TI_pprof_out_hndl           
ffffffff  __TI_prof_data_size           
ffffffff  __TI_prof_data_start          
ffffffff  __binit__                     
ffffffff  binit                         
UNDEFED   __mpu_init                    
UNDEFED   _system_post_cinit            

[110 symbols]
